[2026-10-07 21:01:05,936] GRPOTrainer initialized with group_size=4, beta=0.1, gen_kwargs={'max_new_tokens': 4, 'temperature': 1.0, 'top_p': 1.0, 'top_k': 0, 'do_sample': True}, use_chat_template=False, system_prompt=none
[2026-10-07 21:01:05,936] Acquiring training resources...
[2026-10-07 21:01:05,936] Initialize torch distributed ... 
/tmp/ironcore-validation-env/lib/python3.12/site-packages/torchdata/stateful_dataloader/stateful_dataloader.py:379: UserWarning: 'set_vital' is deprecated, please do not call
  torch.set_vital("Dataloader", "enabled", "True")  # type: ignore[attr-defined]
/tmp/ironcore-validation-env/lib/python3.12/site-packages/torchdata/stateful_dataloader/stateful_dataloader.py:379: UserWarning: 'set_vital' is deprecated, please do not call
  torch.set_vital("Dataloader", "enabled", "True")  # type: ignore[attr-defined]
[2026-10-07 21:01:06,223] Loading evaluation tasks
[2026-10-07 21:01:06,224] Set random seed to 42 for model initialization
[2026-10-07 21:01:06,231] Created Language Model
[2026-10-07 21:01:06,232] Trainable parameters: 22,688 / 22,688 (100.00%)
[2026-10-07 21:01:06,232] Created Optimizer
[2026-10-07 21:01:06,268] Resources acquired successfully.
[2026-10-07 21:01:06,298] Training start from scratch
[2026-10-07 21:01:06,298] Creating reference model for GRPO...
[2026-10-07 21:01:06,298] Creating reference model from policy weights...
[2026-10-07 21:01:06,301] Reference model created on GPU (device=cuda:0)
[2026-10-07 21:01:06,301] [VRAM] After ref model creation: allocated=0.00 GB, reserved=0.00 GB
[2026-10-07 21:01:06,301] Initializing reward worker via RewardManager...
[2026-10-07 21:01:06,301] Training start from step: 0
[2026-10-07 21:01:09,986] [VRAM] After rollout: peak=0.03 GB
[2026-10-07 21:01:10,035] [VRAM] After ref log probs: peak=0.03 GB
[2026-10-07 21:01:10,178] [VRAM] After optimizer step: peak=0.06 GB
[2026-10-07 21:01:10,178] step: 1, loss: -0.0533, lr: 0.000232, grad_norm: 3.7941, step_time: 3.876s (avg: 3.877s), tok/s: 33.0 (avg: 33.0), TFLOPS/s/GPU: 0.00 (avg: 0.00)
[2026-10-07 21:01:10,183] [VRAM] After rollout: peak=0.06 GB
[2026-10-07 21:01:10,191] [VRAM] After ref log probs: peak=0.06 GB
[2026-10-07 21:01:10,223] [VRAM] After optimizer step: peak=0.06 GB
[2026-10-07 21:01:10,224] step: 1, grpo_loss: -0.0098, policy_loss: -0.0119, kl_loss: 0.0021, mean_reward: 0.7500, mean_ratio: 1.0056, clip_frac: 0.000
[2026-10-07 21:01:10,224] step: 2, loss: -0.0098, lr: 0.000100, grad_norm: 3.5414, step_time: 0.045s (avg: 1.961s), tok/s: 2858.5 (avg: 65.3), TFLOPS/s/GPU: 0.00 (avg: 0.00)
[2026-10-07 21:01:13,707] Skipping HF config: hf_model_type/hf_architecture not set
[2026-10-07 21:01:13,707] Saving checkpoint to /tmp/ironcore-remediation-final-validation-v2/stateful-workers2/grpo/dp2/checkpoint/step_2
[2026-10-07 21:01:13,725] Checkpoint saved successfully. Checkpoint saved in 0.015s
[2026-10-07 21:01:13,731] [VRAM] After rollout: peak=0.06 GB
[2026-10-07 21:01:13,737] [VRAM] After ref log probs: peak=0.06 GB
[2026-10-07 21:01:13,764] [VRAM] After optimizer step: peak=0.06 GB
[2026-10-07 21:01:13,765] step: 2, grpo_loss: -0.0024, policy_loss: -0.0053, kl_loss: 0.0029, mean_reward: 0.7500, mean_ratio: 1.0023, clip_frac: 0.000
[2026-10-07 21:01:13,765] step: 3, loss: -0.0024, lr: 0.000100, grad_norm: 3.5114, step_time: 0.040s (avg: 2.488s), tok/s: 3229.5 (avg: 51.5), TFLOPS/s/GPU: 0.00 (avg: 0.00)
[2026-10-07 21:01:13,769] [VRAM] After rollout: peak=0.06 GB
[2026-10-07 21:01:13,776] [VRAM] After ref log probs: peak=0.06 GB
[2026-10-07 21:01:13,802] [VRAM] After optimizer step: peak=0.06 GB
[2026-10-07 21:01:13,802] step: 3, grpo_loss: -0.0016, policy_loss: -0.0050, kl_loss: 0.0034, mean_reward: 0.7500, mean_ratio: 1.0022, clip_frac: 0.000
[2026-10-07 21:01:13,803] step: 4, loss: -0.0016, lr: 0.000100, grad_norm: 3.4733, step_time: 0.037s (avg: 1.875s), tok/s: 3442.9 (avg: 68.3), TFLOPS/s/GPU: 0.00 (avg: 0.00)
[2026-10-07 21:01:13,821] Skipping HF config: hf_model_type/hf_architecture not set
[2026-10-07 21:01:13,821] Saving checkpoint to /tmp/ironcore-remediation-final-validation-v2/stateful-workers2/grpo/dp2/checkpoint/step_4
[2026-10-07 21:01:13,845] Checkpoint saved successfully. Checkpoint saved in 0.015s
[2026-10-07 21:01:13,845] Total training time: 0.00 hours
[2026-10-07 21:01:13,845] Finishing training
[2026-10-07 21:01:13,853] GRPO evaluation at step 4: {'eval/mean_reward': 0.75, 'eval/positive_reward_rate': 1.0}
