
*****************************************
Setting OMP_NUM_THREADS environment variable for each process to be 1 in default, to avoid your system being overloaded, please further tune the variable for optimal performance in your application as needed. 
*****************************************
[2026-10-07 21:15:27,957] Acquiring training resources...
[2026-10-07 21:15:27,957] Initialize torch distributed ... 
[2026-10-07 21:15:28,206] Loading evaluation tasks
[2026-10-07 21:15:28,207] Set random seed to 42 for model initialization
[2026-10-07 21:15:29,028] Created Language Model
[2026-10-07 21:15:29,029] Trainable parameters: 130,433,920 / 130,433,920 (100.00%)
[2026-10-07 21:15:29,029] Created Optimizer
[2026-10-07 21:15:29,096] Resources acquired successfully.
[2026-10-07 21:15:29,417] Training start from scratch
[2026-10-07 21:15:29,417] Training start from step: 0
[2026-10-07 21:15:33,593] step: 10, loss: 8.1332, lr: 0.000299, grad_norm: 3.1877, step_time: 0.407s (avg: 0.418s), tok/s: 80413.0 (avg: 78473.8), TFLOPS/s/GPU: 31.47 (avg: 30.71)
[2026-10-07 21:15:37,617] step: 20, loss: 5.9388, lr: 0.000190, grad_norm: 1.7525, step_time: 0.392s (avg: 0.410s), tok/s: 83549.6 (avg: 79925.6), TFLOPS/s/GPU: 32.70 (avg: 31.28)
[2026-10-07 21:15:41,642] step: 30, loss: 5.1879, lr: 0.000047, grad_norm: 1.0302, step_time: 0.392s (avg: 0.407s), tok/s: 83528.9 (avg: 80414.2), TFLOPS/s/GPU: 32.69 (avg: 31.47)
[2026-10-07 21:15:43,652] Skip checkpoint saving since no-save flag is set
[2026-10-07 21:15:43,652] Total training time: 0.00 hours
[2026-10-07 21:15:43,652] Finishing training
{
  "model_size_label": "130m",
  "parameters_local": 130433920,
  "parameters_full": 130433920,
  "active_parameters_per_token_estimate": 130433920,
  "moe": false,
  "moe_config": null,
  "expert_stats": {},
  "world_size": 2,
  "tp": 1,
  "ep": 1,
  "fsdp": false,
  "distributed_optimizer": false,
  "context": 2048,
  "micro_batch": 4,
  "global_batch": 16,
  "precision": "bfloat16",
  "parameter_precision": "float32",
  "attention": "sdpa",
  "compile": false,
  "activation_recompute": false,
  "loss_chunk_size": null,
  "seed": 42,
  "torch": "2.12.0+cu130",
  "recompute_linear_ce": false,
  "moe_backend": "loop",
  "profile": false,
  "profile_ranks": [
    0
  ],
  "profiler_schedule": {
    "start": 11,
    "end": 15,
    "wait": 1,
    "warmup": 1,
    "active": 2
  },
  "gpu": "NVIDIA GeForce RTX 3090",
  "steps": 35,
  "warmup_steps_excluded": 10,
  "mean_step_seconds": 0.40222878859378397,
  "median_step_seconds": 0.4019962940365076,
  "p95_step_seconds": 0.406832079985179,
  "global_tokens_per_second": 81466.07336227449,
  "peak_allocated_bytes": 11888964096,
  "peak_reserved_bytes": 12010389504,
  "initial_heldout_loss": 10.947057723999023,
  "final_heldout_loss": 5.050261974334717
}
