
*****************************************
Setting OMP_NUM_THREADS environment variable for each process to be 1 in default, to avoid your system being overloaded, please further tune the variable for optimal performance in your application as needed. 
*****************************************
[2026-10-07 21:14:49,863] Acquiring training resources...
[2026-10-07 21:14:49,864] Initialize torch distributed ... 
[2026-10-07 21:14:50,100] Loading evaluation tasks
[2026-10-07 21:14:50,101] Set random seed to 42 for model initialization
[2026-10-07 21:14:50,965] Created Language Model
[2026-10-07 21:14:50,966] Trainable parameters: 130,433,920 / 130,433,920 (100.00%)
[2026-10-07 21:14:50,967] Created Optimizer
[2026-10-07 21:14:51,010] Resources acquired successfully.
[2026-10-07 21:14:51,285] Training start from scratch
[2026-10-07 21:14:51,285] Training start from step: 0
[2026-10-07 21:14:52,809] step: 10, loss: 8.2842, lr: 0.000299, grad_norm: 13.7405, step_time: 0.142s (avg: 0.152s), tok/s: 57557.4 (avg: 53766.5), TFLOPS/s/GPU: 22.53 (avg: 21.04)
[2026-10-07 21:14:54,163] step: 20, loss: 6.2926, lr: 0.000190, grad_norm: 1.7539, step_time: 0.125s (avg: 0.144s), tok/s: 65454.5 (avg: 56948.1), TFLOPS/s/GPU: 25.62 (avg: 22.29)
[2026-10-07 21:14:55,517] step: 30, loss: 5.5507, lr: 0.000047, grad_norm: 2.3226, step_time: 0.125s (avg: 0.141s), tok/s: 65384.9 (avg: 58074.1), TFLOPS/s/GPU: 25.59 (avg: 22.73)
[2026-10-07 21:14:56,198] Skip checkpoint saving since no-save flag is set
[2026-10-07 21:14:56,198] Total training time: 0.00 hours
[2026-10-07 21:14:56,198] Finishing training
{
  "model_size_label": "130m",
  "parameters_local": 130433920,
  "parameters_full": 130433920,
  "active_parameters_per_token_estimate": 130433920,
  "moe": false,
  "moe_config": null,
  "expert_stats": {},
  "world_size": 2,
  "tp": 1,
  "ep": 1,
  "fsdp": false,
  "distributed_optimizer": false,
  "context": 1024,
  "micro_batch": 2,
  "global_batch": 8,
  "precision": "bfloat16",
  "parameter_precision": "float32",
  "attention": "sdpa",
  "compile": false,
  "activation_recompute": false,
  "loss_chunk_size": null,
  "seed": 42,
  "torch": "2.12.0+cu130",
  "recompute_linear_ce": false,
  "moe_backend": "loop",
  "profile": false,
  "profile_ranks": [
    0
  ],
  "profiler_schedule": {
    "start": 11,
    "end": 15,
    "wait": 1,
    "warmup": 1,
    "active": 2
  },
  "gpu": "NVIDIA GeForce RTX 3090",
  "steps": 35,
  "warmup_steps_excluded": 10,
  "mean_step_seconds": 0.13540326452814042,
  "median_step_seconds": 0.13534740707837045,
  "p95_step_seconds": 0.1361282030120492,
  "global_tokens_per_second": 60500.75696880619,
  "peak_allocated_bytes": 5145020416,
  "peak_reserved_bytes": 5630853120,
  "initial_heldout_loss": 10.946586608886719,
  "final_heldout_loss": 5.497847557067871
}
