
*****************************************
Setting OMP_NUM_THREADS environment variable for each process to be 1 in default, to avoid your system being overloaded, please further tune the variable for optimal performance in your application as needed. 
*****************************************
[2026-10-07 21:14:08,846] Acquiring training resources...
[2026-10-07 21:14:08,846] Initialize torch distributed ... 
[2026-10-07 21:14:09,141] Loading evaluation tasks
[2026-10-07 21:14:09,142] Set random seed to 42 for model initialization
[2026-10-07 21:14:09,505] Created Language Model
[2026-10-07 21:14:09,888] Trainable parameters: 50,448,768 / 50,448,768 (100.00%)
[2026-10-07 21:14:09,888] Created Optimizer
[2026-10-07 21:14:09,923] Dense FLOP estimate disabled for MoE; use measured tokens/s.
[2026-10-07 21:14:09,923] Resources acquired successfully.
[2026-10-07 21:14:10,344] Training start from scratch
[2026-10-07 21:14:10,345] Training start from step: 0
[2026-10-07 21:14:11,637] step: 10, loss: 9.4604, lr: 0.000299, grad_norm: 2.5124, step_time: 0.126s (avg: 0.129s), tok/s: 64837.0 (avg: 63412.8)
[2026-10-07 21:14:12,866] step: 20, loss: 7.8585, lr: 0.000190, grad_norm: 2.2346, step_time: 0.120s (avg: 0.126s), tok/s: 68270.5 (avg: 64993.1)
[2026-10-07 21:14:13,911] step: 30, loss: 7.1949, lr: 0.000047, grad_norm: 2.7987, step_time: 0.102s (avg: 0.119s), tok/s: 80697.0 (avg: 68922.8)
[2026-10-07 21:14:14,433] Skip checkpoint saving since no-save flag is set
[2026-10-07 21:14:14,433] Total training time: 0.00 hours
[2026-10-07 21:14:14,433] Finishing training
{
  "model_size_label": "50m",
  "parameters_local": 50448768,
  "parameters_full": 55167360,
  "active_parameters_per_token_estimate": 50448768,
  "moe": true,
  "moe_config": {
    "use_moe": true,
    "expert_backend": "loop",
    "num_shared_experts": 1,
    "num_routed_experts": 4,
    "num_experts_per_token": 2,
    "expert_intermediate_size": 256,
    "aux_loss_alpha": 0.01,
    "router_jitter_noise": 0.0,
    "expert_model_parallel_size": 2,
    "expert_tensor_parallel_size": 1,
    "router_dtype": "float32",
    "router_bias": false,
    "expert_capacity_factor": null,
    "drop_tokens": false
  },
  "expert_stats": {
    "model.layers.0.mlp": {
      "counts": [
        131173,
        174646,
        119853,
        147768
      ],
      "fractions": [
        0.22874755859375,
        0.3045584542410714,
        0.20900704520089286,
        0.2576869419642857
      ],
      "max_over_mean": 1.2182338169642857
    },
    "model.layers.1.mlp": {
      "counts": [
        148944,
        141704,
        140310,
        142482
      ],
      "fractions": [
        0.25973772321428573,
        0.24711216517857143,
        0.24468122209821427,
        0.24846888950892856
      ],
      "max_over_mean": 1.038950892857143
    },
    "model.layers.2.mlp": {
      "counts": [
        126816,
        165742,
        141253,
        139629
      ],
      "fractions": [
        0.22114955357142857,
        0.28903111049107144,
        0.24632568359375,
        0.24349365234375
      ],
      "max_over_mean": 1.1561244419642858
    },
    "model.layers.3.mlp": {
      "counts": [
        131196,
        105414,
        163534,
        173296
      ],
      "fractions": [
        0.2287876674107143,
        0.18382742745535716,
        0.2851806640625,
        0.30220424107142857
      ],
      "max_over_mean": 1.2088169642857143
    },
    "model.layers.4.mlp": {
      "counts": [
        112228,
        177523,
        145451,
        138238
      ],
      "fractions": [
        0.19571010044642856,
        0.3095755440848214,
        0.2536464146205357,
        0.24106794084821428
      ],
      "max_over_mean": 1.2383021763392856
    },
    "model.layers.5.mlp": {
      "counts": [
        127093,
        167329,
        142383,
        136635
      ],
      "fractions": [
        0.22163260323660713,
        0.29179861886160713,
        0.24829624720982144,
        0.23827253069196427
      ],
      "max_over_mean": 1.1671944754464285
    },
    "model.layers.6.mlp": {
      "counts": [
        159830,
        140749,
        125739,
        147122
      ],
      "fractions": [
        0.27872140066964285,
        0.24544677734375,
        0.2192714146205357,
        0.25656040736607144
      ],
      "max_over_mean": 1.1148856026785714
    },
    "model.layers.7.mlp": {
      "counts": [
        150780,
        115748,
        139529,
        167383
      ],
      "fractions": [
        0.262939453125,
        0.20184849330357144,
        0.2433192661830357,
        0.29189278738839286
      ],
      "max_over_mean": 1.1675711495535714
    }
  },
  "world_size": 2,
  "tp": 1,
  "ep": 2,
  "fsdp": false,
  "distributed_optimizer": false,
  "context": 1024,
  "micro_batch": 2,
  "global_batch": 8,
  "precision": "bfloat16",
  "parameter_precision": "float32",
  "attention": "sdpa",
  "compile": false,
  "activation_recompute": false,
  "loss_chunk_size": null,
  "seed": 42,
  "torch": "2.12.0+cu130",
  "recompute_linear_ce": false,
  "moe_backend": "loop",
  "profile": false,
  "profile_ranks": [
    0
  ],
  "profiler_schedule": {
    "start": 11,
    "end": 15,
    "wait": 1,
    "warmup": 1,
    "active": 2
  },
  "gpu": "NVIDIA GeForce RTX 3090",
  "steps": 35,
  "warmup_steps_excluded": 10,
  "mean_step_seconds": 0.1117167115304619,
  "median_step_seconds": 0.10462070594076067,
  "p95_step_seconds": 0.10719391598831862,
  "global_tokens_per_second": 73328.3309880302,
  "peak_allocated_bytes": 2884983296,
  "peak_reserved_bytes": 3355443200,
  "initial_heldout_loss": 10.877543449401855,
  "final_heldout_loss": 6.97205924987793
}
