[2026-10-07 20:59:42,184] Acquiring training resources...
[2026-10-07 20:59:42,184] Initialize torch distributed ... 
/tmp/ironcore-validation-env/lib/python3.12/site-packages/torchdata/stateful_dataloader/stateful_dataloader.py:379: UserWarning: 'set_vital' is deprecated, please do not call
  torch.set_vital("Dataloader", "enabled", "True")  # type: ignore[attr-defined]
/tmp/ironcore-validation-env/lib/python3.12/site-packages/torchdata/stateful_dataloader/stateful_dataloader.py:379: UserWarning: 'set_vital' is deprecated, please do not call
  torch.set_vital("Dataloader", "enabled", "True")  # type: ignore[attr-defined]
[2026-10-07 20:59:42,429] Loading evaluation tasks
[2026-10-07 20:59:42,430] Set random seed to 42 for model initialization
[2026-10-07 20:59:42,437] Created Language Model
[2026-10-07 20:59:42,438] Trainable parameters: 22,688 / 22,688 (100.00%)
[2026-10-07 20:59:42,438] Created Optimizer
[2026-10-07 20:59:42,474] Resources acquired successfully.
[2026-10-07 20:59:42,504] Training start from scratch
[2026-10-07 20:59:42,504] Training start from step: 0
[2026-10-07 20:59:46,311] step: 1, loss: 3.4666, lr: 0.000550, grad_norm: 2.0979, step_time: 3.807s (avg: 3.807s), tok/s: 33.6 (avg: 33.6), TFLOPS/s/GPU: 0.00 (avg: 0.00)
[2026-10-07 20:59:46,326] step: 2, loss: 3.3885, lr: 0.000232, grad_norm: 2.0343, step_time: 0.014s (avg: 1.911s), tok/s: 9014.6 (avg: 67.0), TFLOPS/s/GPU: 0.00 (avg: 0.00)
[2026-10-07 20:59:49,798] Skipping HF config: hf_model_type/hf_architecture not set
[2026-10-07 20:59:49,798] Saving checkpoint to /tmp/ironcore-remediation-final-validation-v2/stateful-workers2/pretrain/dp2_resume/checkpoint/step_2
[2026-10-07 20:59:49,817] Checkpoint saved successfully. Checkpoint saved in 0.016s
[2026-10-07 20:59:49,817] Training stopped by exit interval: 2
[2026-10-07 20:59:49,817] Total training time: 0.00 hours
[2026-10-07 20:59:49,817] Finishing training
[2026-10-07 20:59:58,877] Acquiring training resources...
[2026-10-07 20:59:58,877] Initialize torch distributed ... 
/tmp/ironcore-validation-env/lib/python3.12/site-packages/torchdata/stateful_dataloader/stateful_dataloader.py:379: UserWarning: 'set_vital' is deprecated, please do not call
  torch.set_vital("Dataloader", "enabled", "True")  # type: ignore[attr-defined]
/tmp/ironcore-validation-env/lib/python3.12/site-packages/torchdata/stateful_dataloader/stateful_dataloader.py:379: UserWarning: 'set_vital' is deprecated, please do not call
  torch.set_vital("Dataloader", "enabled", "True")  # type: ignore[attr-defined]
[2026-10-07 20:59:59,117] Loading evaluation tasks
[2026-10-07 20:59:59,117] Set random seed to 42 for model initialization
[2026-10-07 20:59:59,125] Created Language Model
[2026-10-07 20:59:59,125] Trainable parameters: 22,688 / 22,688 (100.00%)
[2026-10-07 20:59:59,125] Created Optimizer
[2026-10-07 20:59:59,162] Resources acquired successfully.
[2026-10-07 20:59:59,192] Loading checkpoint from /tmp/ironcore-remediation-final-validation-v2/stateful-workers2/pretrain/dp2_resume/checkpoint/step_2
[2026-10-07 20:59:59,200] Loading optimizer state dict.
[2026-10-07 20:59:59,201] Checkpoint loaded successfully. Resuming training at step 2. Total time: 0.01s
[2026-10-07 20:59:59,201] Successfully loaded checkpoint: /tmp/ironcore-remediation-final-validation-v2/stateful-workers2/pretrain/dp2_resume/checkpoint (resuming from step 2)
[2026-10-07 21:00:06,138] Training start from step: 2
[2026-10-07 21:00:06,465] step: 3, loss: 3.3422, lr: 0.000100, grad_norm: 1.9743, step_time: 0.327s (avg: 0.327s), tok/s: 391.8 (avg: 391.6), TFLOPS/s/GPU: 0.00 (avg: 0.00)
[2026-10-07 21:00:06,478] step: 4, loss: 3.3233, lr: 0.000100, grad_norm: 1.9466, step_time: 0.013s (avg: 0.170s), tok/s: 10130.4 (avg: 753.7), TFLOPS/s/GPU: 0.00 (avg: 0.00)
[2026-10-07 21:00:06,486] Skipping HF config: hf_model_type/hf_architecture not set
[2026-10-07 21:00:06,486] Saving checkpoint to /tmp/ironcore-remediation-final-validation-v2/stateful-workers2/pretrain/dp2_resume/checkpoint/step_4
[2026-10-07 21:00:06,501] Checkpoint saved successfully. Checkpoint saved in 0.012s
[2026-10-07 21:00:06,501] Total training time: 0.00 hours
[2026-10-07 21:00:06,501] Finishing training
