[2026-10-07 19:41:29,517] GRPOTrainer initialized with group_size=4, beta=0.1, gen_kwargs={'max_new_tokens': 4, 'temperature': 1.0, 'top_p': 1.0, 'top_k': 0, 'do_sample': True}, use_chat_template=False, system_prompt=none
[2026-10-07 19:41:29,517] Acquiring training resources...
[2026-10-07 19:41:29,517] Initialize torch distributed ... 
[2026-10-07 19:41:29,770] Loading evaluation tasks
[2026-10-07 19:41:29,771] Set random seed to 42 for model initialization
[2026-10-07 19:41:29,778] Created Language Model
[2026-10-07 19:41:29,779] Trainable parameters: 23,328 / 23,328 (100.00%)
[2026-10-07 19:41:29,779] Created Optimizer
[2026-10-07 19:41:29,826] Resources acquired successfully.
[2026-10-07 19:41:29,900] Training start from scratch
[2026-10-07 19:41:29,900] Creating reference model for GRPO...
[2026-10-07 19:41:29,900] Creating reference model from policy weights...
[2026-10-07 19:41:29,903] Reference model created on GPU (device=cuda:0)
[2026-10-07 19:41:29,904] [VRAM] After ref model creation: allocated=0.00 GB, reserved=0.00 GB
[2026-10-07 19:41:29,904] Initializing reward worker via RewardManager...
[2026-10-07 19:41:29,904] Training start from step: 0
[2026-10-07 19:41:30,118] [VRAM] After rollout: peak=0.03 GB
[2026-10-07 19:41:30,178] [VRAM] After ref log probs: peak=0.03 GB
[2026-10-07 19:41:30,417] [VRAM] After optimizer step: peak=0.06 GB
[2026-10-07 19:41:30,417] step: 1, loss: -0.0551, lr: 0.000232, grad_norm: 4.0851, step_time: 0.513s (avg: 0.513s), tok/s: 249.6 (avg: 249.4), TFLOPS/s/GPU: 0.00 (avg: 0.00)
[2026-10-07 19:41:30,421] [VRAM] After rollout: peak=0.06 GB
[2026-10-07 19:41:30,427] [VRAM] After ref log probs: peak=0.06 GB
[2026-10-07 19:41:30,450] [VRAM] After optimizer step: peak=0.06 GB
[2026-10-07 19:41:30,450] step: 1, grpo_loss: -0.0106, policy_loss: -0.0125, kl_loss: 0.0020, mean_reward: 0.7500, mean_ratio: 1.0031, clip_frac: 0.000
[2026-10-07 19:41:30,450] step: 2, loss: -0.0106, lr: 0.000100, grad_norm: 3.8330, step_time: 0.033s (avg: 0.273s), tok/s: 3923.5 (avg: 468.5), TFLOPS/s/GPU: 0.00 (avg: 0.00)
[2026-10-07 19:41:30,460] Skipping HF config: hf_model_type/hf_architecture not set
[2026-10-07 19:41:30,460] Saving checkpoint to /tmp/ironcore-remediation-ad-bf16/grpo/dp2/checkpoint/step_2
[2026-10-07 19:41:30,470] Checkpoint saved successfully. Checkpoint saved in 0.007s
[2026-10-07 19:41:30,474] [VRAM] After rollout: peak=0.06 GB
[2026-10-07 19:41:30,480] [VRAM] After ref log probs: peak=0.06 GB
[2026-10-07 19:41:30,503] [VRAM] After optimizer step: peak=0.06 GB
[2026-10-07 19:41:30,503] step: 2, grpo_loss: -0.0023, policy_loss: -0.0057, kl_loss: 0.0034, mean_reward: 0.7500, mean_ratio: 1.0013, clip_frac: 0.000
[2026-10-07 19:41:30,504] step: 3, loss: -0.0023, lr: 0.000100, grad_norm: 3.7471, step_time: 0.033s (avg: 0.200s), tok/s: 3880.4 (avg: 640.3), TFLOPS/s/GPU: 0.00 (avg: 0.00)
[2026-10-07 19:41:30,507] [VRAM] After rollout: peak=0.06 GB
[2026-10-07 19:41:30,513] [VRAM] After ref log probs: peak=0.06 GB
[2026-10-07 19:41:30,536] [VRAM] After optimizer step: peak=0.06 GB
[2026-10-07 19:41:30,536] step: 3, grpo_loss: -0.0023, policy_loss: -0.0057, kl_loss: 0.0034, mean_reward: 0.7500, mean_ratio: 1.0015, clip_frac: 0.000
[2026-10-07 19:41:30,536] step: 4, loss: -0.0023, lr: 0.000100, grad_norm: 3.7584, step_time: 0.032s (avg: 0.158s), tok/s: 3992.7 (avg: 809.8), TFLOPS/s/GPU: 0.00 (avg: 0.00)
[2026-10-07 19:41:30,548] Skipping HF config: hf_model_type/hf_architecture not set
[2026-10-07 19:41:30,548] Saving checkpoint to /tmp/ironcore-remediation-ad-bf16/grpo/dp2/checkpoint/step_4
[2026-10-07 19:41:30,558] Checkpoint saved successfully. Checkpoint saved in 0.007s
[2026-10-07 19:41:30,558] Total training time: 0.00 hours
[2026-10-07 19:41:30,558] Finishing training
[2026-10-07 19:41:30,570] GRPO evaluation at step 4: {'eval/mean_reward': 0.75, 'eval/positive_reward_rate': 1.0}
