[2026-10-07 20:25:07,595] Acquiring training resources...
[2026-10-07 20:25:07,595] Initialize torch distributed ... 
[2026-10-07 20:25:07,823] Loading evaluation tasks
[2026-10-07 20:25:07,824] Set random seed to 42 for model initialization
[2026-10-07 20:25:07,832] Created Language Model
[2026-10-07 20:25:07,832] Trainable parameters: 22,688 / 22,688 (100.00%)
[2026-10-07 20:25:07,832] Created Optimizer
[2026-10-07 20:25:07,832] Skipping parallelism wrapping (single GPU, no FSDP)
[2026-10-07 20:25:07,832] Resources acquired successfully.
[2026-10-07 20:25:07,833] Training start from scratch
[2026-10-07 20:25:07,834] Training start from step: 0
[2026-10-07 20:25:08,199] step: 1, loss: 3.4574, lr: 0.000550, grad_norm: 2.1005, step_time: 0.365s (avg: 0.365s), tok/s: 350.7 (avg: 350.6), TFLOPS/s/GPU: 0.00 (avg: 0.00)
[2026-10-07 20:25:08,221] step: 2, loss: 3.4067, lr: 0.000232, grad_norm: 2.1329, step_time: 0.022s (avg: 0.194s), tok/s: 5834.8 (avg: 661.1), TFLOPS/s/GPU: 0.00 (avg: 0.00)
[2026-10-07 20:25:08,227] Skipping HF config: hf_model_type/hf_architecture not set
[2026-10-07 20:25:08,228] Saving checkpoint to /tmp/ironcore-remediation-distributed-v3/recomputed-ce/sft/full_resume/checkpoint/step_2
[2026-10-07 20:25:08,242] Checkpoint saved successfully. Checkpoint saved in 0.012s
[2026-10-07 20:25:08,242] Training stopped by exit interval: 2
[2026-10-07 20:25:08,242] Total training time: 0.00 hours
[2026-10-07 20:25:08,242] Finishing training
[2026-10-07 20:25:15,319] Acquiring training resources...
[2026-10-07 20:25:15,319] Initialize torch distributed ... 
[2026-10-07 20:25:15,545] Loading evaluation tasks
[2026-10-07 20:25:15,546] Set random seed to 42 for model initialization
[2026-10-07 20:25:15,555] Created Language Model
[2026-10-07 20:25:15,556] Trainable parameters: 22,688 / 22,688 (100.00%)
[2026-10-07 20:25:15,556] Created Optimizer
[2026-10-07 20:25:15,556] Skipping parallelism wrapping (single GPU, no FSDP)
[2026-10-07 20:25:15,556] Resources acquired successfully.
[2026-10-07 20:25:15,557] Loading checkpoint from /tmp/ironcore-remediation-distributed-v3/recomputed-ce/sft/full_resume/checkpoint/step_2
[2026-10-07 20:25:15,566] Loading optimizer state dict.
[2026-10-07 20:25:15,566] Checkpoint loaded successfully. Resuming training at step 2. Total time: 0.01s
[2026-10-07 20:25:15,566] Successfully loaded checkpoint: /tmp/ironcore-remediation-distributed-v3/recomputed-ce/sft/full_resume/checkpoint (resuming from step 2)
[2026-10-07 20:25:15,566] Skipping 2 consumed micro-batches to resume data position (16 samples on this rank).
[2026-10-07 20:25:15,568] Training start from step: 2
[2026-10-07 20:25:15,927] step: 3, loss: 3.3470, lr: 0.000100, grad_norm: 2.0442, step_time: 0.359s (avg: 0.359s), tok/s: 356.4 (avg: 356.3), TFLOPS/s/GPU: 0.00 (avg: 0.00)
[2026-10-07 20:25:15,950] step: 4, loss: 3.3438, lr: 0.000100, grad_norm: 2.0866, step_time: 0.023s (avg: 0.191s), tok/s: 5641.5 (avg: 670.0), TFLOPS/s/GPU: 0.00 (avg: 0.00)
[2026-10-07 20:25:15,956] Skipping HF config: hf_model_type/hf_architecture not set
[2026-10-07 20:25:15,956] Saving checkpoint to /tmp/ironcore-remediation-distributed-v3/recomputed-ce/sft/full_resume/checkpoint/step_4
[2026-10-07 20:25:15,968] Checkpoint saved successfully. Checkpoint saved in 0.008s
[2026-10-07 20:25:15,968] Total training time: 0.00 hours
[2026-10-07 20:25:15,968] Finishing training
