
*****************************************
Setting OMP_NUM_THREADS environment variable for each process to be 1 in default, to avoid your system being overloaded, please further tune the variable for optimal performance in your application as needed. 
*****************************************
Warning: You are sending unauthenticated requests to the HF Hub. Please set a HF_TOKEN to enable higher rate limits and faster downloads.
[2026-10-07 21:29:47,446] Acquiring training resources...
[2026-10-07 21:29:47,773] Initialize torch distributed ... 
[2026-10-07 21:29:47,981] Loading evaluation tasks
[2026-10-07 21:29:47,982] Set random seed to 42 for model initialization
[2026-10-07 21:29:48,965] Created Language Model
[2026-10-07 21:29:48,967] Trainable parameters: 130,433,920 / 130,433,920 (100.00%)
[2026-10-07 21:29:48,967] Created Optimizer
[2026-10-07 21:29:49,008] Resources acquired successfully.
[2026-10-07 21:29:49,047] Training start from scratch
[2026-10-07 21:29:49,048] Training start from step: 0

==================================================
  Memory Breakdown
==================================================
  Model Parameters:
    Trainable:         497.0 MiB
    Frozen:              0.0 MiB
  Gradients:              0.0 MiB
  Optimizer States:      995.0 MiB (188 tensors)
  Activations:          542.0 MiB (estimated)
  ----------------------------------------
  Current Allocated:   2035.0 MiB
  Peak Allocated:      8394.0 MiB
  Reserved:            8932.0 MiB
==================================================

[2026-10-07 21:29:50,593] step: 1, loss: 10.9439, lr: 0.000060, grad_norm: 1.5457, step_time: 1.544s (avg: 1.544s), tok/s: 42449.9 (avg: 42447.1), TFLOPS/s/GPU: 16.61 (avg: 16.61)
[2026-10-07 21:29:51,813] step: 2, loss: 10.9428, lr: 0.000090, grad_norm: 1.5355, step_time: 1.221s (avg: 1.383s), tok/s: 53688.6 (avg: 47390.5), TFLOPS/s/GPU: 21.01 (avg: 18.55)
[2026-10-07 21:29:51,813] Skip checkpoint saving since no-save flag is set
[2026-10-07 21:29:51,813] Total training time: 0.00 hours
[2026-10-07 21:29:51,814] Finishing training
