
*****************************************
Setting OMP_NUM_THREADS environment variable for each process to be 1 in default, to avoid your system being overloaded, please further tune the variable for optimal performance in your application as needed. 
*****************************************
Warning: You are sending unauthenticated requests to the HF Hub. Please set a HF_TOKEN to enable higher rate limits and faster downloads.
[2026-10-07 21:28:02,237] Acquiring training resources...
[2026-10-07 21:28:02,636] Initialize torch distributed ... 
[2026-10-07 21:28:02,845] Loading evaluation tasks
[2026-10-07 21:28:02,846] Set random seed to 42 for model initialization
[2026-10-07 21:28:03,262] Created Language Model
[2026-10-07 21:28:03,263] Trainable parameters: 55,167,360 / 55,167,360 (100.00%)
[2026-10-07 21:28:03,264] Created Optimizer
[2026-10-07 21:28:03,301] Dense FLOP estimate disabled for MoE; use measured tokens/s.
[2026-10-07 21:28:03,302] Resources acquired successfully.
[2026-10-07 21:28:03,334] Training start from scratch
[2026-10-07 21:28:03,335] Training start from step: 0
[rank1]:[W1007 21:28:03.467717562 reducer.cpp:1528] Warning: find_unused_parameters=True was specified in DDP constructor, but did not find any unused parameters in the forward pass. This flag results in an extra traversal of the autograd graph every iteration,  which can adversely affect performance. If your model indeed never has any unused parameters in the forward pass, consider turning this flag off. Note that this warning may be a false positive if your model has flow control causing later iterations to have unused parameters. (function operator())
[rank0]:[W1007 21:28:03.468829366 reducer.cpp:1528] Warning: find_unused_parameters=True was specified in DDP constructor, but did not find any unused parameters in the forward pass. This flag results in an extra traversal of the autograd graph every iteration,  which can adversely affect performance. If your model indeed never has any unused parameters in the forward pass, consider turning this flag off. Note that this warning may be a false positive if your model has flow control causing later iterations to have unused parameters. (function operator())

==================================================
  Memory Breakdown
==================================================
  Model Parameters:
    Trainable:         210.0 MiB
    Frozen:              0.0 MiB
  Gradients:              0.0 MiB
  Optimizer States:      420.0 MiB (262 tensors)
  Activations:          232.0 MiB (estimated)
  ----------------------------------------
  Current Allocated:    863.0 MiB
  Peak Allocated:      7818.0 MiB
  Reserved:            9430.0 MiB
==================================================

[2026-10-07 21:28:04,023] step: 1, loss: 10.9775, lr: 0.000060, grad_norm: 0.9619, step_time: 0.686s (avg: 0.686s), tok/s: 47769.6 (avg: 47764.6)
[2026-10-07 21:28:04,254] step: 2, loss: 10.9720, lr: 0.000090, grad_norm: 0.9791, step_time: 0.231s (avg: 0.460s), tok/s: 141565.6 (avg: 71298.9)
[2026-10-07 21:28:04,254] Skip checkpoint saving since no-save flag is set
[2026-10-07 21:28:04,254] Total training time: 0.00 hours
[2026-10-07 21:28:04,254] Finishing training
