============================= test session starts ==============================
platform linux -- Python 3.12.8, pytest-9.0.2, pluggy-1.6.0
rootdir: /home/hanjack/ironcore/ironcore
configfile: pyproject.toml
plugins: asyncio-1.4.0, langsmith-0.9.7, timeout-2.4.0, typeguard-4.5.1, hypothesis-6.151.5, cov-7.0.0, anyio-4.12.1
asyncio: mode=Mode.STRICT, debug=False, asyncio_default_fixture_loop_scope=None, asyncio_default_test_loop_scope=function
collected 159 items

tests/unit/optimizer/test_adamw_oracle.py ..................             [ 11%]
tests/unit/optimizer/test_distributed_optimizer.py ..........            [ 17%]
tests/unit/optimizer/test_lr_scheduler.py ...............                [ 27%]
tests/unit/optimizer/test_muon_optimizer.py ............................ [ 44%]
.                                                                        [ 45%]
tests/unit/trainers/test_training_correctness.py ...................     [ 57%]
tests/unit/test_sft_masking.py ....                                      [ 59%]
tests/unit/dataloader/test_collator.py .......                           [ 64%]
tests/unit/dataloader/test_fim_config.py ..........                      [ 70%]
tests/unit/dataloader/test_fim_edge_cases.py ................            [ 80%]
tests/unit/dataloader/test_fim_token_lookup.py .............             [ 88%]
tests/unit/dataloader/test_fim_transformation.py .............           [ 96%]
tests/unit/dataloader/test_streaming_shuffle.py .....                    [100%]

======================== 159 passed in 61.64s (0:01:01) ========================
