[2026-10-07 21:01:56,869] GRPOTrainer initialized with group_size=4, beta=0.1, gen_kwargs={'max_new_tokens': 4, 'temperature': 1.0, 'top_p': 1.0, 'top_k': 0, 'do_sample': True}, use_chat_template=False, system_prompt=none
[2026-10-07 21:01:56,869] Acquiring training resources...
[2026-10-07 21:01:56,869] Initialize torch distributed ... 
/tmp/ironcore-validation-env/lib/python3.12/site-packages/torchdata/stateful_dataloader/stateful_dataloader.py:379: UserWarning: 'set_vital' is deprecated, please do not call
  torch.set_vital("Dataloader", "enabled", "True")  # type: ignore[attr-defined]
/tmp/ironcore-validation-env/lib/python3.12/site-packages/torchdata/stateful_dataloader/stateful_dataloader.py:379: UserWarning: 'set_vital' is deprecated, please do not call
  torch.set_vital("Dataloader", "enabled", "True")  # type: ignore[attr-defined]
[2026-10-07 21:01:57,113] Loading evaluation tasks
[2026-10-07 21:01:57,114] Set random seed to 42 for model initialization
[2026-10-07 21:01:57,121] Created Language Model
[2026-10-07 21:01:57,122] Trainable parameters: 22,688 / 22,688 (100.00%)
[2026-10-07 21:01:57,122] Created Optimizer
[2026-10-07 21:01:57,159] Resources acquired successfully.
[2026-10-07 21:01:57,188] Training start from scratch
[2026-10-07 21:01:57,188] Creating reference model for GRPO...
[2026-10-07 21:01:57,189] Creating reference model from policy weights...
[2026-10-07 21:01:57,192] Reference model created on GPU (device=cuda:0)
[2026-10-07 21:01:57,192] [VRAM] After ref model creation: allocated=0.00 GB, reserved=0.00 GB
[2026-10-07 21:01:57,192] Initializing reward worker via RewardManager...
[2026-10-07 21:01:57,192] Training start from step: 0
[2026-10-07 21:02:00,944] [VRAM] After rollout: peak=0.04 GB
[2026-10-07 21:02:01,001] [VRAM] After ref log probs: peak=0.04 GB
[2026-10-07 21:02:01,126] [VRAM] After optimizer step: peak=0.07 GB
[2026-10-07 21:02:01,126] step: 1, loss: -0.0068, lr: 0.000232, grad_norm: 0.4439, step_time: 3.934s (avg: 3.934s), tok/s: 32.5 (avg: 32.5), TFLOPS/s/GPU: 0.00 (avg: 0.00)
[2026-10-07 21:02:01,142] [VRAM] After rollout: peak=0.07 GB
[2026-10-07 21:02:01,149] [VRAM] After ref log probs: peak=0.07 GB
[2026-10-07 21:02:01,175] [VRAM] After optimizer step: peak=0.07 GB
[2026-10-07 21:02:01,176] step: 1, grpo_loss: -0.0022, policy_loss: -0.0022, kl_loss: 0.0000, mean_reward: 0.6250, mean_ratio: 0.9998, clip_frac: 0.000
[2026-10-07 21:02:01,176] step: 2, loss: -0.0022, lr: 0.000100, grad_norm: 0.7089, step_time: 0.049s (avg: 1.992s), tok/s: 2607.3 (avg: 64.3), TFLOPS/s/GPU: 0.00 (avg: 0.00)
[2026-10-07 21:02:04,625] Skipping HF config: hf_model_type/hf_architecture not set
[2026-10-07 21:02:04,625] Saving checkpoint to /tmp/ironcore-remediation-final-validation-v2/stateful-workers2/grpo/dp2_online/checkpoint/step_2
[2026-10-07 21:02:04,639] Checkpoint saved successfully. Checkpoint saved in 0.012s
[2026-10-07 21:02:04,639] Training stopped by exit interval: 2
[2026-10-07 21:02:04,639] Total training time: 0.00 hours
[2026-10-07 21:02:04,639] Finishing training
[2026-10-07 21:02:04,658] GRPO evaluation at step 4: {'eval/mean_reward': 0.6875, 'eval/positive_reward_rate': 1.0}
