[2026-10-07 20:32:01,730] GRPOTrainer initialized with group_size=4, beta=0.1, gen_kwargs={'max_new_tokens': 4, 'temperature': 1.0, 'top_p': 1.0, 'top_k': 0, 'do_sample': True}, use_chat_template=False, system_prompt=none
[2026-10-07 20:32:01,730] Acquiring training resources...
[2026-10-07 20:32:01,730] Initialize torch distributed ... 
[2026-10-07 20:32:01,944] Loading evaluation tasks
[2026-10-07 20:32:01,945] Set random seed to 42 for model initialization
[2026-10-07 20:32:01,957] Created Language Model
[2026-10-07 20:32:01,958] Trainable parameters: 41,376 / 41,376 (100.00%)
[2026-10-07 20:32:01,958] Created Optimizer
[2026-10-07 20:32:01,958] Skipping parallelism wrapping (single GPU, no FSDP)
[2026-10-07 20:32:01,958] Dense FLOP estimate disabled for MoE; use measured tokens/s.
[2026-10-07 20:32:01,958] Resources acquired successfully.
[2026-10-07 20:32:01,961] Training start from scratch
[2026-10-07 20:32:01,961] Creating reference model for GRPO...
[2026-10-07 20:32:01,961] Creating reference model from policy weights...
[2026-10-07 20:32:01,966] Reference model created on GPU (device=cuda:0)
[2026-10-07 20:32:01,966] [VRAM] After ref model creation: allocated=0.00 GB, reserved=0.00 GB
[2026-10-07 20:32:01,966] Initializing reward worker via RewardManager...
[2026-10-07 20:32:01,967] Training start from step: 0
[2026-10-07 20:32:02,241] [VRAM] After rollout: peak=0.03 GB
[2026-10-07 20:32:02,271] [VRAM] After ref log probs: peak=0.03 GB
[2026-10-07 20:32:02,437] [VRAM] After optimizer step: peak=0.06 GB
[2026-10-07 20:32:02,438] step: 1, loss: -0.0542, lr: 0.000232, grad_norm: 3.3731, step_time: 0.471s (avg: 0.471s), tok/s: 272.0 (avg: 271.8)
[2026-10-07 20:32:02,445] [VRAM] After rollout: peak=0.06 GB
[2026-10-07 20:32:02,454] [VRAM] After ref log probs: peak=0.06 GB
[2026-10-07 20:32:02,497] [VRAM] After optimizer step: peak=0.06 GB
[2026-10-07 20:32:02,497] step: 1, grpo_loss: -0.0101, policy_loss: -0.0121, kl_loss: 0.0020, mean_reward: 0.7500, mean_ratio: 1.0055, clip_frac: 0.000
[2026-10-07 20:32:02,497] step: 2, loss: -0.0101, lr: 0.000100, grad_norm: 3.7386, step_time: 0.059s (avg: 0.265s), tok/s: 2155.1 (avg: 482.4)
[2026-10-07 20:32:02,510] Skipping HF config: hf_model_type/hf_architecture not set
[2026-10-07 20:32:02,511] Saving checkpoint to /tmp/ironcore-remediation-distributed-v3/batched-moe/grpo/accum/checkpoint/step_2
[2026-10-07 20:32:02,534] Checkpoint saved successfully. Checkpoint saved in 0.014s
[2026-10-07 20:32:02,541] [VRAM] After rollout: peak=0.06 GB
[2026-10-07 20:32:02,550] [VRAM] After ref log probs: peak=0.06 GB
[2026-10-07 20:32:02,593] [VRAM] After optimizer step: peak=0.06 GB
[2026-10-07 20:32:02,594] step: 2, grpo_loss: -0.0019, policy_loss: -0.0052, kl_loss: 0.0033, mean_reward: 0.7500, mean_ratio: 1.0024, clip_frac: 0.000
[2026-10-07 20:32:02,594] step: 3, loss: -0.0019, lr: 0.000100, grad_norm: 3.5703, step_time: 0.060s (avg: 0.209s), tok/s: 2149.3 (avg: 612.4)
[2026-10-07 20:32:02,601] [VRAM] After rollout: peak=0.06 GB
[2026-10-07 20:32:02,610] [VRAM] After ref log probs: peak=0.06 GB
[2026-10-07 20:32:02,654] [VRAM] After optimizer step: peak=0.06 GB
[2026-10-07 20:32:02,654] step: 3, grpo_loss: -0.0019, policy_loss: -0.0053, kl_loss: 0.0033, mean_reward: 0.7500, mean_ratio: 1.0024, clip_frac: 0.000
[2026-10-07 20:32:02,654] step: 4, loss: -0.0019, lr: 0.000100, grad_norm: 3.5830, step_time: 0.060s (avg: 0.172s), tok/s: 2139.3 (avg: 745.0)
[2026-10-07 20:32:02,662] Skipping HF config: hf_model_type/hf_architecture not set
[2026-10-07 20:32:02,662] Saving checkpoint to /tmp/ironcore-remediation-distributed-v3/batched-moe/grpo/accum/checkpoint/step_4
[2026-10-07 20:32:02,675] Checkpoint saved successfully. Checkpoint saved in 0.012s
[2026-10-07 20:32:02,675] Total training time: 0.00 hours
[2026-10-07 20:32:02,675] Finishing training
[2026-10-07 20:32:02,694] GRPO evaluation at step 4: {'eval/mean_reward': 0.75, 'eval/positive_reward_rate': 1.0}
