[2026-10-07 20:51:48,674] GRPOTrainer initialized with group_size=4, beta=0.1, gen_kwargs={'max_new_tokens': 4, 'temperature': 1.0, 'top_p': 1.0, 'top_k': 0, 'do_sample': True}, use_chat_template=False, system_prompt=none
[2026-10-07 20:51:48,674] Acquiring training resources...
[2026-10-07 20:51:48,674] Initialize torch distributed ... 
[2026-10-07 20:51:48,912] Loading evaluation tasks
[2026-10-07 20:51:48,914] Set random seed to 42 for model initialization
[2026-10-07 20:51:48,924] Created Language Model
[2026-10-07 20:51:48,925] Trainable parameters: 41,376 / 41,376 (100.00%)
[2026-10-07 20:51:48,925] Created Optimizer
[2026-10-07 20:51:48,964] Dense FLOP estimate disabled for MoE; use measured tokens/s.
[2026-10-07 20:51:48,964] Resources acquired successfully.
[2026-10-07 20:51:48,996] Training start from scratch
[2026-10-07 20:51:48,996] Creating reference model for GRPO...
[2026-10-07 20:51:48,996] Creating reference model from policy weights...
[2026-10-07 20:51:49,001] Reference model created on GPU (device=cuda:0)
[2026-10-07 20:51:49,002] [VRAM] After ref model creation: allocated=0.00 GB, reserved=0.00 GB
[2026-10-07 20:51:49,002] Initializing reward worker via RewardManager...
[2026-10-07 20:51:49,002] Training start from step: 0
[2026-10-07 20:51:49,364] [VRAM] After rollout: peak=0.03 GB
[2026-10-07 20:51:49,406] [VRAM] After ref log probs: peak=0.03 GB
[rank0]:[W1007 20:51:49.108843838 reducer.cpp:1528] Warning: find_unused_parameters=True was specified in DDP constructor, but did not find any unused parameters in the forward pass. This flag results in an extra traversal of the autograd graph every iteration,  which can adversely affect performance. If your model indeed never has any unused parameters in the forward pass, consider turning this flag off. Note that this warning may be a false positive if your model has flow control causing later iterations to have unused parameters. (function operator())
[rank1]:[W1007 20:51:49.108973260 reducer.cpp:1528] Warning: find_unused_parameters=True was specified in DDP constructor, but did not find any unused parameters in the forward pass. This flag results in an extra traversal of the autograd graph every iteration,  which can adversely affect performance. If your model indeed never has any unused parameters in the forward pass, consider turning this flag off. Note that this warning may be a false positive if your model has flow control causing later iterations to have unused parameters. (function operator())
[2026-10-07 20:51:49,594] [VRAM] After optimizer step: peak=0.07 GB
[2026-10-07 20:51:49,594] step: 1, loss: -0.0523, lr: 0.000232, grad_norm: 2.2974, step_time: 0.591s (avg: 0.592s), tok/s: 216.4 (avg: 216.2)
[2026-10-07 20:51:49,604] [VRAM] After rollout: peak=0.07 GB
[2026-10-07 20:51:49,617] [VRAM] After ref log probs: peak=0.07 GB
[2026-10-07 20:51:49,682] [VRAM] After optimizer step: peak=0.07 GB
[2026-10-07 20:51:49,683] step: 1, grpo_loss: -0.0096, policy_loss: -0.0114, kl_loss: 0.0018, mean_reward: 0.7500, mean_ratio: 1.0040, clip_frac: 0.000
[2026-10-07 20:51:49,683] step: 2, loss: -0.0096, lr: 0.000100, grad_norm: 3.7658, step_time: 0.088s (avg: 0.340s), tok/s: 1452.0 (avg: 376.0)
[2026-10-07 20:51:49,695] Skipping HF config: hf_model_type/hf_architecture not set
[2026-10-07 20:51:49,695] Saving checkpoint to /tmp/ironcore-remediation-final-precision/grpo-bf16/grpo/dp2_resume/checkpoint/step_2
[2026-10-07 20:51:49,714] Checkpoint saved successfully. Checkpoint saved in 0.016s
[2026-10-07 20:51:49,714] Training stopped by exit interval: 2
[2026-10-07 20:51:49,714] Total training time: 0.00 hours
[2026-10-07 20:51:49,714] Finishing training
[2026-10-07 20:51:49,730] GRPO evaluation at step 4: {'eval/mean_reward': 0.75, 'eval/positive_reward_rate': 1.0}
[2026-10-07 20:51:56,945] GRPOTrainer initialized with group_size=4, beta=0.1, gen_kwargs={'max_new_tokens': 4, 'temperature': 1.0, 'top_p': 1.0, 'top_k': 0, 'do_sample': True}, use_chat_template=False, system_prompt=none
[2026-10-07 20:51:56,945] Acquiring training resources...
[2026-10-07 20:51:56,945] Initialize torch distributed ... 
[2026-10-07 20:51:57,235] Loading evaluation tasks
[2026-10-07 20:51:57,236] Set random seed to 42 for model initialization
[2026-10-07 20:51:57,248] Created Language Model
[2026-10-07 20:51:57,249] Trainable parameters: 41,376 / 41,376 (100.00%)
[2026-10-07 20:51:57,249] Created Optimizer
[2026-10-07 20:51:57,288] Dense FLOP estimate disabled for MoE; use measured tokens/s.
[2026-10-07 20:51:57,288] Resources acquired successfully.
[2026-10-07 20:51:57,321] Loading checkpoint from /tmp/ironcore-remediation-final-precision/grpo-bf16/grpo/dp2_resume/checkpoint/step_2
[2026-10-07 20:51:57,335] Loading optimizer state dict.
[2026-10-07 20:51:57,336] Checkpoint loaded successfully. Resuming training at step 2. Total time: 0.02s
[2026-10-07 20:51:57,336] Successfully loaded checkpoint: /tmp/ironcore-remediation-final-precision/grpo-bf16/grpo/dp2_resume/checkpoint (resuming from step 2)
[2026-10-07 20:51:57,336] Creating reference model for GRPO...
[2026-10-07 20:51:57,336] Creating reference model from policy weights...
[2026-10-07 20:51:57,342] Reference model created on GPU (device=cuda:0)
[2026-10-07 20:51:57,342] [VRAM] After ref model creation: allocated=0.00 GB, reserved=0.00 GB
[2026-10-07 20:51:57,342] Initializing reward worker via RewardManager...
[2026-10-07 20:51:57,347] Training start from step: 2
[2026-10-07 20:51:57,712] [VRAM] After rollout: peak=0.03 GB
[2026-10-07 20:51:57,755] [VRAM] After ref log probs: peak=0.03 GB
[rank1]:[W1007 20:51:57.456889526 reducer.cpp:1528] Warning: find_unused_parameters=True was specified in DDP constructor, but did not find any unused parameters in the forward pass. This flag results in an extra traversal of the autograd graph every iteration,  which can adversely affect performance. If your model indeed never has any unused parameters in the forward pass, consider turning this flag off. Note that this warning may be a false positive if your model has flow control causing later iterations to have unused parameters. (function operator())
[rank0]:[W1007 20:51:57.457214052 reducer.cpp:1528] Warning: find_unused_parameters=True was specified in DDP constructor, but did not find any unused parameters in the forward pass. This flag results in an extra traversal of the autograd graph every iteration,  which can adversely affect performance. If your model indeed never has any unused parameters in the forward pass, consider turning this flag off. Note that this warning may be a false positive if your model has flow control causing later iterations to have unused parameters. (function operator())
[2026-10-07 20:51:57,941] [VRAM] After optimizer step: peak=0.07 GB
[2026-10-07 20:51:57,941] step: 2, grpo_loss: -0.0021, policy_loss: -0.0052, kl_loss: 0.0030, mean_reward: 0.7500, mean_ratio: 1.0022, clip_frac: 0.000
[2026-10-07 20:51:57,941] step: 3, loss: -0.0021, lr: 0.000100, grad_norm: 3.6124, step_time: 0.594s (avg: 0.595s), tok/s: 215.5 (avg: 215.2)
[2026-10-07 20:51:57,952] [VRAM] After rollout: peak=0.07 GB
[2026-10-07 20:51:57,965] [VRAM] After ref log probs: peak=0.07 GB
[2026-10-07 20:51:58,032] [VRAM] After optimizer step: peak=0.07 GB
[2026-10-07 20:51:58,032] step: 3, grpo_loss: -0.0022, policy_loss: -0.0053, kl_loss: 0.0030, mean_reward: 0.7500, mean_ratio: 1.0024, clip_frac: 0.000
[2026-10-07 20:51:58,032] step: 4, loss: -0.0022, lr: 0.000100, grad_norm: 3.6298, step_time: 0.090s (avg: 0.343s), tok/s: 1423.4 (avg: 373.5)
[2026-10-07 20:51:58,044] Skipping HF config: hf_model_type/hf_architecture not set
[2026-10-07 20:51:58,044] Saving checkpoint to /tmp/ironcore-remediation-final-precision/grpo-bf16/grpo/dp2_resume/checkpoint/step_4
[2026-10-07 20:51:58,066] Checkpoint saved successfully. Checkpoint saved in 0.020s
[2026-10-07 20:51:58,066] Total training time: 0.00 hours
[2026-10-07 20:51:58,066] Finishing training
[2026-10-07 20:51:58,086] GRPO evaluation at step 4: {'eval/mean_reward': 0.75, 'eval/positive_reward_rate': 1.0}
