[2026-10-07 20:57:05,405] GRPOTrainer initialized with group_size=4, beta=0.1, gen_kwargs={'max_new_tokens': 4, 'temperature': 1.0, 'top_p': 1.0, 'top_k': 0, 'do_sample': True}, use_chat_template=False, system_prompt=none
[2026-10-07 20:57:05,405] Acquiring training resources...
[2026-10-07 20:57:05,405] Initialize torch distributed ... 
[2026-10-07 20:57:05,663] Loading evaluation tasks
[2026-10-07 20:57:05,664] Set random seed to 42 for model initialization
[2026-10-07 20:57:05,677] Created Language Model
[2026-10-07 20:57:05,677] Trainable parameters: 41,376 / 41,376 (100.00%)
[2026-10-07 20:57:05,677] Created Optimizer
[2026-10-07 20:57:05,677] Skipping parallelism wrapping (single GPU, no FSDP)
[2026-10-07 20:57:05,677] Dense FLOP estimate disabled for MoE; use measured tokens/s.
[2026-10-07 20:57:05,677] Resources acquired successfully.
[2026-10-07 20:57:05,680] Training start from scratch
[2026-10-07 20:57:05,680] Creating reference model for GRPO...
[2026-10-07 20:57:05,680] Creating reference model from policy weights...
[2026-10-07 20:57:05,686] Reference model created on GPU (device=cuda:0)
[2026-10-07 20:57:05,686] [VRAM] After ref model creation: allocated=0.00 GB, reserved=0.00 GB
[2026-10-07 20:57:05,686] Initializing reward worker via RewardManager...
[2026-10-07 20:57:05,686] Training start from step: 0
[2026-10-07 20:57:06,042] [VRAM] After rollout: peak=0.03 GB
[2026-10-07 20:57:06,077] [VRAM] After ref log probs: peak=0.03 GB
[2026-10-07 20:57:06,240] [VRAM] After optimizer step: peak=0.07 GB
[2026-10-07 20:57:06,240] step: 1, loss: -0.0523, lr: 0.000232, grad_norm: 2.2976, step_time: 0.553s (avg: 0.554s), tok/s: 231.4 (avg: 231.2)
[2026-10-07 20:57:06,246] [VRAM] After rollout: peak=0.07 GB
[2026-10-07 20:57:06,254] [VRAM] After ref log probs: peak=0.07 GB
[2026-10-07 20:57:06,290] [VRAM] After optimizer step: peak=0.07 GB
[2026-10-07 20:57:06,291] step: 1, grpo_loss: -0.0096, policy_loss: -0.0114, kl_loss: 0.0018, mean_reward: 0.7500, mean_ratio: 1.0041, clip_frac: 0.000
[2026-10-07 20:57:06,291] step: 2, loss: -0.0096, lr: 0.000100, grad_norm: 3.7657, step_time: 0.050s (avg: 0.302s), tok/s: 2540.8 (avg: 423.5)
[2026-10-07 20:57:06,303] Skipping HF config: hf_model_type/hf_architecture not set
[2026-10-07 20:57:06,303] Saving checkpoint to /tmp/ironcore-remediation-final-validation/ep-bf16/grpo/full_resume/checkpoint/step_2
[2026-10-07 20:57:06,325] Checkpoint saved successfully. Checkpoint saved in 0.019s
[2026-10-07 20:57:06,325] Training stopped by exit interval: 2
[2026-10-07 20:57:06,325] Total training time: 0.00 hours
[2026-10-07 20:57:06,325] Finishing training
[2026-10-07 20:57:06,342] GRPO evaluation at step 4: {'eval/mean_reward': 0.75, 'eval/positive_reward_rate': 1.0}
[2026-10-07 20:57:13,963] GRPOTrainer initialized with group_size=4, beta=0.1, gen_kwargs={'max_new_tokens': 4, 'temperature': 1.0, 'top_p': 1.0, 'top_k': 0, 'do_sample': True}, use_chat_template=False, system_prompt=none
[2026-10-07 20:57:13,963] Acquiring training resources...
[2026-10-07 20:57:13,963] Initialize torch distributed ... 
[2026-10-07 20:57:14,220] Loading evaluation tasks
[2026-10-07 20:57:14,221] Set random seed to 42 for model initialization
[2026-10-07 20:57:14,233] Created Language Model
[2026-10-07 20:57:14,234] Trainable parameters: 41,376 / 41,376 (100.00%)
[2026-10-07 20:57:14,234] Created Optimizer
[2026-10-07 20:57:14,234] Skipping parallelism wrapping (single GPU, no FSDP)
[2026-10-07 20:57:14,234] Dense FLOP estimate disabled for MoE; use measured tokens/s.
[2026-10-07 20:57:14,234] Resources acquired successfully.
[2026-10-07 20:57:14,238] Loading checkpoint from /tmp/ironcore-remediation-final-validation/ep-bf16/grpo/full_resume/checkpoint/step_2
[2026-10-07 20:57:14,253] Loading optimizer state dict.
[2026-10-07 20:57:14,254] Checkpoint loaded successfully. Resuming training at step 2. Total time: 0.02s
[2026-10-07 20:57:14,254] Successfully loaded checkpoint: /tmp/ironcore-remediation-final-validation/ep-bf16/grpo/full_resume/checkpoint (resuming from step 2)
[2026-10-07 20:57:14,254] Creating reference model for GRPO...
[2026-10-07 20:57:14,254] Creating reference model from policy weights...
[2026-10-07 20:57:14,259] Reference model created on GPU (device=cuda:0)
[2026-10-07 20:57:14,259] [VRAM] After ref model creation: allocated=0.00 GB, reserved=0.00 GB
[2026-10-07 20:57:14,260] Initializing reward worker via RewardManager...
[2026-10-07 20:57:14,264] Training start from step: 2
[2026-10-07 20:57:14,616] [VRAM] After rollout: peak=0.03 GB
[2026-10-07 20:57:14,652] [VRAM] After ref log probs: peak=0.03 GB
[2026-10-07 20:57:14,815] [VRAM] After optimizer step: peak=0.07 GB
[2026-10-07 20:57:14,815] step: 2, grpo_loss: -0.0021, policy_loss: -0.0052, kl_loss: 0.0030, mean_reward: 0.7500, mean_ratio: 1.0022, clip_frac: 0.000
[2026-10-07 20:57:14,815] step: 3, loss: -0.0021, lr: 0.000100, grad_norm: 3.6125, step_time: 0.550s (avg: 0.551s), tok/s: 232.5 (avg: 232.3)
[2026-10-07 20:57:14,821] [VRAM] After rollout: peak=0.07 GB
[2026-10-07 20:57:14,829] [VRAM] After ref log probs: peak=0.07 GB
[2026-10-07 20:57:14,866] [VRAM] After optimizer step: peak=0.07 GB
[2026-10-07 20:57:14,866] step: 3, grpo_loss: -0.0022, policy_loss: -0.0053, kl_loss: 0.0030, mean_reward: 0.7500, mean_ratio: 1.0025, clip_frac: 0.000
[2026-10-07 20:57:14,866] step: 4, loss: -0.0022, lr: 0.000100, grad_norm: 3.6296, step_time: 0.051s (avg: 0.301s), tok/s: 2515.1 (avg: 424.9)
[2026-10-07 20:57:14,875] Skipping HF config: hf_model_type/hf_architecture not set
[2026-10-07 20:57:14,875] Saving checkpoint to /tmp/ironcore-remediation-final-validation/ep-bf16/grpo/full_resume/checkpoint/step_4
[2026-10-07 20:57:14,896] Checkpoint saved successfully. Checkpoint saved in 0.018s
[2026-10-07 20:57:14,896] Total training time: 0.00 hours
[2026-10-07 20:57:14,896] Finishing training
[2026-10-07 20:57:14,911] GRPO evaluation at step 4: {'eval/mean_reward': 0.75, 'eval/positive_reward_rate': 1.0}
