[2026-10-07 19:40:38,634] GRPOTrainer initialized with group_size=4, beta=0.1, gen_kwargs={'max_new_tokens': 4, 'temperature': 1.0, 'top_p': 1.0, 'top_k': 0, 'do_sample': True}, use_chat_template=False, system_prompt=none
[2026-10-07 19:40:38,635] Acquiring training resources...
[2026-10-07 19:40:38,635] Initialize torch distributed ... 
[2026-10-07 19:40:38,856] Loading evaluation tasks
[2026-10-07 19:40:38,857] Set random seed to 42 for model initialization
[2026-10-07 19:40:38,865] Created Language Model
[2026-10-07 19:40:38,865] Trainable parameters: 23,328 / 23,328 (100.00%)
[2026-10-07 19:40:38,865] Created Optimizer
[2026-10-07 19:40:38,866] Skipping parallelism wrapping (single GPU, no FSDP)
[2026-10-07 19:40:38,866] Resources acquired successfully.
[2026-10-07 19:40:38,867] Training start from scratch
[2026-10-07 19:40:38,867] Creating reference model for GRPO...
[2026-10-07 19:40:38,867] Creating reference model from policy weights...
[2026-10-07 19:40:38,870] Reference model created on GPU (device=cuda:0)
[2026-10-07 19:40:38,870] [VRAM] After ref model creation: allocated=0.00 GB, reserved=0.00 GB
[2026-10-07 19:40:38,870] Initializing reward worker via RewardManager...
[2026-10-07 19:40:38,871] Training start from step: 0
[2026-10-07 19:40:39,082] [VRAM] After rollout: peak=0.03 GB
[2026-10-07 19:40:39,139] [VRAM] After ref log probs: peak=0.03 GB
[2026-10-07 19:40:39,362] [VRAM] After optimizer step: peak=0.07 GB
[2026-10-07 19:40:39,363] step: 1, loss: -0.0551, lr: 0.000232, grad_norm: 4.0854, step_time: 0.492s (avg: 0.492s), tok/s: 260.4 (avg: 260.2), TFLOPS/s/GPU: 0.00 (avg: 0.00)
[2026-10-07 19:40:39,365] [VRAM] After rollout: peak=0.07 GB
[2026-10-07 19:40:39,369] [VRAM] After ref log probs: peak=0.07 GB
[2026-10-07 19:40:39,383] [VRAM] After optimizer step: peak=0.07 GB
[2026-10-07 19:40:39,383] step: 1, grpo_loss: -0.0105, policy_loss: -0.0125, kl_loss: 0.0020, mean_reward: 0.7500, mean_ratio: 1.0032, clip_frac: 0.000
[2026-10-07 19:40:39,383] step: 2, loss: -0.0105, lr: 0.000100, grad_norm: 3.8342, step_time: 0.020s (avg: 0.256s), tok/s: 6449.7 (avg: 499.8), TFLOPS/s/GPU: 0.00 (avg: 0.00)
[2026-10-07 19:40:39,394] Skipping HF config: hf_model_type/hf_architecture not set
[2026-10-07 19:40:39,394] Saving checkpoint to /tmp/ironcore-remediation-ad-bf16/grpo/full/checkpoint/step_2
[2026-10-07 19:40:39,405] Checkpoint saved successfully. Checkpoint saved in 0.008s
[2026-10-07 19:40:39,407] [VRAM] After rollout: peak=0.07 GB
[2026-10-07 19:40:39,412] [VRAM] After ref log probs: peak=0.07 GB
[2026-10-07 19:40:39,424] [VRAM] After optimizer step: peak=0.07 GB
[2026-10-07 19:40:39,425] step: 2, grpo_loss: -0.0023, policy_loss: -0.0057, kl_loss: 0.0034, mean_reward: 0.7500, mean_ratio: 1.0013, clip_frac: 0.000
[2026-10-07 19:40:39,425] step: 3, loss: -0.0023, lr: 0.000100, grad_norm: 3.7465, step_time: 0.019s (avg: 0.185s), tok/s: 6714.0 (avg: 693.0), TFLOPS/s/GPU: 0.00 (avg: 0.00)
[2026-10-07 19:40:39,427] [VRAM] After rollout: peak=0.07 GB
[2026-10-07 19:40:39,431] [VRAM] After ref log probs: peak=0.07 GB
[2026-10-07 19:40:39,444] [VRAM] After optimizer step: peak=0.07 GB
[2026-10-07 19:40:39,445] step: 3, grpo_loss: -0.0024, policy_loss: -0.0057, kl_loss: 0.0034, mean_reward: 0.7500, mean_ratio: 1.0014, clip_frac: 0.000
[2026-10-07 19:40:39,445] step: 4, loss: -0.0024, lr: 0.000100, grad_norm: 3.7584, step_time: 0.020s (avg: 0.144s), tok/s: 6537.8 (avg: 891.8), TFLOPS/s/GPU: 0.00 (avg: 0.00)
[2026-10-07 19:40:39,450] Skipping HF config: hf_model_type/hf_architecture not set
[2026-10-07 19:40:39,450] Saving checkpoint to /tmp/ironcore-remediation-ad-bf16/grpo/full/checkpoint/step_4
[2026-10-07 19:40:39,461] Checkpoint saved successfully. Checkpoint saved in 0.008s
[2026-10-07 19:40:39,461] Total training time: 0.00 hours
[2026-10-07 19:40:39,461] Finishing training
[2026-10-07 19:40:39,468] GRPO evaluation at step 4: {'eval/mean_reward': 0.75, 'eval/positive_reward_rate': 1.0}
