[2026-10-07 20:34:34,205] Acquiring training resources...
[2026-10-07 20:34:34,205] Initialize torch distributed ... 
[2026-10-07 20:34:34,439] Loading evaluation tasks
[2026-10-07 20:34:34,440] Set random seed to 42 for model initialization
[2026-10-07 20:34:34,451] Created Language Model
[2026-10-07 20:34:34,451] Trainable parameters: 41,384 / 41,384 (100.00%)
[2026-10-07 20:34:34,451] Created Optimizer
[2026-10-07 20:34:34,488] Dense FLOP estimate disabled for MoE; use measured tokens/s.
[2026-10-07 20:34:34,489] Resources acquired successfully.
[2026-10-07 20:34:34,520] Training start from scratch
[2026-10-07 20:34:34,520] Training start from step: 0
[2026-10-07 20:34:34,933] step: 1, loss: 3.4675, lr: 0.000550, grad_norm: 2.0616, step_time: 0.413s (avg: 0.413s), tok/s: 310.1 (avg: 310.0)
[2026-10-07 20:34:34,955] step: 2, loss: 3.3998, lr: 0.000232, grad_norm: 2.0198, step_time: 0.021s (avg: 0.217s), tok/s: 5980.2 (avg: 589.2)
[2026-10-07 20:34:34,963] Skipping HF config: hf_model_type/hf_architecture not set
[2026-10-07 20:34:34,964] Saving checkpoint to /tmp/ironcore-remediation-distributed-v3/batched-moe-idle/pretrain/dp2/checkpoint/step_2
[2026-10-07 20:34:34,978] Checkpoint saved successfully. Checkpoint saved in 0.012s
[2026-10-07 20:34:34,998] step: 3, loss: 3.3491, lr: 0.000100, grad_norm: 1.9679, step_time: 0.020s (avg: 0.159s), tok/s: 6502.4 (avg: 803.2)
[2026-10-07 20:34:35,017] step: 4, loss: 3.3377, lr: 0.000100, grad_norm: 1.9611, step_time: 0.019s (avg: 0.124s), tok/s: 6793.3 (avg: 1030.1)
[2026-10-07 20:34:35,025] Skipping HF config: hf_model_type/hf_architecture not set
[2026-10-07 20:34:35,025] Saving checkpoint to /tmp/ironcore-remediation-distributed-v3/batched-moe-idle/pretrain/dp2/checkpoint/step_4
[2026-10-07 20:34:35,043] Checkpoint saved successfully. Checkpoint saved in 0.012s
[2026-10-07 20:34:35,043] Total training time: 0.00 hours
[2026-10-07 20:34:35,044] Finishing training
