
*****************************************
Setting OMP_NUM_THREADS environment variable for each process to be 1 in default, to avoid your system being overloaded, please further tune the variable for optimal performance in your application as needed. 
*****************************************
Warning: You are sending unauthenticated requests to the HF Hub. Please set a HF_TOKEN to enable higher rate limits and faster downloads.
[2026-10-07 15:40:54,044] Acquiring training resources...
[2026-10-07 15:40:54,326] Initialize torch distributed ... 
[2026-10-07 15:40:54,543] Loading evaluation tasks
[2026-10-07 15:40:54,544] Set random seed to 42 for model initialization
[2026-10-07 15:40:54,948] Created Language Model
[2026-10-07 15:40:54,949] Trainable parameters: 52,795,776 / 52,795,776 (100.00%)
[2026-10-07 15:40:54,949] Created Optimizer
[2026-10-07 15:40:54,988] Resources acquired successfully.
[2026-10-07 15:40:55,019] Training start from scratch
[2026-10-07 15:40:55,019] Training start from step: 0

==================================================
  Memory Breakdown
==================================================
  Model Parameters:
    Trainable:         100.0 MiB
    Frozen:              0.0 MiB
  Gradients:              0.0 MiB
  Optimizer States:      402.0 MiB (118 tensors)
  Activations:          122.0 MiB (estimated)
  ----------------------------------------
  Current Allocated:    626.0 MiB
  Peak Allocated:     13622.0 MiB
  Reserved:           16762.0 MiB
==================================================

[2026-10-07 15:40:55,653] step: 1, loss: 10.8931, lr: 0.000232, grad_norm: 0.7085, step_time: 0.633s (avg: 0.633s), tok/s: 103571.3 (avg: 103559.1), TFLOPS/s/GPU: 16.41 (avg: 16.40)
[2026-10-07 15:40:55,979] step: 2, loss: 10.8925, lr: 0.000098, grad_norm: 0.6003, step_time: 0.326s (avg: 0.480s), tok/s: 201120.1 (avg: 136577.3), TFLOPS/s/GPU: 31.86 (avg: 21.63)
[2026-10-07 15:40:56,311] step: 3, loss: 10.8942, lr: 0.000030, grad_norm: 0.5237, step_time: 0.331s (avg: 0.430s), tok/s: 197737.7 (avg: 152256.1), TFLOPS/s/GPU: 31.32 (avg: 24.12)
[2026-10-07 15:40:56,644] step: 4, loss: 10.8884, lr: 0.000030, grad_norm: 0.5088, step_time: 0.334s (avg: 0.406s), tok/s: 196406.0 (avg: 161303.6), TFLOPS/s/GPU: 31.11 (avg: 25.55)
[2026-10-07 15:40:56,645] Skip checkpoint saving since no-save flag is set
[2026-10-07 15:40:56,645] Total training time: 0.00 hours
[2026-10-07 15:40:56,645] Finishing training
