============================= test session starts ==============================
platform linux -- Python 3.12.8, pytest-9.0.2, pluggy-1.6.0
rootdir: /home/hanjack/ironcore/ironcore
configfile: pyproject.toml
collected 244 items

tests/unit/trainers/test_resume_state.py ......s                         [  2%]
tests/unit/trainers/test_trainer_norm.py .........                       [  6%]
tests/unit/trainers/test_training_correctness.py ..............          [ 12%]
tests/unit/alignment/test_buffer.py .....                                [ 14%]
tests/unit/alignment/test_dpo_loss.py ......................             [ 23%]
tests/unit/alignment/test_grpo_math.py ...................s              [ 31%]
tests/unit/alignment/test_rollout_group_ids.py ..                        [ 32%]
tests/unit/alignment/test_rollout_sanity.py ............s                [ 37%]
tests/unit/test_sft_masking.py ....                                      [ 39%]
tests/unit/dataloader/test_collator.py .......                           [ 42%]
tests/unit/dataloader/test_fim_config.py ..........                      [ 46%]
tests/unit/dataloader/test_fim_edge_cases.py ................            [ 52%]
tests/unit/dataloader/test_fim_token_lookup.py .............             [ 58%]
tests/unit/dataloader/test_fim_transformation.py .............           [ 63%]
tests/unit/dataloader/test_streaming_shuffle.py .....                    [ 65%]
tests/unit/attention/test_attention.py ..................ss.ssss         [ 75%]
tests/unit/attention/test_rotary.py ..............s.........             [ 85%]
tests/unit/optimizer/test_lr_scheduler.py ...............                [ 91%]
tests/unit/parallel/test_grad_norm.py .....                              [ 93%]
tests/unit/checkpointing/test_universal_checkpoint_lora.py .             [ 94%]
tests/unit/parallel/test_tp_init_seed.py ...                             [ 95%]
tests/unit/parallel/test_comm_grad_correctness.py ....s......            [100%]

=============================== warnings summary ===============================
../../.pyenv/versions/3.12.8/lib/python3.12/site-packages/torch/cuda/__init__.py:1074
tests/unit/checkpointing/test_universal_checkpoint_lora.py::test_universal_checkpoint_save_with_frozen_params_does_not_raise
  /home/hanjack/.pyenv/versions/3.12.8/lib/python3.12/site-packages/torch/cuda/__init__.py:1074: UserWarning: Can't initialize NVML
    raw_cnt = _raw_device_count_nvml()

-- Docs: https://docs.pytest.org/en/stable/how-to/capture-warnings.html
============ 233 passed, 11 skipped, 2 warnings in 60.61s (0:01:00) ============
