[2026-10-07 20:26:47,010] Acquiring training resources...
[2026-10-07 20:26:47,010] Initialize torch distributed ... 
[2026-10-07 20:26:47,233] Loading evaluation tasks
[2026-10-07 20:26:47,234] Set random seed to 42 for model initialization
[2026-10-07 20:26:47,246] Created Language Model
[2026-10-07 20:26:47,247] Trainable parameters: 41,376 / 41,376 (100.00%)
[2026-10-07 20:26:47,247] Created Optimizer
[2026-10-07 20:26:47,247] Skipping parallelism wrapping (single GPU, no FSDP)
[2026-10-07 20:26:47,247] Dense FLOP estimate disabled for MoE; use measured tokens/s.
[2026-10-07 20:26:47,247] Resources acquired successfully.
[2026-10-07 20:26:47,249] Training start from scratch
[2026-10-07 20:26:47,250] Training start from step: 0
[2026-10-07 20:26:47,655] step: 1, loss: 3.4661, lr: 0.000550, grad_norm: 2.0616, step_time: 0.405s (avg: 0.405s), tok/s: 316.0 (avg: 315.9)
[2026-10-07 20:26:47,668] step: 2, loss: 3.3970, lr: 0.000232, grad_norm: 2.0187, step_time: 0.013s (avg: 0.209s), tok/s: 10224.4 (avg: 612.6)
[2026-10-07 20:26:47,681] Skipping HF config: hf_model_type/hf_architecture not set
[2026-10-07 20:26:47,681] Saving checkpoint to /tmp/ironcore-remediation-distributed-v3/batched-moe/pretrain/full_resume/checkpoint/step_2
[2026-10-07 20:26:47,698] Checkpoint saved successfully. Checkpoint saved in 0.015s
[2026-10-07 20:26:47,698] Training stopped by exit interval: 2
[2026-10-07 20:26:47,698] Total training time: 0.00 hours
[2026-10-07 20:26:47,698] Finishing training
[2026-10-07 20:26:54,723] Acquiring training resources...
[2026-10-07 20:26:54,723] Initialize torch distributed ... 
[2026-10-07 20:26:54,942] Loading evaluation tasks
[2026-10-07 20:26:54,943] Set random seed to 42 for model initialization
[2026-10-07 20:26:54,955] Created Language Model
[2026-10-07 20:26:54,956] Trainable parameters: 41,376 / 41,376 (100.00%)
[2026-10-07 20:26:54,956] Created Optimizer
[2026-10-07 20:26:54,956] Skipping parallelism wrapping (single GPU, no FSDP)
[2026-10-07 20:26:54,956] Dense FLOP estimate disabled for MoE; use measured tokens/s.
[2026-10-07 20:26:54,956] Resources acquired successfully.
[2026-10-07 20:26:54,959] Loading checkpoint from /tmp/ironcore-remediation-distributed-v3/batched-moe/pretrain/full_resume/checkpoint/step_2
[2026-10-07 20:26:54,974] Loading optimizer state dict.
[2026-10-07 20:26:54,975] Checkpoint loaded successfully. Resuming training at step 2. Total time: 0.02s
[2026-10-07 20:26:54,975] Successfully loaded checkpoint: /tmp/ironcore-remediation-distributed-v3/batched-moe/pretrain/full_resume/checkpoint (resuming from step 2)
[2026-10-07 20:26:54,975] Skipping 2 consumed micro-batches to resume data position (16 samples on this rank).
[2026-10-07 20:26:54,976] Training start from step: 2
[2026-10-07 20:26:55,375] step: 3, loss: 3.3456, lr: 0.000100, grad_norm: 1.9645, step_time: 0.398s (avg: 0.398s), tok/s: 321.6 (avg: 321.5)
[2026-10-07 20:26:55,388] step: 4, loss: 3.3337, lr: 0.000100, grad_norm: 1.9576, step_time: 0.013s (avg: 0.206s), tok/s: 9776.2 (avg: 622.3)
[2026-10-07 20:26:55,393] Skipping HF config: hf_model_type/hf_architecture not set
[2026-10-07 20:26:55,393] Saving checkpoint to /tmp/ironcore-remediation-distributed-v3/batched-moe/pretrain/full_resume/checkpoint/step_4
[2026-10-07 20:26:55,406] Checkpoint saved successfully. Checkpoint saved in 0.011s
[2026-10-07 20:26:55,407] Total training time: 0.00 hours
[2026-10-07 20:26:55,407] Finishing training
