[2026-10-07 19:42:36,239] GRPOTrainer initialized with group_size=4, beta=0.1, gen_kwargs={'max_new_tokens': 4, 'temperature': 1.0, 'top_p': 1.0, 'top_k': 0, 'do_sample': True}, use_chat_template=False, system_prompt=none
[2026-10-07 19:42:36,240] Acquiring training resources...
[2026-10-07 19:42:36,240] Initialize torch distributed ... 
[2026-10-07 19:42:36,461] Loading evaluation tasks
[2026-10-07 19:42:36,462] Set random seed to 42 for model initialization
[2026-10-07 19:42:36,470] Created Language Model
[2026-10-07 19:42:36,470] Trainable parameters: 11,744 / 11,744 (100.00%)
[2026-10-07 19:42:36,470] Created Optimizer
[2026-10-07 19:42:36,477] Resources acquired successfully.
[2026-10-07 19:42:36,569] Training start from scratch
[2026-10-07 19:42:36,569] Creating reference model for GRPO...
[2026-10-07 19:42:36,570] Creating reference model from policy weights...
[2026-10-07 19:42:36,572] Reference model created on GPU (device=cuda:0)
[2026-10-07 19:42:36,573] [VRAM] After ref model creation: allocated=0.00 GB, reserved=0.00 GB
[2026-10-07 19:42:36,573] Initializing reward worker via RewardManager...
[2026-10-07 19:42:36,573] Training start from step: 0
[2026-10-07 19:42:36,834] [VRAM] After rollout: peak=0.03 GB
[2026-10-07 19:42:36,890] [VRAM] After ref log probs: peak=0.03 GB
[2026-10-07 19:42:37,117] [VRAM] After optimizer step: peak=0.07 GB
[2026-10-07 19:42:37,117] step: 1, loss: -0.0050, lr: 0.000232, grad_norm: 0.2557, step_time: 0.543s (avg: 0.544s), tok/s: 235.6 (avg: 235.4), TFLOPS/s/GPU: 0.00 (avg: 0.00)
[2026-10-07 19:42:37,136] [VRAM] After rollout: peak=0.07 GB
[2026-10-07 19:42:37,142] [VRAM] After ref log probs: peak=0.07 GB
[2026-10-07 19:42:37,171] [VRAM] After optimizer step: peak=0.07 GB
[2026-10-07 19:42:37,171] step: 1, grpo_loss: -0.0015, policy_loss: -0.0015, kl_loss: 0.0000, mean_reward: 0.5469, mean_ratio: 1.0000, clip_frac: 0.000
[2026-10-07 19:42:37,171] step: 2, loss: -0.0015, lr: 0.000100, grad_norm: 0.4613, step_time: 0.054s (avg: 0.299s), tok/s: 2382.1 (avg: 428.2), TFLOPS/s/GPU: 0.00 (avg: 0.00)
[2026-10-07 19:42:37,185] Skipping HF config: hf_model_type/hf_architecture not set
[2026-10-07 19:42:37,185] Saving checkpoint to /tmp/ironcore-remediation-ad-bf16/grpo/tp2_online/checkpoint/step_2
[2026-10-07 19:42:37,195] Checkpoint saved successfully. Checkpoint saved in 0.012s
[2026-10-07 19:42:37,195] Training stopped by exit interval: 2
[2026-10-07 19:42:37,195] Total training time: 0.00 hours
[2026-10-07 19:42:37,195] Finishing training
[2026-10-07 19:42:37,248] GRPO evaluation at step 4: {'eval/mean_reward': 0.5, 'eval/positive_reward_rate': 1.0}
