[2026-10-07 20:19:35,307] Acquiring training resources...
[2026-10-07 20:19:35,308] Initialize torch distributed ... 
[2026-10-07 20:19:35,532] Loading evaluation tasks
[2026-10-07 20:19:35,533] Set random seed to 42 for model initialization
[2026-10-07 20:19:35,548] Created Language Model
[2026-10-07 20:19:35,548] Trainable parameters: 41,376 / 41,376 (100.00%)
[2026-10-07 20:19:35,549] Created Optimizer
[2026-10-07 20:19:35,549] Skipping parallelism wrapping (single GPU, no FSDP)
[2026-10-07 20:19:35,549] Dense FLOP estimate disabled for MoE; use measured tokens/s.
[2026-10-07 20:19:35,549] Resources acquired successfully.
[2026-10-07 20:19:35,551] Training start from scratch
[2026-10-07 20:19:35,552] Training start from step: 0
[2026-10-07 20:19:35,969] step: 1, loss: 3.4661, lr: 0.000550, grad_norm: 2.0616, step_time: 0.418s (avg: 0.418s), tok/s: 306.4 (avg: 306.3)
[2026-10-07 20:19:35,986] step: 2, loss: 3.3970, lr: 0.000232, grad_norm: 2.0187, step_time: 0.016s (avg: 0.217s), tok/s: 7837.5 (avg: 589.4)
[2026-10-07 20:19:35,992] Skipping HF config: hf_model_type/hf_architecture not set
[2026-10-07 20:19:35,993] Saving checkpoint to /tmp/ironcore-remediation-distributed-v3/moe-ep-all/pretrain/full/checkpoint/step_2
[2026-10-07 20:19:36,014] Checkpoint saved successfully. Checkpoint saved in 0.012s
[2026-10-07 20:19:36,029] step: 3, loss: 3.3456, lr: 0.000100, grad_norm: 1.9645, step_time: 0.015s (avg: 0.159s), tok/s: 8654.9 (avg: 804.1)
[2026-10-07 20:19:36,044] step: 4, loss: 3.3337, lr: 0.000100, grad_norm: 1.9576, step_time: 0.015s (avg: 0.123s), tok/s: 8626.6 (avg: 1039.7)
[2026-10-07 20:19:36,049] Skipping HF config: hf_model_type/hf_architecture not set
[2026-10-07 20:19:36,049] Saving checkpoint to /tmp/ironcore-remediation-distributed-v3/moe-ep-all/pretrain/full/checkpoint/step_4
[2026-10-07 20:19:36,066] Checkpoint saved successfully. Checkpoint saved in 0.013s
[2026-10-07 20:19:36,066] Total training time: 0.00 hours
[2026-10-07 20:19:36,066] Finishing training
