[2026-10-07 20:21:27,319] DPOTrainer initialized with beta=0.5, concat_passes=True, metrics_interval=0
[2026-10-07 20:21:27,320] Acquiring training resources...
[2026-10-07 20:21:27,320] Initialize torch distributed ... 
[2026-10-07 20:21:27,543] Loading evaluation tasks
[2026-10-07 20:21:27,544] Set random seed to 42 for model initialization
[2026-10-07 20:21:27,556] Created Language Model
[2026-10-07 20:21:27,556] Trainable parameters: 41,376 / 41,376 (100.00%)
[2026-10-07 20:21:27,556] Created Optimizer
[2026-10-07 20:21:27,556] Skipping parallelism wrapping (single GPU, no FSDP)
[2026-10-07 20:21:27,556] Dense FLOP estimate disabled for MoE; use measured tokens/s.
[2026-10-07 20:21:27,556] Resources acquired successfully.
[2026-10-07 20:21:27,559] Training start from scratch
[2026-10-07 20:21:27,559] Creating reference model with beta=0.5
[2026-10-07 20:21:27,559] Creating reference model from policy weights...
[2026-10-07 20:21:27,565] Training start from step: 0
[2026-10-07 20:21:27,969] step: 1, loss: 0.6931, lr: 0.000550, grad_norm: 9.5674, step_time: 0.404s (avg: 0.405s), tok/s: 316.5 (avg: 316.4)
[2026-10-07 20:21:27,990] step: 1, dpo_loss: 0.4599, margin: 0.7038, accuracy: 1.0000
[2026-10-07 20:21:27,990] step: 2, loss: 0.4599, lr: 0.000232, grad_norm: 7.0701, step_time: 0.020s (avg: 0.213s), tok/s: 6266.0 (avg: 602.0)
[2026-10-07 20:21:28,003] Skipping HF config: hf_model_type/hf_architecture not set
[2026-10-07 20:21:28,003] Saving checkpoint to /tmp/ironcore-remediation-distributed-v3/moe-ep-all/dpo/full_resume/checkpoint/step_2
[2026-10-07 20:21:28,024] Checkpoint saved successfully. Checkpoint saved in 0.018s
[2026-10-07 20:21:28,024] Training stopped by exit interval: 2
[2026-10-07 20:21:28,024] Total training time: 0.00 hours
[2026-10-07 20:21:28,024] Finishing training
[2026-10-07 20:21:35,576] DPOTrainer initialized with beta=0.5, concat_passes=True, metrics_interval=0
[2026-10-07 20:21:35,576] Acquiring training resources...
[2026-10-07 20:21:35,576] Initialize torch distributed ... 
[2026-10-07 20:21:35,803] Loading evaluation tasks
[2026-10-07 20:21:35,804] Set random seed to 42 for model initialization
[2026-10-07 20:21:35,816] Created Language Model
[2026-10-07 20:21:35,816] Trainable parameters: 41,376 / 41,376 (100.00%)
[2026-10-07 20:21:35,817] Created Optimizer
[2026-10-07 20:21:35,817] Skipping parallelism wrapping (single GPU, no FSDP)
[2026-10-07 20:21:35,817] Dense FLOP estimate disabled for MoE; use measured tokens/s.
[2026-10-07 20:21:35,817] Resources acquired successfully.
[2026-10-07 20:21:35,820] Loading checkpoint from /tmp/ironcore-remediation-distributed-v3/moe-ep-all/dpo/full_resume/checkpoint/step_2
[2026-10-07 20:21:35,835] Loading optimizer state dict.
[2026-10-07 20:21:35,835] Checkpoint loaded successfully. Resuming training at step 2. Total time: 0.02s
[2026-10-07 20:21:35,835] Successfully loaded checkpoint: /tmp/ironcore-remediation-distributed-v3/moe-ep-all/dpo/full_resume/checkpoint (resuming from step 2)
[2026-10-07 20:21:35,835] Skipping 2 consumed micro-batches to resume data position (16 samples on this rank).
[2026-10-07 20:21:35,836] Creating reference model with beta=0.5
[2026-10-07 20:21:35,836] Creating reference model from policy weights...
[2026-10-07 20:21:35,846] Training start from step: 2
[2026-10-07 20:21:36,255] step: 2, dpo_loss: 0.3205, margin: 1.7259, accuracy: 1.0000
[2026-10-07 20:21:36,255] step: 3, loss: 0.3205, lr: 0.000100, grad_norm: 5.2068, step_time: 0.409s (avg: 0.409s), tok/s: 312.9 (avg: 312.7)
[2026-10-07 20:21:36,276] step: 3, dpo_loss: 0.2976, margin: 1.7476, accuracy: 1.0000
[2026-10-07 20:21:36,276] step: 4, loss: 0.2976, lr: 0.000100, grad_norm: 4.9518, step_time: 0.021s (avg: 0.215s), tok/s: 6177.2 (avg: 595.1)
[2026-10-07 20:21:36,284] Skipping HF config: hf_model_type/hf_architecture not set
[2026-10-07 20:21:36,285] Saving checkpoint to /tmp/ironcore-remediation-distributed-v3/moe-ep-all/dpo/full_resume/checkpoint/step_4
[2026-10-07 20:21:36,300] Checkpoint saved successfully. Checkpoint saved in 0.012s
[2026-10-07 20:21:36,300] Total training time: 0.00 hours
[2026-10-07 20:21:36,300] Finishing training
