[2026-10-07 21:04:21,518] DPOTrainer initialized with beta=0.5, concat_passes=True, metrics_interval=0
[2026-10-07 21:04:21,519] Acquiring training resources...
[2026-10-07 21:04:21,519] Initialize torch distributed ... 
[2026-10-07 21:04:21,757] Loading evaluation tasks
[2026-10-07 21:04:21,758] Set random seed to 42 for model initialization
[2026-10-07 21:04:21,767] Created Language Model
[2026-10-07 21:04:21,767] Trainable parameters: 22,688 / 22,688 (100.00%)
[2026-10-07 21:04:21,767] Created Optimizer
[2026-10-07 21:04:21,767] FSDP config: sharding=full, offload=False, use_orig_params=True, forward_prefetch=True
/tmp/ironcore-remediation-final-v6-src/ironcore/parallel/parallel.py:251: FutureWarning: FSDP.state_dict_type() and FSDP.set_state_dict_type() are being deprecated. Please use APIs, get_state_dict() and set_state_dict(), which can support different parallelisms, FSDP1, FSDP2, DDP. API doc: https://pytorch.org/docs/stable/distributed.checkpoint.html#torch.distributed.checkpoint.state_dict.get_state_dict .Tutorial: https://pytorch.org/tutorials/recipes/distributed_checkpoint_recipe.html .
  FSDP.set_state_dict_type(
/tmp/ironcore-remediation-final-v6-src/ironcore/parallel/parallel.py:251: FutureWarning: FSDP.state_dict_type() and FSDP.set_state_dict_type() are being deprecated. Please use APIs, get_state_dict() and set_state_dict(), which can support different parallelisms, FSDP1, FSDP2, DDP. API doc: https://pytorch.org/docs/stable/distributed.checkpoint.html#torch.distributed.checkpoint.state_dict.get_state_dict .Tutorial: https://pytorch.org/tutorials/recipes/distributed_checkpoint_recipe.html .
  FSDP.set_state_dict_type(
[2026-10-07 21:04:21,776] Resources acquired successfully.
[2026-10-07 21:04:21,838] Training start from scratch
[2026-10-07 21:04:21,838] Creating reference model with beta=0.5
[2026-10-07 21:04:21,839] Creating reference model from policy weights...
[2026-10-07 21:04:21,841] FSDP config: sharding=full, offload=False, use_orig_params=True, forward_prefetch=True
/home/hanjack/.pyenv/versions/3.12.8/lib/python3.12/site-packages/torch/distributed/fsdp/fully_sharded_data_parallel.py:821: FutureWarning: FSDP.state_dict_type() and FSDP.set_state_dict_type() are being deprecated. Please use APIs, get_state_dict() and set_state_dict(), which can support different parallelisms, FSDP1, FSDP2, DDP. API doc: https://pytorch.org/docs/stable/distributed.checkpoint.html#torch.distributed.checkpoint.state_dict.get_state_dict .Tutorial: https://pytorch.org/tutorials/recipes/distributed_checkpoint_recipe.html .
  prev_state_dict_settings = FullyShardedDataParallel.set_state_dict_type(
/home/hanjack/.pyenv/versions/3.12.8/lib/python3.12/site-packages/torch/distributed/fsdp/fully_sharded_data_parallel.py:821: FutureWarning: FSDP.state_dict_type() and FSDP.set_state_dict_type() are being deprecated. Please use APIs, get_state_dict() and set_state_dict(), which can support different parallelisms, FSDP1, FSDP2, DDP. API doc: https://pytorch.org/docs/stable/distributed.checkpoint.html#torch.distributed.checkpoint.state_dict.get_state_dict .Tutorial: https://pytorch.org/tutorials/recipes/distributed_checkpoint_recipe.html .
  prev_state_dict_settings = FullyShardedDataParallel.set_state_dict_type(
/home/hanjack/.pyenv/versions/3.12.8/lib/python3.12/site-packages/torch/distributed/fsdp/_state_dict_utils.py:732: FutureWarning: Please use DTensor instead and we are deprecating ShardedTensor.
  local_shape = tensor.shape
/home/hanjack/.pyenv/versions/3.12.8/lib/python3.12/site-packages/torch/distributed/fsdp/_state_dict_utils.py:732: FutureWarning: Please use DTensor instead and we are deprecating ShardedTensor.
  local_shape = tensor.shape
/home/hanjack/.pyenv/versions/3.12.8/lib/python3.12/site-packages/torch/distributed/fsdp/_state_dict_utils.py:749: FutureWarning: Please use DTensor instead and we are deprecating ShardedTensor.
  tensor.shape,
/home/hanjack/.pyenv/versions/3.12.8/lib/python3.12/site-packages/torch/distributed/fsdp/_state_dict_utils.py:749: FutureWarning: Please use DTensor instead and we are deprecating ShardedTensor.
  tensor.shape,
/home/hanjack/.pyenv/versions/3.12.8/lib/python3.12/site-packages/torch/distributed/fsdp/_state_dict_utils.py:751: FutureWarning: Please use DTensor instead and we are deprecating ShardedTensor.
  tensor.dtype,
/home/hanjack/.pyenv/versions/3.12.8/lib/python3.12/site-packages/torch/distributed/fsdp/_state_dict_utils.py:751: FutureWarning: Please use DTensor instead and we are deprecating ShardedTensor.
  tensor.dtype,
/home/hanjack/.pyenv/versions/3.12.8/lib/python3.12/site-packages/torch/distributed/fsdp/fully_sharded_data_parallel.py:828: FutureWarning: FSDP.state_dict_type() and FSDP.set_state_dict_type() are being deprecated. Please use APIs, get_state_dict() and set_state_dict(), which can support different parallelisms, FSDP1, FSDP2, DDP. API doc: https://pytorch.org/docs/stable/distributed.checkpoint.html#torch.distributed.checkpoint.state_dict.get_state_dict .Tutorial: https://pytorch.org/tutorials/recipes/distributed_checkpoint_recipe.html .
  FullyShardedDataParallel.set_state_dict_type(
/home/hanjack/.pyenv/versions/3.12.8/lib/python3.12/site-packages/torch/distributed/fsdp/fully_sharded_data_parallel.py:828: FutureWarning: FSDP.state_dict_type() and FSDP.set_state_dict_type() are being deprecated. Please use APIs, get_state_dict() and set_state_dict(), which can support different parallelisms, FSDP1, FSDP2, DDP. API doc: https://pytorch.org/docs/stable/distributed.checkpoint.html#torch.distributed.checkpoint.state_dict.get_state_dict .Tutorial: https://pytorch.org/tutorials/recipes/distributed_checkpoint_recipe.html .
  FullyShardedDataParallel.set_state_dict_type(
[2026-10-07 21:04:21,854] Training start from step: 0
[2026-10-07 21:04:22,299] step: 1, loss: 0.6931, lr: 0.000550, grad_norm: 9.5694, step_time: 0.444s (avg: 0.444s), tok/s: 288.3 (avg: 288.2), TFLOPS/s/GPU: 0.00 (avg: 0.00)
[2026-10-07 21:04:22,323] step: 1, dpo_loss: 0.4640, margin: 0.6422, accuracy: 1.0000
/home/hanjack/.pyenv/versions/3.12.8/lib/python3.12/site-packages/torch/distributed/fsdp/_unshard_param_utils.py:174: UserWarning: offload_to_cpu=True and rank0_only=False may result in theunsharded parameters being redundantly copied to CPU memory for GPUs sharing the same CPU memory, which risks CPU OOM. We recommend using offload_to_cpu=True with rank0_only=True.
  _validate_unshard_params_args(
[2026-10-07 21:04:22,323] step: 2, loss: 0.4640, lr: 0.000232, grad_norm: 7.1194, step_time: 0.024s (avg: 0.234s), tok/s: 5245.4 (avg: 546.0), TFLOPS/s/GPU: 0.00 (avg: 0.00)
/home/hanjack/.pyenv/versions/3.12.8/lib/python3.12/site-packages/torch/distributed/fsdp/_unshard_param_utils.py:174: UserWarning: offload_to_cpu=True and rank0_only=False may result in theunsharded parameters being redundantly copied to CPU memory for GPUs sharing the same CPU memory, which risks CPU OOM. We recommend using offload_to_cpu=True with rank0_only=True.
  _validate_unshard_params_args(
[2026-10-07 21:04:22,387] step: 2, dpo_loss: 0.3254, margin: 1.6594, accuracy: 1.0000
[2026-10-07 21:04:22,387] step: 3, loss: 0.3254, lr: 0.000100, grad_norm: 5.2697, step_time: 0.023s (avg: 0.177s), tok/s: 5573.4 (avg: 721.1), TFLOPS/s/GPU: 0.00 (avg: 0.00)
[2026-10-07 21:04:22,410] step: 3, dpo_loss: 0.3020, margin: 1.6741, accuracy: 1.0000
[2026-10-07 21:04:22,410] step: 4, loss: 0.3020, lr: 0.000100, grad_norm: 5.0138, step_time: 0.023s (avg: 0.139s), tok/s: 5650.7 (avg: 922.0), TFLOPS/s/GPU: 0.00 (avg: 0.00)
[2026-10-07 21:04:22,450] Total training time: 0.00 hours
[2026-10-07 21:04:22,450] Finishing training
