[2026-10-07 20:55:21,087] Acquiring training resources...
[2026-10-07 20:55:21,087] Initialize torch distributed ... 
[2026-10-07 20:55:21,302] Loading evaluation tasks
[2026-10-07 20:55:21,303] Set random seed to 42 for model initialization
[2026-10-07 20:55:21,315] Created Language Model
[2026-10-07 20:55:21,315] Trainable parameters: 41,376 / 41,376 (100.00%)
[2026-10-07 20:55:21,316] Created Optimizer
[2026-10-07 20:55:21,316] Skipping parallelism wrapping (single GPU, no FSDP)
[2026-10-07 20:55:21,316] Dense FLOP estimate disabled for MoE; use measured tokens/s.
[2026-10-07 20:55:21,316] Resources acquired successfully.
[2026-10-07 20:55:21,318] Training start from scratch
[2026-10-07 20:55:21,319] Training start from step: 0
[2026-10-07 20:55:21,816] step: 1, loss: 3.4556, lr: 0.000550, grad_norm: 2.0957, step_time: 0.498s (avg: 0.498s), tok/s: 257.3 (avg: 257.2)
[2026-10-07 20:55:21,835] step: 2, loss: 3.4053, lr: 0.000232, grad_norm: 2.1298, step_time: 0.019s (avg: 0.258s), tok/s: 6900.6 (avg: 495.8)
[2026-10-07 20:55:21,842] Skipping HF config: hf_model_type/hf_architecture not set
[2026-10-07 20:55:21,842] Saving checkpoint to /tmp/ironcore-remediation-final-validation/ep-bf16/sft/full_resume/checkpoint/step_2
[2026-10-07 20:55:21,860] Checkpoint saved successfully. Checkpoint saved in 0.016s
[2026-10-07 20:55:21,860] Training stopped by exit interval: 2
[2026-10-07 20:55:21,860] Total training time: 0.00 hours
[2026-10-07 20:55:21,860] Finishing training
[2026-10-07 20:55:29,440] Acquiring training resources...
[2026-10-07 20:55:29,440] Initialize torch distributed ... 
[2026-10-07 20:55:29,663] Loading evaluation tasks
[2026-10-07 20:55:29,664] Set random seed to 42 for model initialization
[2026-10-07 20:55:29,676] Created Language Model
[2026-10-07 20:55:29,677] Trainable parameters: 41,376 / 41,376 (100.00%)
[2026-10-07 20:55:29,677] Created Optimizer
[2026-10-07 20:55:29,677] Skipping parallelism wrapping (single GPU, no FSDP)
[2026-10-07 20:55:29,677] Dense FLOP estimate disabled for MoE; use measured tokens/s.
[2026-10-07 20:55:29,677] Resources acquired successfully.
[2026-10-07 20:55:29,681] Loading checkpoint from /tmp/ironcore-remediation-final-validation/ep-bf16/sft/full_resume/checkpoint/step_2
[2026-10-07 20:55:29,696] Loading optimizer state dict.
[2026-10-07 20:55:29,697] Checkpoint loaded successfully. Resuming training at step 2. Total time: 0.02s
[2026-10-07 20:55:29,697] Successfully loaded checkpoint: /tmp/ironcore-remediation-final-validation/ep-bf16/sft/full_resume/checkpoint (resuming from step 2)
[2026-10-07 20:55:29,697] Skipping 2 consumed micro-batches to resume data position (16 samples on this rank).
[2026-10-07 20:55:29,699] Training start from step: 2
[2026-10-07 20:55:30,186] step: 3, loss: 3.3443, lr: 0.000100, grad_norm: 2.0310, step_time: 0.487s (avg: 0.487s), tok/s: 262.8 (avg: 262.7)
[2026-10-07 20:55:30,204] step: 4, loss: 3.3419, lr: 0.000100, grad_norm: 2.0831, step_time: 0.018s (avg: 0.252s), tok/s: 7312.8 (avg: 507.0)
[2026-10-07 20:55:30,210] Skipping HF config: hf_model_type/hf_architecture not set
[2026-10-07 20:55:30,210] Saving checkpoint to /tmp/ironcore-remediation-final-validation/ep-bf16/sft/full_resume/checkpoint/step_4
[2026-10-07 20:55:30,231] Checkpoint saved successfully. Checkpoint saved in 0.015s
[2026-10-07 20:55:30,231] Total training time: 0.00 hours
[2026-10-07 20:55:30,232] Finishing training
