
*****************************************
Setting OMP_NUM_THREADS environment variable for each process to be 1 in default, to avoid your system being overloaded, please further tune the variable for optimal performance in your application as needed. 
*****************************************
[2026-10-07 20:37:43,084] Acquiring training resources...
[2026-10-07 20:37:43,084] Initialize torch distributed ... 
[2026-10-07 20:37:43,315] Loading evaluation tasks
[2026-10-07 20:37:43,316] Set random seed to 73 for model initialization
[2026-10-07 20:37:44,087] Created Language Model
[2026-10-07 20:37:44,087] Loading pretrained weights from HuggingFace: /tmp/ironcore-smollm135
[2026-10-07 20:37:44,087] Downloaded/loaded from cache: /tmp/ironcore-smollm135
[2026-10-07 20:37:44,174] HF weights loaded: 212 keys, 1 missing, 0 unexpected
[2026-10-07 20:37:44,177] Trainable parameters: 134,515,008 / 134,515,008 (100.00%)
[2026-10-07 20:37:44,177] Created Optimizer
[2026-10-07 20:37:44,215] Resources acquired successfully.
[2026-10-07 20:37:44,215] Training start from scratch
[2026-10-07 20:37:44,724] Training start from scratch
[2026-10-07 20:37:44,725] Training start from step: 0
[2026-10-07 20:37:45,031] step: 1, loss: 0.9141, lr: 0.000010, grad_norm: 4.1402, step_time: 0.305s (avg: 0.305s), tok/s: 6709.4 (avg: 6707.5), TFLOPS/s/GPU: 2.71 (avg: 2.71)
[2026-10-07 20:37:45,156] step: 2, loss: 1.1944, lr: 0.000010, grad_norm: 5.4655, step_time: 0.125s (avg: 0.215s), tok/s: 16391.0 (avg: 9514.4), TFLOPS/s/GPU: 6.62 (avg: 3.84)
[2026-10-07 20:37:45,268] step: 3, loss: 1.0779, lr: 0.000010, grad_norm: 5.3264, step_time: 0.112s (avg: 0.181s), tok/s: 18322.2 (avg: 11325.8), TFLOPS/s/GPU: 7.40 (avg: 4.57)
[2026-10-07 20:37:45,383] step: 4, loss: 1.1189, lr: 0.000010, grad_norm: 3.7944, step_time: 0.114s (avg: 0.164s), tok/s: 17906.5 (avg: 12468.4), TFLOPS/s/GPU: 7.23 (avg: 5.03)
[2026-10-07 20:37:45,498] step: 5, loss: 1.1521, lr: 0.000010, grad_norm: 5.4349, step_time: 0.115s (avg: 0.154s), tok/s: 17763.3 (avg: 13255.8), TFLOPS/s/GPU: 7.17 (avg: 5.35)
[2026-10-07 20:37:45,612] step: 6, loss: 1.2034, lr: 0.000010, grad_norm: 5.7681, step_time: 0.114s (avg: 0.148s), tok/s: 17987.1 (avg: 13860.7), TFLOPS/s/GPU: 7.26 (avg: 5.59)
[2026-10-07 20:37:45,730] step: 7, loss: 1.3624, lr: 0.000010, grad_norm: 5.0001, step_time: 0.117s (avg: 0.143s), tok/s: 17462.7 (avg: 14278.6), TFLOPS/s/GPU: 7.05 (avg: 5.76)
[2026-10-07 20:37:45,849] step: 8, loss: 1.5912, lr: 0.000010, grad_norm: 5.9692, step_time: 0.120s (avg: 0.140s), tok/s: 17115.8 (avg: 14577.9), TFLOPS/s/GPU: 6.91 (avg: 5.88)
[2026-10-07 20:37:45,958] step: 9, loss: 1.1758, lr: 0.000010, grad_norm: 5.6650, step_time: 0.108s (avg: 0.137s), tok/s: 18953.2 (avg: 14959.5), TFLOPS/s/GPU: 7.65 (avg: 6.04)
[2026-10-07 20:37:46,069] step: 10, loss: 1.2171, lr: 0.000010, grad_norm: 4.1333, step_time: 0.111s (avg: 0.134s), tok/s: 18438.7 (avg: 15245.3), TFLOPS/s/GPU: 7.44 (avg: 6.15)
[2026-10-07 20:37:46,183] step: 11, loss: 0.9363, lr: 0.000010, grad_norm: 3.8774, step_time: 0.114s (avg: 0.133s), tok/s: 17949.7 (avg: 15455.0), TFLOPS/s/GPU: 7.25 (avg: 6.24)
[2026-10-07 20:37:46,292] step: 12, loss: 0.9940, lr: 0.000010, grad_norm: 4.3635, step_time: 0.109s (avg: 0.131s), tok/s: 18789.4 (avg: 15685.2), TFLOPS/s/GPU: 7.58 (avg: 6.33)
[2026-10-07 20:37:46,410] step: 13, loss: 0.8191, lr: 0.000010, grad_norm: 2.9800, step_time: 0.117s (avg: 0.130s), tok/s: 17493.9 (avg: 15809.4), TFLOPS/s/GPU: 7.06 (avg: 6.38)
[2026-10-07 20:37:46,547] step: 14, loss: 1.0924, lr: 0.000010, grad_norm: 3.5875, step_time: 0.137s (avg: 0.130s), tok/s: 14971.6 (avg: 15745.0), TFLOPS/s/GPU: 6.04 (avg: 6.36)
[2026-10-07 20:37:46,669] step: 15, loss: 1.1806, lr: 0.000010, grad_norm: 3.8755, step_time: 0.122s (avg: 0.130s), tok/s: 16786.6 (avg: 15808.9), TFLOPS/s/GPU: 6.78 (avg: 6.38)
[2026-10-07 20:37:46,784] step: 16, loss: 0.8531, lr: 0.000010, grad_norm: 3.5510, step_time: 0.115s (avg: 0.129s), tok/s: 17817.0 (avg: 15919.7), TFLOPS/s/GPU: 7.19 (avg: 6.43)
[2026-10-07 20:37:46,899] step: 17, loss: 1.2338, lr: 0.000010, grad_norm: 4.8781, step_time: 0.115s (avg: 0.128s), tok/s: 17861.3 (avg: 16020.7), TFLOPS/s/GPU: 7.21 (avg: 6.47)
[2026-10-07 20:37:47,019] step: 18, loss: 0.9298, lr: 0.000010, grad_norm: 2.9921, step_time: 0.120s (avg: 0.127s), tok/s: 17123.0 (avg: 16076.7), TFLOPS/s/GPU: 6.91 (avg: 6.49)
[2026-10-07 20:37:47,135] step: 19, loss: 0.9473, lr: 0.000010, grad_norm: 4.2569, step_time: 0.117s (avg: 0.127s), tok/s: 17567.1 (avg: 16147.7), TFLOPS/s/GPU: 7.09 (avg: 6.52)
[2026-10-07 20:37:47,250] step: 20, loss: 1.2187, lr: 0.000010, grad_norm: 4.2172, step_time: 0.114s (avg: 0.126s), tok/s: 17896.0 (avg: 16225.7), TFLOPS/s/GPU: 7.22 (avg: 6.55)
[2026-10-07 20:37:47,364] step: 21, loss: 0.9276, lr: 0.000010, grad_norm: 3.8549, step_time: 0.114s (avg: 0.126s), tok/s: 18034.3 (avg: 16302.4), TFLOPS/s/GPU: 7.28 (avg: 6.58)
[2026-10-07 20:37:47,478] step: 22, loss: 1.1144, lr: 0.000010, grad_norm: 3.9591, step_time: 0.114s (avg: 0.125s), tok/s: 17931.0 (avg: 16368.9), TFLOPS/s/GPU: 7.24 (avg: 6.61)
[2026-10-07 20:37:47,596] step: 23, loss: 1.0394, lr: 0.000010, grad_norm: 3.1729, step_time: 0.118s (avg: 0.125s), tok/s: 17342.3 (avg: 16407.8), TFLOPS/s/GPU: 7.00 (avg: 6.62)
[2026-10-07 20:37:47,714] step: 24, loss: 1.1982, lr: 0.000010, grad_norm: 3.0178, step_time: 0.118s (avg: 0.125s), tok/s: 17413.8 (avg: 16446.2), TFLOPS/s/GPU: 7.03 (avg: 6.64)
[2026-10-07 20:37:47,840] step: 25, loss: 1.0161, lr: 0.000010, grad_norm: 2.7150, step_time: 0.125s (avg: 0.125s), tok/s: 16322.4 (avg: 16440.1), TFLOPS/s/GPU: 6.59 (avg: 6.64)
[2026-10-07 20:37:47,948] step: 26, loss: 1.0978, lr: 0.000010, grad_norm: 4.2261, step_time: 0.108s (avg: 0.124s), tok/s: 19003.8 (avg: 16524.9), TFLOPS/s/GPU: 7.67 (avg: 6.67)
[2026-10-07 20:37:48,067] step: 27, loss: 1.0581, lr: 0.000010, grad_norm: 3.9063, step_time: 0.119s (avg: 0.124s), tok/s: 17226.7 (avg: 16548.9), TFLOPS/s/GPU: 6.95 (avg: 6.68)
[2026-10-07 20:37:48,177] step: 28, loss: 0.9657, lr: 0.000010, grad_norm: 3.3276, step_time: 0.110s (avg: 0.123s), tok/s: 18591.2 (avg: 16613.2), TFLOPS/s/GPU: 7.50 (avg: 6.71)
[2026-10-07 20:37:48,290] step: 29, loss: 1.0364, lr: 0.000010, grad_norm: 2.9247, step_time: 0.113s (avg: 0.123s), tok/s: 18191.2 (avg: 16662.3), TFLOPS/s/GPU: 7.34 (avg: 6.73)
[2026-10-07 20:37:48,400] step: 30, loss: 0.7904, lr: 0.000010, grad_norm: 2.6558, step_time: 0.110s (avg: 0.122s), tok/s: 18621.4 (avg: 16720.1), TFLOPS/s/GPU: 7.52 (avg: 6.75)
[2026-10-07 20:37:48,509] step: 31, loss: 1.0457, lr: 0.000010, grad_norm: 3.2663, step_time: 0.109s (avg: 0.122s), tok/s: 18868.0 (avg: 16780.9), TFLOPS/s/GPU: 7.62 (avg: 6.77)
[2026-10-07 20:37:48,622] step: 32, loss: 1.0721, lr: 0.000010, grad_norm: 2.4450, step_time: 0.113s (avg: 0.122s), tok/s: 18129.1 (avg: 16819.1), TFLOPS/s/GPU: 7.32 (avg: 6.79)
[2026-10-07 20:37:48,622] Skip checkpoint saving since no-save flag is set
[2026-10-07 20:37:48,622] Total training time: 0.00 hours
[2026-10-07 20:37:48,622] Finishing training
