
*****************************************
Setting OMP_NUM_THREADS environment variable for each process to be 1 in default, to avoid your system being overloaded, please further tune the variable for optimal performance in your application as needed. 
*****************************************
Traceback (most recent call last):
  File "/tmp/ironcore-remediation-final-v2-src/scripts/benchmark_alignment.py", line 411, in <module>
    main(parser.parse_args())
  File "/tmp/ironcore-remediation-final-v2-src/scripts/benchmark_alignment.py", line 300, in main
    samples, manifest = prepare(args, tokenizer)
                        ^^^^^^^^^^^^^^^^^^^^^^^^
  File "/tmp/ironcore-remediation-final-v2-src/scripts/benchmark_alignment.py", line 85, in prepare
    "input_ids": torch.tensor(prefix),
                 ^^^^^^^^^^^^^^^^^^^^
RuntimeError: Could not infer dtype of tokenizers.Encoding
Traceback (most recent call last):
  File "/tmp/ironcore-remediation-final-v2-src/scripts/benchmark_alignment.py", line 411, in <module>
    main(parser.parse_args())
  File "/tmp/ironcore-remediation-final-v2-src/scripts/benchmark_alignment.py", line 300, in main
    samples, manifest = prepare(args, tokenizer)
                        ^^^^^^^^^^^^^^^^^^^^^^^^
  File "/tmp/ironcore-remediation-final-v2-src/scripts/benchmark_alignment.py", line 85, in prepare
    "input_ids": torch.tensor(prefix),
                 ^^^^^^^^^^^^^^^^^^^^
RuntimeError: Could not infer dtype of tokenizers.Encoding
E1007 20:38:15.161000 1911651 site-packages/torch/distributed/elastic/multiprocessing/api.py:988] failed (exitcode: 1) local_rank: 0 (pid: 1911688) of binary: /tmp/ironcore-validation-env/bin/python
Traceback (most recent call last):
  File "<frozen runpy>", line 198, in _run_module_as_main
  File "<frozen runpy>", line 88, in _run_code
  File "/home/hanjack/.pyenv/versions/3.12.8/lib/python3.12/site-packages/torch/distributed/run.py", line 1020, in <module>
    main()
  File "/home/hanjack/.pyenv/versions/3.12.8/lib/python3.12/site-packages/torch/distributed/elastic/multiprocessing/errors/__init__.py", line 367, in wrapper
    return f(*args, **kwargs)
           ^^^^^^^^^^^^^^^^^^
  File "/home/hanjack/.pyenv/versions/3.12.8/lib/python3.12/site-packages/torch/distributed/run.py", line 1016, in main
    run(args)
  File "/home/hanjack/.pyenv/versions/3.12.8/lib/python3.12/site-packages/torch/distributed/run.py", line 1007, in run
    elastic_launch(
  File "/home/hanjack/.pyenv/versions/3.12.8/lib/python3.12/site-packages/torch/distributed/launcher/api.py", line 191, in __call__
    return launch_agent(self._config, self._entrypoint, list(args))
           ^^^^^^^^^^^^^^^^^^^^^^^^^^^^^^^^^^^^^^^^^^^^^^^^^^^^^^^^
  File "/home/hanjack/.pyenv/versions/3.12.8/lib/python3.12/site-packages/torch/distributed/launcher/api.py", line 371, in launch_agent
    raise ChildFailedError(
torch.distributed.elastic.multiprocessing.errors.ChildFailedError: 
============================================================
/tmp/ironcore-remediation-final-v2-src/scripts/benchmark_alignment.py FAILED
------------------------------------------------------------
Failures:
[1]:
  time      : 2026-10-07_20:38:15
  host      : node1
  rank      : 1 (local_rank: 1)
  exitcode  : 1 (pid: 1911689) 
  error_file: <N/A>
  traceback : To enable traceback see: https://pytorch.org/docs/stable/elastic/errors.html
------------------------------------------------------------
Root Cause (first observed failure):
[0]:
  time      : 2026-10-07_20:38:15
  host      : node1
  rank      : 0 (local_rank: 0)
  exitcode  : 1 (pid: 1911688) 
  error_file: <N/A>
  traceback : To enable traceback see: https://pytorch.org/docs/stable/elastic/errors.html
============================================================
