[2026-10-07 20:51:22,515] GRPOTrainer initialized with group_size=4, beta=0.1, gen_kwargs={'max_new_tokens': 4, 'temperature': 1.0, 'top_p': 1.0, 'top_k': 0, 'do_sample': True}, use_chat_template=False, system_prompt=none
[2026-10-07 20:51:22,515] Acquiring training resources...
[2026-10-07 20:51:22,515] Initialize torch distributed ... 
[2026-10-07 20:51:22,733] Loading evaluation tasks
[2026-10-07 20:51:22,734] Set random seed to 42 for model initialization
[2026-10-07 20:51:22,747] Created Language Model
[2026-10-07 20:51:22,747] Trainable parameters: 41,376 / 41,376 (100.00%)
[2026-10-07 20:51:22,747] Created Optimizer
[2026-10-07 20:51:22,747] Skipping parallelism wrapping (single GPU, no FSDP)
[2026-10-07 20:51:22,747] Dense FLOP estimate disabled for MoE; use measured tokens/s.
[2026-10-07 20:51:22,747] Resources acquired successfully.
[2026-10-07 20:51:22,750] Training start from scratch
[2026-10-07 20:51:22,750] Creating reference model for GRPO...
[2026-10-07 20:51:22,750] Creating reference model from policy weights...
[2026-10-07 20:51:22,756] Reference model created on GPU (device=cuda:0)
[2026-10-07 20:51:22,756] [VRAM] After ref model creation: allocated=0.00 GB, reserved=0.00 GB
[2026-10-07 20:51:22,756] Initializing reward worker via RewardManager...
[2026-10-07 20:51:22,756] Training start from step: 0
[2026-10-07 20:51:23,111] [VRAM] After rollout: peak=0.03 GB
[2026-10-07 20:51:23,147] [VRAM] After ref log probs: peak=0.03 GB
[2026-10-07 20:51:23,308] [VRAM] After optimizer step: peak=0.07 GB
[2026-10-07 20:51:23,309] step: 1, loss: -0.0523, lr: 0.000232, grad_norm: 2.2976, step_time: 0.552s (avg: 0.553s), tok/s: 231.8 (avg: 231.7)
[2026-10-07 20:51:23,315] [VRAM] After rollout: peak=0.07 GB
[2026-10-07 20:51:23,322] [VRAM] After ref log probs: peak=0.07 GB
[2026-10-07 20:51:23,358] [VRAM] After optimizer step: peak=0.07 GB
[2026-10-07 20:51:23,358] step: 1, grpo_loss: -0.0096, policy_loss: -0.0114, kl_loss: 0.0018, mean_reward: 0.7500, mean_ratio: 1.0041, clip_frac: 0.000
[2026-10-07 20:51:23,358] step: 2, loss: -0.0096, lr: 0.000100, grad_norm: 3.7657, step_time: 0.049s (avg: 0.301s), tok/s: 2593.1 (avg: 425.0)
[2026-10-07 20:51:23,368] Skipping HF config: hf_model_type/hf_architecture not set
[2026-10-07 20:51:23,368] Saving checkpoint to /tmp/ironcore-remediation-final-precision/grpo-bf16/grpo/full_resume/checkpoint/step_2
[2026-10-07 20:51:23,395] Checkpoint saved successfully. Checkpoint saved in 0.025s
[2026-10-07 20:51:23,395] Training stopped by exit interval: 2
[2026-10-07 20:51:23,396] Total training time: 0.00 hours
[2026-10-07 20:51:23,396] Finishing training
[2026-10-07 20:51:23,412] GRPO evaluation at step 4: {'eval/mean_reward': 0.75, 'eval/positive_reward_rate': 1.0}
[2026-10-07 20:51:30,871] GRPOTrainer initialized with group_size=4, beta=0.1, gen_kwargs={'max_new_tokens': 4, 'temperature': 1.0, 'top_p': 1.0, 'top_k': 0, 'do_sample': True}, use_chat_template=False, system_prompt=none
[2026-10-07 20:51:30,871] Acquiring training resources...
[2026-10-07 20:51:30,871] Initialize torch distributed ... 
[2026-10-07 20:51:31,094] Loading evaluation tasks
[2026-10-07 20:51:31,096] Set random seed to 42 for model initialization
[2026-10-07 20:51:31,107] Created Language Model
[2026-10-07 20:51:31,107] Trainable parameters: 41,376 / 41,376 (100.00%)
[2026-10-07 20:51:31,107] Created Optimizer
[2026-10-07 20:51:31,107] Skipping parallelism wrapping (single GPU, no FSDP)
[2026-10-07 20:51:31,107] Dense FLOP estimate disabled for MoE; use measured tokens/s.
[2026-10-07 20:51:31,107] Resources acquired successfully.
[2026-10-07 20:51:31,111] Loading checkpoint from /tmp/ironcore-remediation-final-precision/grpo-bf16/grpo/full_resume/checkpoint/step_2
[2026-10-07 20:51:31,127] Loading optimizer state dict.
[2026-10-07 20:51:31,127] Checkpoint loaded successfully. Resuming training at step 2. Total time: 0.02s
[2026-10-07 20:51:31,127] Successfully loaded checkpoint: /tmp/ironcore-remediation-final-precision/grpo-bf16/grpo/full_resume/checkpoint (resuming from step 2)
[2026-10-07 20:51:31,127] Creating reference model for GRPO...
[2026-10-07 20:51:31,128] Creating reference model from policy weights...
[2026-10-07 20:51:31,133] Reference model created on GPU (device=cuda:0)
[2026-10-07 20:51:31,133] [VRAM] After ref model creation: allocated=0.00 GB, reserved=0.00 GB
[2026-10-07 20:51:31,133] Initializing reward worker via RewardManager...
[2026-10-07 20:51:31,137] Training start from step: 2
[2026-10-07 20:51:31,491] [VRAM] After rollout: peak=0.03 GB
[2026-10-07 20:51:31,526] [VRAM] After ref log probs: peak=0.03 GB
[2026-10-07 20:51:31,688] [VRAM] After optimizer step: peak=0.07 GB
[2026-10-07 20:51:31,688] step: 2, grpo_loss: -0.0021, policy_loss: -0.0052, kl_loss: 0.0030, mean_reward: 0.7500, mean_ratio: 1.0022, clip_frac: 0.000
[2026-10-07 20:51:31,688] step: 3, loss: -0.0021, lr: 0.000100, grad_norm: 3.6125, step_time: 0.550s (avg: 0.551s), tok/s: 232.6 (avg: 232.4)
[2026-10-07 20:51:31,694] [VRAM] After rollout: peak=0.07 GB
[2026-10-07 20:51:31,703] [VRAM] After ref log probs: peak=0.07 GB
[2026-10-07 20:51:31,739] [VRAM] After optimizer step: peak=0.07 GB
[2026-10-07 20:51:31,739] step: 3, grpo_loss: -0.0022, policy_loss: -0.0053, kl_loss: 0.0030, mean_reward: 0.7500, mean_ratio: 1.0025, clip_frac: 0.000
[2026-10-07 20:51:31,739] step: 4, loss: -0.0022, lr: 0.000100, grad_norm: 3.6296, step_time: 0.050s (avg: 0.301s), tok/s: 2554.0 (avg: 425.7)
[2026-10-07 20:51:31,748] Skipping HF config: hf_model_type/hf_architecture not set
[2026-10-07 20:51:31,748] Saving checkpoint to /tmp/ironcore-remediation-final-precision/grpo-bf16/grpo/full_resume/checkpoint/step_4
[2026-10-07 20:51:31,765] Checkpoint saved successfully. Checkpoint saved in 0.015s
[2026-10-07 20:51:31,766] Total training time: 0.00 hours
[2026-10-07 20:51:31,766] Finishing training
[2026-10-07 20:51:31,781] GRPO evaluation at step 4: {'eval/mean_reward': 0.75, 'eval/positive_reward_rate': 1.0}
