[2026-10-07 20:33:34,164] GRPOTrainer initialized with group_size=4, beta=0.1, gen_kwargs={'max_new_tokens': 4, 'temperature': 1.0, 'top_p': 1.0, 'top_k': 0, 'do_sample': True}, use_chat_template=False, system_prompt=none
[2026-10-07 20:33:34,164] Acquiring training resources...
[2026-10-07 20:33:34,164] Initialize torch distributed ... 
[2026-10-07 20:33:34,424] Loading evaluation tasks
[2026-10-07 20:33:34,425] Set random seed to 42 for model initialization
[2026-10-07 20:33:34,438] Created Language Model
[2026-10-07 20:33:34,438] Trainable parameters: 20,896 / 20,896 (100.00%)
[2026-10-07 20:33:34,438] Created Optimizer
[2026-10-07 20:33:34,444] Dense FLOP estimate disabled for MoE; use measured tokens/s.
[2026-10-07 20:33:34,444] Resources acquired successfully.
[2026-10-07 20:33:34,541] Training start from scratch
[2026-10-07 20:33:34,541] Creating reference model for GRPO...
[2026-10-07 20:33:34,541] Creating reference model from policy weights...
[2026-10-07 20:33:34,547] Reference model created on GPU (device=cuda:0)
[2026-10-07 20:33:34,547] [VRAM] After ref model creation: allocated=0.00 GB, reserved=0.00 GB
[2026-10-07 20:33:34,547] Initializing reward worker via RewardManager...
[2026-10-07 20:33:34,547] Training start from step: 0
[2026-10-07 20:33:34,902] [VRAM] After rollout: peak=0.04 GB
[2026-10-07 20:33:34,928] [VRAM] After ref log probs: peak=0.04 GB
[rank1]:[W1007 20:33:34.617491005 reducer.cpp:1528] Warning: find_unused_parameters=True was specified in DDP constructor, but did not find any unused parameters in the forward pass. This flag results in an extra traversal of the autograd graph every iteration,  which can adversely affect performance. If your model indeed never has any unused parameters in the forward pass, consider turning this flag off. Note that this warning may be a false positive if your model has flow control causing later iterations to have unused parameters. (function operator())
[rank0]:[W1007 20:33:34.617491015 reducer.cpp:1528] Warning: find_unused_parameters=True was specified in DDP constructor, but did not find any unused parameters in the forward pass. This flag results in an extra traversal of the autograd graph every iteration,  which can adversely affect performance. If your model indeed never has any unused parameters in the forward pass, consider turning this flag off. Note that this warning may be a false positive if your model has flow control causing later iterations to have unused parameters. (function operator())
[2026-10-07 20:33:35,097] [VRAM] After optimizer step: peak=0.07 GB
[2026-10-07 20:33:35,097] step: 1, loss: -0.0086, lr: 0.000232, grad_norm: 0.4510, step_time: 0.549s (avg: 0.550s), tok/s: 233.1 (avg: 232.9)
[2026-10-07 20:33:35,129] [VRAM] After rollout: peak=0.07 GB
[2026-10-07 20:33:35,139] [VRAM] After ref log probs: peak=0.07 GB
[2026-10-07 20:33:35,189] [VRAM] After optimizer step: peak=0.07 GB
[2026-10-07 20:33:35,189] step: 1, grpo_loss: -0.0018, policy_loss: -0.0019, kl_loss: 0.0001, mean_reward: 0.6094, mean_ratio: 1.0001, clip_frac: 0.000
[2026-10-07 20:33:35,190] step: 2, loss: -0.0018, lr: 0.000100, grad_norm: 0.6215, step_time: 0.092s (avg: 0.321s), tok/s: 1389.4 (avg: 398.6)
[2026-10-07 20:33:35,212] Skipping HF config: hf_model_type/hf_architecture not set
[2026-10-07 20:33:35,212] Saving checkpoint to /tmp/ironcore-remediation-distributed-v3/batched-moe/grpo/tp2_online/checkpoint/step_2
[2026-10-07 20:33:35,226] Checkpoint saved successfully. Checkpoint saved in 0.022s
[2026-10-07 20:33:35,226] Training stopped by exit interval: 2
[2026-10-07 20:33:35,226] Total training time: 0.00 hours
[2026-10-07 20:33:35,226] Finishing training
[2026-10-07 20:33:35,304] GRPO evaluation at step 4: {'eval/mean_reward': 0.5625, 'eval/positive_reward_rate': 1.0}
