[2026-10-07 20:32:10,093] GRPOTrainer initialized with group_size=4, beta=0.1, gen_kwargs={'max_new_tokens': 4, 'temperature': 1.0, 'top_p': 1.0, 'top_k': 0, 'do_sample': True}, use_chat_template=False, system_prompt=none
[2026-10-07 20:32:10,093] Acquiring training resources...
[2026-10-07 20:32:10,093] Initialize torch distributed ... 
[2026-10-07 20:32:10,319] Loading evaluation tasks
[2026-10-07 20:32:10,320] Set random seed to 42 for model initialization
[2026-10-07 20:32:10,333] Created Language Model
[2026-10-07 20:32:10,333] Trainable parameters: 41,376 / 41,376 (100.00%)
[2026-10-07 20:32:10,333] Created Optimizer
[2026-10-07 20:32:10,333] Skipping parallelism wrapping (single GPU, no FSDP)
[2026-10-07 20:32:10,333] Dense FLOP estimate disabled for MoE; use measured tokens/s.
[2026-10-07 20:32:10,333] Resources acquired successfully.
[2026-10-07 20:32:10,336] Training start from scratch
[2026-10-07 20:32:10,337] Creating reference model for GRPO...
[2026-10-07 20:32:10,337] Creating reference model from policy weights...
[2026-10-07 20:32:10,342] Reference model created on GPU (device=cuda:0)
[2026-10-07 20:32:10,342] [VRAM] After ref model creation: allocated=0.00 GB, reserved=0.00 GB
[2026-10-07 20:32:10,342] Initializing reward worker via RewardManager...
[2026-10-07 20:32:10,343] Training start from step: 0
[2026-10-07 20:32:10,624] [VRAM] After rollout: peak=0.03 GB
[2026-10-07 20:32:10,653] [VRAM] After ref log probs: peak=0.03 GB
[2026-10-07 20:32:10,821] [VRAM] After optimizer step: peak=0.06 GB
[2026-10-07 20:32:10,821] step: 1, loss: -0.0542, lr: 0.000232, grad_norm: 3.3731, step_time: 0.478s (avg: 0.478s), tok/s: 267.8 (avg: 267.6)
[2026-10-07 20:32:10,828] [VRAM] After rollout: peak=0.06 GB
[2026-10-07 20:32:10,838] [VRAM] After ref log probs: peak=0.06 GB
[2026-10-07 20:32:10,880] [VRAM] After optimizer step: peak=0.06 GB
[2026-10-07 20:32:10,881] step: 1, grpo_loss: -0.0101, policy_loss: -0.0121, kl_loss: 0.0020, mean_reward: 0.7500, mean_ratio: 1.0055, clip_frac: 0.000
[2026-10-07 20:32:10,881] step: 2, loss: -0.0101, lr: 0.000100, grad_norm: 3.7386, step_time: 0.059s (avg: 0.269s), tok/s: 2161.7 (avg: 475.9)
[2026-10-07 20:32:10,890] Skipping HF config: hf_model_type/hf_architecture not set
[2026-10-07 20:32:10,890] Saving checkpoint to /tmp/ironcore-remediation-distributed-v3/batched-moe/grpo/accum_resume/checkpoint/step_2
[2026-10-07 20:32:10,907] Checkpoint saved successfully. Checkpoint saved in 0.015s
[2026-10-07 20:32:10,907] Training stopped by exit interval: 2
[2026-10-07 20:32:10,907] Total training time: 0.00 hours
[2026-10-07 20:32:10,907] Finishing training
[2026-10-07 20:32:10,926] GRPO evaluation at step 4: {'eval/mean_reward': 0.75, 'eval/positive_reward_rate': 1.0}
[2026-10-07 20:32:18,691] GRPOTrainer initialized with group_size=4, beta=0.1, gen_kwargs={'max_new_tokens': 4, 'temperature': 1.0, 'top_p': 1.0, 'top_k': 0, 'do_sample': True}, use_chat_template=False, system_prompt=none
[2026-10-07 20:32:18,691] Acquiring training resources...
[2026-10-07 20:32:18,691] Initialize torch distributed ... 
[2026-10-07 20:32:18,910] Loading evaluation tasks
[2026-10-07 20:32:18,911] Set random seed to 42 for model initialization
[2026-10-07 20:32:18,922] Created Language Model
[2026-10-07 20:32:18,923] Trainable parameters: 41,376 / 41,376 (100.00%)
[2026-10-07 20:32:18,923] Created Optimizer
[2026-10-07 20:32:18,923] Skipping parallelism wrapping (single GPU, no FSDP)
[2026-10-07 20:32:18,923] Dense FLOP estimate disabled for MoE; use measured tokens/s.
[2026-10-07 20:32:18,923] Resources acquired successfully.
[2026-10-07 20:32:18,926] Loading checkpoint from /tmp/ironcore-remediation-distributed-v3/batched-moe/grpo/accum_resume/checkpoint/step_2
[2026-10-07 20:32:18,941] Loading optimizer state dict.
[2026-10-07 20:32:18,942] Checkpoint loaded successfully. Resuming training at step 2. Total time: 0.02s
[2026-10-07 20:32:18,942] Successfully loaded checkpoint: /tmp/ironcore-remediation-distributed-v3/batched-moe/grpo/accum_resume/checkpoint (resuming from step 2)
[2026-10-07 20:32:18,942] Creating reference model for GRPO...
[2026-10-07 20:32:18,942] Creating reference model from policy weights...
[2026-10-07 20:32:18,947] Reference model created on GPU (device=cuda:0)
[2026-10-07 20:32:18,947] [VRAM] After ref model creation: allocated=0.00 GB, reserved=0.00 GB
[2026-10-07 20:32:18,947] Initializing reward worker via RewardManager...
[2026-10-07 20:32:18,952] Training start from step: 2
[2026-10-07 20:32:19,227] [VRAM] After rollout: peak=0.03 GB
[2026-10-07 20:32:19,257] [VRAM] After ref log probs: peak=0.03 GB
[2026-10-07 20:32:19,423] [VRAM] After optimizer step: peak=0.06 GB
[2026-10-07 20:32:19,424] step: 2, grpo_loss: -0.0019, policy_loss: -0.0052, kl_loss: 0.0033, mean_reward: 0.7500, mean_ratio: 1.0024, clip_frac: 0.000
[2026-10-07 20:32:19,424] step: 3, loss: -0.0019, lr: 0.000100, grad_norm: 3.5703, step_time: 0.471s (avg: 0.472s), tok/s: 271.6 (avg: 271.3)
[2026-10-07 20:32:19,431] [VRAM] After rollout: peak=0.06 GB
[2026-10-07 20:32:19,440] [VRAM] After ref log probs: peak=0.06 GB
[2026-10-07 20:32:19,484] [VRAM] After optimizer step: peak=0.06 GB
[2026-10-07 20:32:19,484] step: 3, grpo_loss: -0.0019, policy_loss: -0.0053, kl_loss: 0.0033, mean_reward: 0.7500, mean_ratio: 1.0024, clip_frac: 0.000
[2026-10-07 20:32:19,485] step: 4, loss: -0.0019, lr: 0.000100, grad_norm: 3.5830, step_time: 0.060s (avg: 0.266s), tok/s: 2116.7 (avg: 480.6)
[2026-10-07 20:32:19,497] Skipping HF config: hf_model_type/hf_architecture not set
[2026-10-07 20:32:19,497] Saving checkpoint to /tmp/ironcore-remediation-distributed-v3/batched-moe/grpo/accum_resume/checkpoint/step_4
[2026-10-07 20:32:19,512] Checkpoint saved successfully. Checkpoint saved in 0.012s
[2026-10-07 20:32:19,512] Total training time: 0.00 hours
[2026-10-07 20:32:19,512] Finishing training
[2026-10-07 20:32:19,531] GRPO evaluation at step 4: {'eval/mean_reward': 0.75, 'eval/positive_reward_rate': 1.0}
