[2026-10-07 20:19:15,984] GRPOTrainer initialized with group_size=4, beta=0.1, gen_kwargs={'max_new_tokens': 4, 'temperature': 1.0, 'top_p': 1.0, 'top_k': 0, 'do_sample': True}, use_chat_template=False, system_prompt=none
[2026-10-07 20:19:15,984] Acquiring training resources...
[2026-10-07 20:19:15,984] Initialize torch distributed ... 
[2026-10-07 20:19:16,200] Loading evaluation tasks
[2026-10-07 20:19:16,201] Set random seed to 42 for model initialization
[2026-10-07 20:19:16,210] Created Language Model
[2026-10-07 20:19:16,210] Trainable parameters: 22,688 / 22,688 (100.00%)
[2026-10-07 20:19:16,210] Created Optimizer
[2026-10-07 20:19:16,210] Wrapped optimizer with DistributedOptimizer (bucket_cap=25.0MB)
[2026-10-07 20:19:16,210] Skipping parallelism wrapping (single GPU, no FSDP)
[2026-10-07 20:19:16,210] Resources acquired successfully.
[2026-10-07 20:19:16,212] Training start from scratch
[2026-10-07 20:19:16,212] Creating reference model for GRPO...
[2026-10-07 20:19:16,212] Creating reference model from policy weights...
[2026-10-07 20:19:16,215] Reference model created on GPU (device=cuda:0)
[2026-10-07 20:19:16,215] [VRAM] After ref model creation: allocated=0.00 GB, reserved=0.00 GB
[2026-10-07 20:19:16,215] Initializing reward worker via RewardManager...
[2026-10-07 20:19:16,215] Training start from step: 0
[2026-10-07 20:19:16,466] [VRAM] After rollout: peak=0.04 GB
[2026-10-07 20:19:16,516] [VRAM] After ref log probs: peak=0.04 GB
[2026-10-07 20:19:16,631] [VRAM] After optimizer step: peak=0.07 GB
[2026-10-07 20:19:16,632] step: 1, loss: -0.0062, lr: 0.000232, grad_norm: 0.3286, step_time: 0.416s (avg: 0.417s), tok/s: 307.6 (avg: 307.3), TFLOPS/s/GPU: 0.00 (avg: 0.00)
[2026-10-07 20:19:16,640] [VRAM] After rollout: peak=0.07 GB
[2026-10-07 20:19:16,644] [VRAM] After ref log probs: peak=0.07 GB
[2026-10-07 20:19:16,658] [VRAM] After optimizer step: peak=0.07 GB
[2026-10-07 20:19:16,659] step: 1, grpo_loss: -0.0008, policy_loss: -0.0008, kl_loss: 0.0000, mean_reward: 0.5312, mean_ratio: 0.9997, clip_frac: 0.000
[2026-10-07 20:19:16,659] step: 2, loss: -0.0008, lr: 0.000100, grad_norm: 0.3310, step_time: 0.027s (avg: 0.222s), tok/s: 4807.1 (avg: 577.2), TFLOPS/s/GPU: 0.00 (avg: 0.00)
[2026-10-07 20:19:16,667] Skipping HF config: hf_model_type/hf_architecture not set
[2026-10-07 20:19:16,667] Saving checkpoint to /tmp/ironcore-remediation-distributed-v3/distributed-optimizer/grpo/full_online/checkpoint/step_2
[2026-10-07 20:19:16,677] Checkpoint saved successfully. Checkpoint saved in 0.007s
[2026-10-07 20:19:16,677] Training stopped by exit interval: 2
[2026-10-07 20:19:16,677] Total training time: 0.00 hours
[2026-10-07 20:19:16,677] Finishing training
[2026-10-07 20:19:16,697] GRPO evaluation at step 4: {'eval/mean_reward': 0.5625, 'eval/positive_reward_rate': 1.0}
