[2026-10-07 20:20:35,353] Acquiring training resources...
[2026-10-07 20:20:35,353] Initialize torch distributed ... 
[2026-10-07 20:20:35,582] Loading evaluation tasks
[2026-10-07 20:20:35,583] Set random seed to 42 for model initialization
[2026-10-07 20:20:35,595] Created Language Model
[2026-10-07 20:20:35,596] Trainable parameters: 41,376 / 41,376 (100.00%)
[2026-10-07 20:20:35,596] Created Optimizer
[2026-10-07 20:20:35,596] Skipping parallelism wrapping (single GPU, no FSDP)
[2026-10-07 20:20:35,596] Dense FLOP estimate disabled for MoE; use measured tokens/s.
[2026-10-07 20:20:35,596] Resources acquired successfully.
[2026-10-07 20:20:35,599] Training start from scratch
[2026-10-07 20:20:35,599] Training start from step: 0
[2026-10-07 20:20:36,008] step: 1, loss: 3.4556, lr: 0.000550, grad_norm: 2.0960, step_time: 0.409s (avg: 0.409s), tok/s: 313.2 (avg: 313.1)
[2026-10-07 20:20:36,025] step: 2, loss: 3.4053, lr: 0.000232, grad_norm: 2.1302, step_time: 0.017s (avg: 0.213s), tok/s: 7653.2 (avg: 601.4)
[2026-10-07 20:20:36,031] Skipping HF config: hf_model_type/hf_architecture not set
[2026-10-07 20:20:36,032] Saving checkpoint to /tmp/ironcore-remediation-distributed-v3/moe-ep-all/sft/full_resume/checkpoint/step_2
[2026-10-07 20:20:36,046] Checkpoint saved successfully. Checkpoint saved in 0.012s
[2026-10-07 20:20:36,046] Training stopped by exit interval: 2
[2026-10-07 20:20:36,046] Total training time: 0.00 hours
[2026-10-07 20:20:36,046] Finishing training
[2026-10-07 20:20:43,153] Acquiring training resources...
[2026-10-07 20:20:43,153] Initialize torch distributed ... 
[2026-10-07 20:20:43,372] Loading evaluation tasks
[2026-10-07 20:20:43,373] Set random seed to 42 for model initialization
[2026-10-07 20:20:43,385] Created Language Model
[2026-10-07 20:20:43,386] Trainable parameters: 41,376 / 41,376 (100.00%)
[2026-10-07 20:20:43,386] Created Optimizer
[2026-10-07 20:20:43,386] Skipping parallelism wrapping (single GPU, no FSDP)
[2026-10-07 20:20:43,386] Dense FLOP estimate disabled for MoE; use measured tokens/s.
[2026-10-07 20:20:43,386] Resources acquired successfully.
[2026-10-07 20:20:43,389] Loading checkpoint from /tmp/ironcore-remediation-distributed-v3/moe-ep-all/sft/full_resume/checkpoint/step_2
[2026-10-07 20:20:43,405] Loading optimizer state dict.
[2026-10-07 20:20:43,405] Checkpoint loaded successfully. Resuming training at step 2. Total time: 0.02s
[2026-10-07 20:20:43,405] Successfully loaded checkpoint: /tmp/ironcore-remediation-distributed-v3/moe-ep-all/sft/full_resume/checkpoint (resuming from step 2)
[2026-10-07 20:20:43,405] Skipping 2 consumed micro-batches to resume data position (16 samples on this rank).
[2026-10-07 20:20:43,407] Training start from step: 2
[2026-10-07 20:20:43,815] step: 3, loss: 3.3442, lr: 0.000100, grad_norm: 2.0310, step_time: 0.407s (avg: 0.408s), tok/s: 314.1 (avg: 314.1)
[2026-10-07 20:20:43,832] step: 4, loss: 3.3418, lr: 0.000100, grad_norm: 2.0830, step_time: 0.017s (avg: 0.212s), tok/s: 7622.0 (avg: 603.1)
[2026-10-07 20:20:43,838] Skipping HF config: hf_model_type/hf_architecture not set
[2026-10-07 20:20:43,838] Saving checkpoint to /tmp/ironcore-remediation-distributed-v3/moe-ep-all/sft/full_resume/checkpoint/step_4
[2026-10-07 20:20:43,858] Checkpoint saved successfully. Checkpoint saved in 0.011s
[2026-10-07 20:20:43,858] Total training time: 0.00 hours
[2026-10-07 20:20:43,858] Finishing training
