[2026-10-07 20:12:11,954] Acquiring training resources...
[2026-10-07 20:12:11,954] Initialize torch distributed ... 
[2026-10-07 20:12:12,186] Loading evaluation tasks
[2026-10-07 20:12:12,187] Set random seed to 42 for model initialization
[2026-10-07 20:12:12,196] Created Language Model
[2026-10-07 20:12:12,196] Trainable parameters: 23,328 / 23,328 (100.00%)
[2026-10-07 20:12:12,196] Created Optimizer
[2026-10-07 20:12:12,196] Skipping parallelism wrapping (single GPU, no FSDP)
[2026-10-07 20:12:12,197] Resources acquired successfully.
[2026-10-07 20:12:12,199] Training start from scratch
[2026-10-07 20:12:12,199] Training start from step: 0
[2026-10-07 20:12:12,543] step: 1, loss: 3.7443, lr: 0.000550, grad_norm: 2.0019, step_time: 0.344s (avg: 0.344s), tok/s: 372.6 (avg: 372.5), TFLOPS/s/GPU: 0.00 (avg: 0.00)
[2026-10-07 20:12:12,550] step: 2, loss: 3.6767, lr: 0.000232, grad_norm: 2.0459, step_time: 0.007s (avg: 0.175s), tok/s: 17886.2 (avg: 729.4), TFLOPS/s/GPU: 0.00 (avg: 0.00)
[2026-10-07 20:12:12,556] Skipping HF config: hf_model_type/hf_architecture not set
[2026-10-07 20:12:12,556] Saving checkpoint to /tmp/ironcore-remediation-distributed-v2/fsdp-alignment/sft/full/checkpoint/step_2
[2026-10-07 20:12:12,566] Checkpoint saved successfully. Checkpoint saved in 0.008s
[2026-10-07 20:12:12,572] step: 3, loss: 3.6307, lr: 0.000100, grad_norm: 1.9968, step_time: 0.006s (avg: 0.124s), tok/s: 22147.2 (avg: 1030.0), TFLOPS/s/GPU: 0.00 (avg: 0.00)
[2026-10-07 20:12:12,578] step: 4, loss: 3.6213, lr: 0.000100, grad_norm: 2.0153, step_time: 0.006s (avg: 0.095s), tok/s: 22664.3 (avg: 1352.7), TFLOPS/s/GPU: 0.00 (avg: 0.00)
[2026-10-07 20:12:12,582] Skipping HF config: hf_model_type/hf_architecture not set
[2026-10-07 20:12:12,582] Saving checkpoint to /tmp/ironcore-remediation-distributed-v2/fsdp-alignment/sft/full/checkpoint/step_4
[2026-10-07 20:12:12,597] Checkpoint saved successfully. Checkpoint saved in 0.007s
[2026-10-07 20:12:12,597] Total training time: 0.00 hours
[2026-10-07 20:12:12,597] Finishing training
