[2026-10-07 19:38:09,427] Acquiring training resources...
[2026-10-07 19:38:09,427] Initialize torch distributed ... 
[2026-10-07 19:38:09,677] Loading evaluation tasks
[2026-10-07 19:38:09,678] Set random seed to 42 for model initialization
[2026-10-07 19:38:09,686] Created Language Model
[2026-10-07 19:38:09,686] Trainable parameters: 23,328 / 23,328 (100.00%)
[2026-10-07 19:38:09,686] Created Optimizer
[2026-10-07 19:38:09,724] Resources acquired successfully.
[2026-10-07 19:38:09,753] Training start from scratch
[2026-10-07 19:38:09,754] Training start from step: 0
[2026-10-07 19:38:10,166] step: 1, loss: 3.7443, lr: 0.000550, grad_norm: 2.0014, step_time: 0.412s (avg: 0.412s), tok/s: 310.5 (avg: 310.5), TFLOPS/s/GPU: 0.00 (avg: 0.00)
[2026-10-07 19:38:10,179] step: 2, loss: 3.6767, lr: 0.000232, grad_norm: 2.0459, step_time: 0.013s (avg: 0.213s), tok/s: 10111.3 (avg: 602.1), TFLOPS/s/GPU: 0.00 (avg: 0.00)
[2026-10-07 19:38:10,191] Skipping HF config: hf_model_type/hf_architecture not set
[2026-10-07 19:38:10,191] Saving checkpoint to /tmp/ironcore-remediation-ad-bf16/sft/dp2/checkpoint/step_2
[2026-10-07 19:38:10,201] Checkpoint saved successfully. Checkpoint saved in 0.007s
[2026-10-07 19:38:10,212] step: 3, loss: 3.6306, lr: 0.000100, grad_norm: 1.9966, step_time: 0.011s (avg: 0.153s), tok/s: 11251.6 (avg: 838.0), TFLOPS/s/GPU: 0.00 (avg: 0.00)
[2026-10-07 19:38:10,223] step: 4, loss: 3.6212, lr: 0.000100, grad_norm: 2.0152, step_time: 0.011s (avg: 0.117s), tok/s: 11708.0 (avg: 1091.1), TFLOPS/s/GPU: 0.00 (avg: 0.00)
[2026-10-07 19:38:10,231] Skipping HF config: hf_model_type/hf_architecture not set
[2026-10-07 19:38:10,231] Saving checkpoint to /tmp/ironcore-remediation-ad-bf16/sft/dp2/checkpoint/step_4
[2026-10-07 19:38:10,242] Checkpoint saved successfully. Checkpoint saved in 0.007s
[2026-10-07 19:38:10,242] Total training time: 0.00 hours
[2026-10-07 19:38:10,242] Finishing training
