[2026-10-07 20:30:21,586] DPOTrainer initialized with beta=0.5, concat_passes=True, metrics_interval=0
[2026-10-07 20:30:21,586] Acquiring training resources...
[2026-10-07 20:30:21,586] Initialize torch distributed ... 
[2026-10-07 20:30:21,849] Loading evaluation tasks
[2026-10-07 20:30:21,850] Set random seed to 42 for model initialization
[2026-10-07 20:30:21,861] Created Language Model
[2026-10-07 20:30:21,862] Trainable parameters: 41,376 / 41,376 (100.00%)
[2026-10-07 20:30:21,862] Created Optimizer
[2026-10-07 20:30:21,862] Skipping parallelism wrapping (single GPU, no FSDP)
[2026-10-07 20:30:21,862] Dense FLOP estimate disabled for MoE; use measured tokens/s.
[2026-10-07 20:30:21,862] Resources acquired successfully.
[2026-10-07 20:30:21,865] Training start from scratch
[2026-10-07 20:30:21,865] Creating reference model with beta=0.5
[2026-10-07 20:30:21,865] Creating reference model from policy weights...
[2026-10-07 20:30:21,870] Training start from step: 0
[2026-10-07 20:30:22,307] step: 1, loss: 0.6931, lr: 0.000550, grad_norm: 9.5674, step_time: 0.436s (avg: 0.436s), tok/s: 293.6 (avg: 293.5)
[2026-10-07 20:30:22,354] step: 1, dpo_loss: 0.4599, margin: 0.7038, accuracy: 1.0000
[2026-10-07 20:30:22,354] step: 2, loss: 0.4599, lr: 0.000232, grad_norm: 7.0702, step_time: 0.047s (avg: 0.242s), tok/s: 2732.0 (avg: 529.8)
[2026-10-07 20:30:22,367] Skipping HF config: hf_model_type/hf_architecture not set
[2026-10-07 20:30:22,367] Saving checkpoint to /tmp/ironcore-remediation-distributed-v3/batched-moe/dpo/accum/checkpoint/step_2
[2026-10-07 20:30:22,387] Checkpoint saved successfully. Checkpoint saved in 0.011s
[2026-10-07 20:30:22,432] step: 2, dpo_loss: 0.3205, margin: 1.7259, accuracy: 1.0000
[2026-10-07 20:30:22,432] step: 3, loss: 0.3205, lr: 0.000100, grad_norm: 5.2068, step_time: 0.045s (avg: 0.187s), tok/s: 2838.8 (avg: 684.0)
[2026-10-07 20:30:22,476] step: 3, dpo_loss: 0.2976, margin: 1.7476, accuracy: 1.0000
[2026-10-07 20:30:22,476] step: 4, loss: 0.2976, lr: 0.000100, grad_norm: 4.9518, step_time: 0.044s (avg: 0.151s), tok/s: 2902.5 (avg: 845.3)
[2026-10-07 20:30:22,483] Skipping HF config: hf_model_type/hf_architecture not set
[2026-10-07 20:30:22,484] Saving checkpoint to /tmp/ironcore-remediation-distributed-v3/batched-moe/dpo/accum/checkpoint/step_4
[2026-10-07 20:30:22,498] Checkpoint saved successfully. Checkpoint saved in 0.011s
[2026-10-07 20:30:22,498] Total training time: 0.00 hours
[2026-10-07 20:30:22,498] Finishing training
