[2026-10-07 21:09:25,481] GRPOTrainer initialized with group_size=4, beta=0.1, gen_kwargs={'max_new_tokens': 4, 'temperature': 1.0, 'top_p': 1.0, 'top_k': 0, 'do_sample': True}, use_chat_template=False, system_prompt=none
[2026-10-07 21:09:25,481] Acquiring training resources...
[2026-10-07 21:09:25,481] Initialize torch distributed ... 
[2026-10-07 21:09:25,753] Loading evaluation tasks
[2026-10-07 21:09:25,754] Set random seed to 42 for model initialization
[2026-10-07 21:09:25,763] Created Language Model
[2026-10-07 21:09:25,763] Trainable parameters: 22,688 / 22,688 (100.00%)
[2026-10-07 21:09:25,763] Created Optimizer
[2026-10-07 21:09:25,764] Wrapped optimizer with DistributedOptimizer (bucket_cap=25.0MB)
[2026-10-07 21:09:25,801] Resources acquired successfully.
[2026-10-07 21:09:25,831] Training start from scratch
[2026-10-07 21:09:25,831] Creating reference model for GRPO...
[2026-10-07 21:09:25,831] Creating reference model from policy weights...
[2026-10-07 21:09:25,834] Reference model created on GPU (device=cuda:0)
[2026-10-07 21:09:25,835] [VRAM] After ref model creation: allocated=0.00 GB, reserved=0.00 GB
[2026-10-07 21:09:25,835] Initializing reward worker via RewardManager...
[2026-10-07 21:09:25,835] Training start from step: 0
[2026-10-07 21:09:26,156] [VRAM] After rollout: peak=0.03 GB
[2026-10-07 21:09:26,212] [VRAM] After ref log probs: peak=0.03 GB
[2026-10-07 21:09:26,356] [VRAM] After optimizer step: peak=0.07 GB
[2026-10-07 21:09:26,356] step: 1, loss: -0.0065, lr: 0.000232, grad_norm: 0.3724, step_time: 0.521s (avg: 0.522s), tok/s: 245.7 (avg: 245.4), TFLOPS/s/GPU: 0.00 (avg: 0.00)
[2026-10-07 21:09:26,373] [VRAM] After rollout: peak=0.07 GB
[2026-10-07 21:09:26,380] [VRAM] After ref log probs: peak=0.07 GB
[2026-10-07 21:09:26,411] [VRAM] After optimizer step: peak=0.07 GB
[2026-10-07 21:09:26,412] step: 1, grpo_loss: -0.0022, policy_loss: -0.0022, kl_loss: 0.0000, mean_reward: 0.6250, mean_ratio: 1.0000, clip_frac: 0.000
[2026-10-07 21:09:26,412] step: 2, loss: -0.0022, lr: 0.000100, grad_norm: 0.7199, step_time: 0.055s (avg: 0.288s), tok/s: 2343.7 (avg: 443.9), TFLOPS/s/GPU: 0.00 (avg: 0.00)
[2026-10-07 21:09:26,441] Skipping HF config: hf_model_type/hf_architecture not set
[2026-10-07 21:09:26,442] Saving checkpoint to /tmp/ironcore-remediation-final-validation-v2/distopt-bf16/grpo/dp2_online/checkpoint/step_2
[2026-10-07 21:09:26,455] Checkpoint saved successfully. Checkpoint saved in 0.031s
[2026-10-07 21:09:26,455] Training stopped by exit interval: 2
[2026-10-07 21:09:26,455] Total training time: 0.00 hours
[2026-10-07 21:09:26,455] Finishing training
[2026-10-07 21:09:26,475] GRPO evaluation at step 4: {'eval/mean_reward': 0.6875, 'eval/positive_reward_rate': 1.0}
