[2026-10-07 19:39:49,802] DPOTrainer initialized with beta=0.5, concat_passes=True, metrics_interval=0
[2026-10-07 19:39:49,803] Acquiring training resources...
[2026-10-07 19:39:49,803] Initialize torch distributed ... 
[2026-10-07 19:39:50,047] Loading evaluation tasks
[2026-10-07 19:39:50,048] Set random seed to 42 for model initialization
[2026-10-07 19:39:50,056] Created Language Model
[2026-10-07 19:39:50,056] Trainable parameters: 23,328 / 23,328 (100.00%)
[2026-10-07 19:39:50,056] Created Optimizer
[2026-10-07 19:39:50,094] Resources acquired successfully.
[2026-10-07 19:39:50,124] Training start from scratch
[2026-10-07 19:39:50,124] Creating reference model with beta=0.5
[2026-10-07 19:39:50,124] Creating reference model from policy weights...
[2026-10-07 19:39:50,127] Training start from step: 0
[2026-10-07 19:39:50,566] step: 1, loss: 0.6931, lr: 0.000550, grad_norm: 9.2444, step_time: 0.438s (avg: 0.439s), tok/s: 292.0 (avg: 291.9), TFLOPS/s/GPU: 0.00 (avg: 0.00)
[2026-10-07 19:39:50,583] step: 1, dpo_loss: 0.4648, margin: 1.1721, accuracy: 1.0000
[2026-10-07 19:39:50,583] step: 2, loss: 0.4648, lr: 0.000232, grad_norm: 6.9151, step_time: 0.017s (avg: 0.228s), tok/s: 7649.4 (avg: 562.0), TFLOPS/s/GPU: 0.00 (avg: 0.00)
[2026-10-07 19:39:50,593] Skipping HF config: hf_model_type/hf_architecture not set
[2026-10-07 19:39:50,593] Saving checkpoint to /tmp/ironcore-remediation-ad-bf16/dpo/dp2/checkpoint/step_2
[2026-10-07 19:39:50,610] Checkpoint saved successfully. Checkpoint saved in 0.012s
[2026-10-07 19:39:50,627] step: 2, dpo_loss: 0.3304, margin: 2.0240, accuracy: 1.0000
[2026-10-07 19:39:50,627] step: 3, loss: 0.3304, lr: 0.000100, grad_norm: 5.1965, step_time: 0.016s (avg: 0.167s), tok/s: 7833.4 (avg: 768.6), TFLOPS/s/GPU: 0.00 (avg: 0.00)
[2026-10-07 19:39:50,642] step: 3, dpo_loss: 0.3082, margin: 2.1617, accuracy: 1.0000
[2026-10-07 19:39:50,642] step: 4, loss: 0.3082, lr: 0.000100, grad_norm: 4.9323, step_time: 0.015s (avg: 0.129s), tok/s: 8562.4 (avg: 994.7), TFLOPS/s/GPU: 0.00 (avg: 0.00)
[2026-10-07 19:39:50,651] Skipping HF config: hf_model_type/hf_architecture not set
[2026-10-07 19:39:50,651] Saving checkpoint to /tmp/ironcore-remediation-ad-bf16/dpo/dp2/checkpoint/step_4
[2026-10-07 19:39:50,661] Checkpoint saved successfully. Checkpoint saved in 0.009s
[2026-10-07 19:39:50,661] Total training time: 0.00 hours
[2026-10-07 19:39:50,661] Finishing training
