[2026-10-07 21:00:32,400] Acquiring training resources...
[2026-10-07 21:00:32,400] Initialize torch distributed ... 
/tmp/ironcore-validation-env/lib/python3.12/site-packages/torchdata/stateful_dataloader/stateful_dataloader.py:379: UserWarning: 'set_vital' is deprecated, please do not call
  torch.set_vital("Dataloader", "enabled", "True")  # type: ignore[attr-defined]
/tmp/ironcore-validation-env/lib/python3.12/site-packages/torchdata/stateful_dataloader/stateful_dataloader.py:379: UserWarning: 'set_vital' is deprecated, please do not call
  torch.set_vital("Dataloader", "enabled", "True")  # type: ignore[attr-defined]
[2026-10-07 21:00:32,662] Loading evaluation tasks
[2026-10-07 21:00:32,663] Set random seed to 42 for model initialization
[2026-10-07 21:00:32,670] Created Language Model
[2026-10-07 21:00:32,671] Trainable parameters: 22,688 / 22,688 (100.00%)
[2026-10-07 21:00:32,671] Created Optimizer
[2026-10-07 21:00:32,708] Resources acquired successfully.
[2026-10-07 21:00:32,739] Training start from scratch
[2026-10-07 21:00:32,739] Training start from step: 0
[2026-10-07 21:00:36,544] step: 1, loss: 3.4754, lr: 0.000550, grad_norm: 2.1302, step_time: 3.804s (avg: 3.805s), tok/s: 33.6 (avg: 33.6), TFLOPS/s/GPU: 0.00 (avg: 0.00)
[2026-10-07 21:00:36,559] step: 2, loss: 3.3932, lr: 0.000232, grad_norm: 2.0705, step_time: 0.015s (avg: 1.910s), tok/s: 8493.3 (avg: 67.0), TFLOPS/s/GPU: 0.00 (avg: 0.00)
[2026-10-07 21:00:40,053] Skipping HF config: hf_model_type/hf_architecture not set
[2026-10-07 21:00:40,054] Saving checkpoint to /tmp/ironcore-remediation-final-validation-v2/stateful-workers2/sft/dp2_resume/checkpoint/step_2
[2026-10-07 21:00:40,068] Checkpoint saved successfully. Checkpoint saved in 0.012s
[2026-10-07 21:00:40,069] Training stopped by exit interval: 2
[2026-10-07 21:00:40,069] Total training time: 0.00 hours
[2026-10-07 21:00:40,069] Finishing training
[2026-10-07 21:00:49,051] Acquiring training resources...
[2026-10-07 21:00:49,052] Initialize torch distributed ... 
/tmp/ironcore-validation-env/lib/python3.12/site-packages/torchdata/stateful_dataloader/stateful_dataloader.py:379: UserWarning: 'set_vital' is deprecated, please do not call
  torch.set_vital("Dataloader", "enabled", "True")  # type: ignore[attr-defined]
/tmp/ironcore-validation-env/lib/python3.12/site-packages/torchdata/stateful_dataloader/stateful_dataloader.py:379: UserWarning: 'set_vital' is deprecated, please do not call
  torch.set_vital("Dataloader", "enabled", "True")  # type: ignore[attr-defined]
[2026-10-07 21:00:49,325] Loading evaluation tasks
[2026-10-07 21:00:49,326] Set random seed to 42 for model initialization
[2026-10-07 21:00:49,333] Created Language Model
[2026-10-07 21:00:49,334] Trainable parameters: 22,688 / 22,688 (100.00%)
[2026-10-07 21:00:49,334] Created Optimizer
[2026-10-07 21:00:49,370] Resources acquired successfully.
[2026-10-07 21:00:49,401] Loading checkpoint from /tmp/ironcore-remediation-final-validation-v2/stateful-workers2/sft/dp2_resume/checkpoint/step_2
[2026-10-07 21:00:49,409] Loading optimizer state dict.
[2026-10-07 21:00:49,409] Checkpoint loaded successfully. Resuming training at step 2. Total time: 0.01s
[2026-10-07 21:00:49,409] Successfully loaded checkpoint: /tmp/ironcore-remediation-final-validation-v2/stateful-workers2/sft/dp2_resume/checkpoint (resuming from step 2)
[2026-10-07 21:00:56,365] Training start from step: 2
[2026-10-07 21:00:56,705] step: 3, loss: 3.3553, lr: 0.000100, grad_norm: 1.9948, step_time: 0.341s (avg: 0.341s), tok/s: 375.8 (avg: 375.7), TFLOPS/s/GPU: 0.00 (avg: 0.00)
[2026-10-07 21:00:56,721] step: 4, loss: 3.3337, lr: 0.000100, grad_norm: 1.9735, step_time: 0.016s (avg: 0.178s), tok/s: 8126.2 (avg: 717.7), TFLOPS/s/GPU: 0.00 (avg: 0.00)
[2026-10-07 21:00:56,727] Skipping HF config: hf_model_type/hf_architecture not set
[2026-10-07 21:00:56,727] Saving checkpoint to /tmp/ironcore-remediation-final-validation-v2/stateful-workers2/sft/dp2_resume/checkpoint/step_4
[2026-10-07 21:00:56,741] Checkpoint saved successfully. Checkpoint saved in 0.011s
[2026-10-07 21:00:56,741] Total training time: 0.00 hours
[2026-10-07 21:00:56,741] Finishing training
