[2026-10-07 20:19:43,745] Acquiring training resources...
[2026-10-07 20:19:43,745] Initialize torch distributed ... 
[2026-10-07 20:19:43,959] Loading evaluation tasks
[2026-10-07 20:19:43,960] Set random seed to 42 for model initialization
[2026-10-07 20:19:43,972] Created Language Model
[2026-10-07 20:19:43,973] Trainable parameters: 41,376 / 41,376 (100.00%)
[2026-10-07 20:19:43,973] Created Optimizer
[2026-10-07 20:19:43,973] Skipping parallelism wrapping (single GPU, no FSDP)
[2026-10-07 20:19:43,973] Dense FLOP estimate disabled for MoE; use measured tokens/s.
[2026-10-07 20:19:43,973] Resources acquired successfully.
[2026-10-07 20:19:43,976] Training start from scratch
[2026-10-07 20:19:43,976] Training start from step: 0
[2026-10-07 20:19:44,379] step: 1, loss: 3.4661, lr: 0.000550, grad_norm: 2.0616, step_time: 0.402s (avg: 0.403s), tok/s: 318.0 (avg: 318.0)
[2026-10-07 20:19:44,395] step: 2, loss: 3.3970, lr: 0.000232, grad_norm: 2.0187, step_time: 0.016s (avg: 0.210s), tok/s: 7794.7 (avg: 610.8)
[2026-10-07 20:19:44,405] Skipping HF config: hf_model_type/hf_architecture not set
[2026-10-07 20:19:44,405] Saving checkpoint to /tmp/ironcore-remediation-distributed-v3/moe-ep-all/pretrain/full_resume/checkpoint/step_2
[2026-10-07 20:19:44,422] Checkpoint saved successfully. Checkpoint saved in 0.011s
[2026-10-07 20:19:44,422] Training stopped by exit interval: 2
[2026-10-07 20:19:44,422] Total training time: 0.00 hours
[2026-10-07 20:19:44,422] Finishing training
[2026-10-07 20:19:51,527] Acquiring training resources...
[2026-10-07 20:19:51,527] Initialize torch distributed ... 
[2026-10-07 20:19:51,749] Loading evaluation tasks
[2026-10-07 20:19:51,750] Set random seed to 42 for model initialization
[2026-10-07 20:19:51,761] Created Language Model
[2026-10-07 20:19:51,762] Trainable parameters: 41,376 / 41,376 (100.00%)
[2026-10-07 20:19:51,762] Created Optimizer
[2026-10-07 20:19:51,762] Skipping parallelism wrapping (single GPU, no FSDP)
[2026-10-07 20:19:51,762] Dense FLOP estimate disabled for MoE; use measured tokens/s.
[2026-10-07 20:19:51,762] Resources acquired successfully.
[2026-10-07 20:19:51,765] Loading checkpoint from /tmp/ironcore-remediation-distributed-v3/moe-ep-all/pretrain/full_resume/checkpoint/step_2
[2026-10-07 20:19:51,780] Loading optimizer state dict.
[2026-10-07 20:19:51,781] Checkpoint loaded successfully. Resuming training at step 2. Total time: 0.02s
[2026-10-07 20:19:51,781] Successfully loaded checkpoint: /tmp/ironcore-remediation-distributed-v3/moe-ep-all/pretrain/full_resume/checkpoint (resuming from step 2)
[2026-10-07 20:19:51,781] Skipping 2 consumed micro-batches to resume data position (16 samples on this rank).
[2026-10-07 20:19:51,783] Training start from step: 2
[2026-10-07 20:19:52,182] step: 3, loss: 3.3456, lr: 0.000100, grad_norm: 1.9645, step_time: 0.400s (avg: 0.400s), tok/s: 320.4 (avg: 320.3)
[2026-10-07 20:19:52,199] step: 4, loss: 3.3337, lr: 0.000100, grad_norm: 1.9576, step_time: 0.017s (avg: 0.208s), tok/s: 7677.9 (avg: 614.7)
[2026-10-07 20:19:52,205] Skipping HF config: hf_model_type/hf_architecture not set
[2026-10-07 20:19:52,205] Saving checkpoint to /tmp/ironcore-remediation-distributed-v3/moe-ep-all/pretrain/full_resume/checkpoint/step_4
[2026-10-07 20:19:52,225] Checkpoint saved successfully. Checkpoint saved in 0.014s
[2026-10-07 20:19:52,225] Total training time: 0.00 hours
[2026-10-07 20:19:52,225] Finishing training
