[2026-10-07 23:03:27,787] GRPOTrainer initialized with group_size=4, beta=0.1, gen_kwargs={'max_new_tokens': 4, 'temperature': 1.0, 'top_p': 1.0, 'top_k': 0, 'do_sample': True}, use_chat_template=False, system_prompt=none
[2026-10-07 23:03:27,787] Acquiring training resources...
[2026-10-07 23:03:27,787] Initialize torch distributed ... 
[2026-10-07 23:03:28,137] Loading evaluation tasks
[2026-10-07 23:03:28,137] Set random seed to 83 for model initialization
[2026-10-07 23:03:28,141] Created Language Model
[2026-10-07 23:03:28,141] Loading pretrained weights from HuggingFace: /tmp/ironcore-grpo-trl-dp2-v1-initial-model
[2026-10-07 23:03:28,141] Downloaded/loaded from cache: /tmp/ironcore-grpo-trl-dp2-v1-initial-model
[2026-10-07 23:03:28,154] HF weights loaded: 16 keys, 1 missing, 0 unexpected
[2026-10-07 23:03:28,155] Trainable parameters: 76,096 / 76,096 (100.00%)
[2026-10-07 23:03:28,155] Created Optimizer
[2026-10-07 23:03:28,187] Resources acquired successfully.
[2026-10-07 23:03:28,218] Training start from scratch
[2026-10-07 23:03:28,218] Creating reference model for GRPO...
[2026-10-07 23:03:28,218] Creating reference model from policy weights...
[2026-10-07 23:03:28,222] Reference model created on GPU (device=cuda:0)
[2026-10-07 23:03:28,222] [VRAM] After ref model creation: allocated=0.00 GB, reserved=0.00 GB
[2026-10-07 23:03:28,222] Initializing reward worker via RewardManager...
[2026-10-07 23:03:28,341] Training start from step: 0
[2026-10-07 23:03:28,369] [VRAM] After rollout: peak=0.01 GB
[2026-10-07 23:03:28,407] [VRAM] After ref log probs: peak=0.01 GB
[2026-10-07 23:03:28,859] [VRAM] After optimizer step: peak=0.02 GB
[2026-10-07 23:03:28,862] [VRAM] After rollout: peak=0.02 GB
[2026-10-07 23:03:28,866] [VRAM] After ref log probs: peak=0.02 GB
[2026-10-07 23:03:29,118] [VRAM] After optimizer step: peak=0.02 GB
[2026-10-07 23:03:29,121] [VRAM] After rollout: peak=0.02 GB
[2026-10-07 23:03:29,123] [VRAM] After ref log probs: peak=0.02 GB
[2026-10-07 23:03:29,140] [VRAM] After optimizer step: peak=0.02 GB
[2026-10-07 23:03:29,142] [VRAM] After rollout: peak=0.02 GB
[2026-10-07 23:03:29,144] [VRAM] After ref log probs: peak=0.02 GB
[2026-10-07 23:03:29,159] [VRAM] After optimizer step: peak=0.02 GB
[2026-10-07 23:03:29,161] [VRAM] After rollout: peak=0.02 GB
[2026-10-07 23:03:29,163] [VRAM] After ref log probs: peak=0.02 GB
[2026-10-07 23:03:29,179] [VRAM] After optimizer step: peak=0.02 GB
[2026-10-07 23:03:29,181] [VRAM] After rollout: peak=0.02 GB
[2026-10-07 23:03:29,183] [VRAM] After ref log probs: peak=0.02 GB
[2026-10-07 23:03:29,201] [VRAM] After optimizer step: peak=0.02 GB
[2026-10-07 23:03:29,203] [VRAM] After rollout: peak=0.02 GB
[2026-10-07 23:03:29,206] [VRAM] After ref log probs: peak=0.02 GB
[2026-10-07 23:03:29,221] [VRAM] After optimizer step: peak=0.02 GB
[2026-10-07 23:03:29,223] [VRAM] After rollout: peak=0.02 GB
[2026-10-07 23:03:29,225] [VRAM] After ref log probs: peak=0.02 GB
[2026-10-07 23:03:29,241] [VRAM] After optimizer step: peak=0.02 GB
[2026-10-07 23:03:29,242] [VRAM] After rollout: peak=0.02 GB
[2026-10-07 23:03:29,245] [VRAM] After ref log probs: peak=0.02 GB
[2026-10-07 23:03:29,259] [VRAM] After optimizer step: peak=0.02 GB
[2026-10-07 23:03:29,261] [VRAM] After rollout: peak=0.02 GB
[2026-10-07 23:03:29,264] [VRAM] After ref log probs: peak=0.02 GB
[2026-10-07 23:03:29,278] [VRAM] After optimizer step: peak=0.02 GB
[2026-10-07 23:03:29,279] [VRAM] After rollout: peak=0.02 GB
[2026-10-07 23:03:29,282] [VRAM] After ref log probs: peak=0.02 GB
[2026-10-07 23:03:29,298] [VRAM] After optimizer step: peak=0.02 GB
[2026-10-07 23:03:29,300] [VRAM] After rollout: peak=0.02 GB
[2026-10-07 23:03:29,302] [VRAM] After ref log probs: peak=0.02 GB
[2026-10-07 23:03:29,316] [VRAM] After optimizer step: peak=0.02 GB
[2026-10-07 23:03:29,316] Skip checkpoint saving since no-save flag is set
[2026-10-07 23:03:29,316] Total training time: 0.00 hours
[2026-10-07 23:03:29,316] Finishing training
{'train_runtime': '0.4058', 'train_samples_per_second': '473.2', 'train_steps_per_second': '59.15', 'train_loss': '0.132', 'num_tokens': '576', 'completions/mean_length': '4', 'completions/min_length': '4', 'completions/max_length': '4', 'completions/clipped_ratio': '0', 'completions/mean_terminated_length': '4', 'completions/min_terminated_length': '4', 'completions/max_terminated_length': '4', 'rewards/rewards/mean': '0.75', 'rewards/rewards/std': '0.2673', 'reward': '0.75', 'reward_std': '0.2673', 'frac_reward_zero_std': '0', 'kl': '1.694', 'entropy': '3.267', 'clip_ratio/low_mean': '0.04688', 'clip_ratio/low_min': '0.04688', 'clip_ratio/high_mean': '0.01562', 'clip_ratio/high_max': '0.01562', 'clip_ratio/region_mean': '0.0625', 'step_time': '0.01191', 'epoch': '3'}
