[2026-10-07 23:49:17,288] GRPOTrainer initialized with group_size=4, beta=0.1, gen_kwargs={'max_new_tokens': 4, 'temperature': 1.0, 'top_p': 1.0, 'top_k': 0, 'do_sample': True}, use_chat_template=False, system_prompt=none
[2026-10-07 23:49:17,288] Acquiring training resources...
[2026-10-07 23:49:17,288] Initialize torch distributed ... 
[2026-10-07 23:49:17,565] Loading evaluation tasks
[2026-10-07 23:49:17,566] Set random seed to 42 for model initialization
[2026-10-07 23:49:17,579] Created Language Model
[2026-10-07 23:49:17,579] Trainable parameters: 41,376 / 41,376 (100.00%)
[2026-10-07 23:49:17,579] Created Optimizer
[2026-10-07 23:49:17,579] Skipping parallelism wrapping (single GPU, no FSDP)
[2026-10-07 23:49:17,579] Dense FLOP estimate disabled for MoE; use measured tokens/s.
[2026-10-07 23:49:17,579] Resources acquired successfully.
[2026-10-07 23:49:17,582] Training start from scratch
[2026-10-07 23:49:17,583] Creating reference model for GRPO...
[2026-10-07 23:49:17,583] Creating reference model from policy weights...
[2026-10-07 23:49:17,588] Reference model created on GPU (device=cuda:0)
[2026-10-07 23:49:17,588] [VRAM] After ref model creation: allocated=0.00 GB, reserved=0.00 GB
[2026-10-07 23:49:17,588] Initializing reward worker via RewardManager...
[2026-10-07 23:49:17,588] Training start from step: 0
[2026-10-07 23:49:18,010] [VRAM] After rollout: peak=0.04 GB
[2026-10-07 23:49:18,033] [VRAM] After ref log probs: peak=0.04 GB
[2026-10-07 23:49:18,179] [VRAM] After optimizer step: peak=0.07 GB
[2026-10-07 23:49:18,179] step: 1, loss: -0.0062, lr: 0.000232, grad_norm: 0.3271, step_time: 0.590s (avg: 0.591s), tok/s: 216.8 (avg: 216.6)
[2026-10-07 23:49:18,199] [VRAM] After rollout: peak=0.07 GB
[2026-10-07 23:49:18,207] [VRAM] After ref log probs: peak=0.07 GB
[2026-10-07 23:49:18,240] [VRAM] After optimizer step: peak=0.07 GB
[2026-10-07 23:49:18,241] step: 1, grpo_loss: -0.0008, policy_loss: -0.0008, kl_loss: 0.0000, mean_reward: 0.5312, mean_ratio: 0.9997, clip_frac: 0.000
[2026-10-07 23:49:18,241] step: 2, loss: -0.0008, lr: 0.000100, grad_norm: 0.3294, step_time: 0.061s (avg: 0.326s), tok/s: 2101.1 (avg: 392.5)
[2026-10-07 23:49:18,250] Skipping HF config: hf_model_type/hf_architecture not set
[2026-10-07 23:49:18,250] Saving checkpoint to /tmp/ironcore-grpo-reference-postfix/native-moe-bf16-matrix/grpo/full_online/checkpoint/step_2
[2026-10-07 23:49:18,268] Checkpoint saved successfully. Checkpoint saved in 0.016s
[2026-10-07 23:49:18,268] Training stopped by exit interval: 2
[2026-10-07 23:49:18,268] Total training time: 0.00 hours
[2026-10-07 23:49:18,268] Finishing training
[2026-10-07 23:49:18,321] GRPO evaluation at step 4: {'eval/mean_reward': 0.5625, 'eval/positive_reward_rate': 1.0}
