[2026-10-07 20:18:51,289] GRPOTrainer initialized with group_size=4, beta=0.1, gen_kwargs={'max_new_tokens': 4, 'temperature': 1.0, 'top_p': 1.0, 'top_k': 0, 'do_sample': True}, use_chat_template=False, system_prompt=none
[2026-10-07 20:18:51,289] Acquiring training resources...
[2026-10-07 20:18:51,289] Initialize torch distributed ... 
[2026-10-07 20:18:51,540] Loading evaluation tasks
[2026-10-07 20:18:51,541] Set random seed to 42 for model initialization
[2026-10-07 20:18:51,549] Created Language Model
[2026-10-07 20:18:51,550] Trainable parameters: 22,688 / 22,688 (100.00%)
[2026-10-07 20:18:51,550] Created Optimizer
[2026-10-07 20:18:51,550] Wrapped optimizer with DistributedOptimizer (bucket_cap=25.0MB)
[2026-10-07 20:18:51,598] Resources acquired successfully.
[2026-10-07 20:18:51,670] Training start from scratch
[2026-10-07 20:18:51,670] Creating reference model for GRPO...
[2026-10-07 20:18:51,670] Creating reference model from policy weights...
[2026-10-07 20:18:51,673] Reference model created on GPU (device=cuda:0)
[2026-10-07 20:18:51,673] [VRAM] After ref model creation: allocated=0.00 GB, reserved=0.00 GB
[2026-10-07 20:18:51,673] Initializing reward worker via RewardManager...
[2026-10-07 20:18:51,674] Training start from step: 0
[2026-10-07 20:18:51,898] [VRAM] After rollout: peak=0.03 GB
[2026-10-07 20:18:51,948] [VRAM] After ref log probs: peak=0.03 GB
[2026-10-07 20:18:52,093] [VRAM] After optimizer step: peak=0.06 GB
[2026-10-07 20:18:52,093] step: 1, loss: -0.0542, lr: 0.000232, grad_norm: 3.3432, step_time: 0.419s (avg: 0.419s), tok/s: 305.7 (avg: 305.4), TFLOPS/s/GPU: 0.00 (avg: 0.00)
[2026-10-07 20:18:52,097] [VRAM] After rollout: peak=0.06 GB
[2026-10-07 20:18:52,103] [VRAM] After ref log probs: peak=0.06 GB
[2026-10-07 20:18:52,129] [VRAM] After optimizer step: peak=0.06 GB
[2026-10-07 20:18:52,129] step: 1, grpo_loss: -0.0100, policy_loss: -0.0121, kl_loss: 0.0020, mean_reward: 0.7500, mean_ratio: 1.0056, clip_frac: 0.000
[2026-10-07 20:18:52,129] step: 2, loss: -0.0100, lr: 0.000100, grad_norm: 3.7023, step_time: 0.036s (avg: 0.228s), tok/s: 3570.4 (avg: 562.0), TFLOPS/s/GPU: 0.00 (avg: 0.00)
[2026-10-07 20:18:52,164] Skipping HF config: hf_model_type/hf_architecture not set
[2026-10-07 20:18:52,164] Saving checkpoint to /tmp/ironcore-remediation-distributed-v3/distributed-optimizer/grpo/dp2/checkpoint/step_2
[2026-10-07 20:18:52,174] Checkpoint saved successfully. Checkpoint saved in 0.026s
[2026-10-07 20:18:52,178] [VRAM] After rollout: peak=0.06 GB
[2026-10-07 20:18:52,185] [VRAM] After ref log probs: peak=0.06 GB
[2026-10-07 20:18:52,211] [VRAM] After optimizer step: peak=0.06 GB
[2026-10-07 20:18:52,211] step: 2, grpo_loss: -0.0019, policy_loss: -0.0052, kl_loss: 0.0033, mean_reward: 0.7500, mean_ratio: 1.0024, clip_frac: 0.000
[2026-10-07 20:18:52,211] step: 3, loss: -0.0019, lr: 0.000100, grad_norm: 3.5535, step_time: 0.037s (avg: 0.179s), tok/s: 3457.3 (avg: 714.4), TFLOPS/s/GPU: 0.00 (avg: 0.00)
[2026-10-07 20:18:52,215] [VRAM] After rollout: peak=0.06 GB
[2026-10-07 20:18:52,221] [VRAM] After ref log probs: peak=0.06 GB
[2026-10-07 20:18:52,247] [VRAM] After optimizer step: peak=0.06 GB
[2026-10-07 20:18:52,248] step: 3, grpo_loss: -0.0019, policy_loss: -0.0052, kl_loss: 0.0034, mean_reward: 0.7500, mean_ratio: 1.0025, clip_frac: 0.000
[2026-10-07 20:18:52,248] step: 4, loss: -0.0019, lr: 0.000100, grad_norm: 3.5539, step_time: 0.036s (avg: 0.144s), tok/s: 3562.5 (avg: 891.9), TFLOPS/s/GPU: 0.00 (avg: 0.00)
[2026-10-07 20:18:52,266] Skipping HF config: hf_model_type/hf_architecture not set
[2026-10-07 20:18:52,266] Saving checkpoint to /tmp/ironcore-remediation-distributed-v3/distributed-optimizer/grpo/dp2/checkpoint/step_4
[2026-10-07 20:18:52,285] Checkpoint saved successfully. Checkpoint saved in 0.021s
[2026-10-07 20:18:52,285] Total training time: 0.00 hours
[2026-10-07 20:18:52,285] Finishing training
[2026-10-07 20:18:52,296] GRPO evaluation at step 4: {'eval/mean_reward': 0.75, 'eval/positive_reward_rate': 1.0}
