[2026-10-07 20:18:34,676] GRPOTrainer initialized with group_size=4, beta=0.1, gen_kwargs={'max_new_tokens': 4, 'temperature': 1.0, 'top_p': 1.0, 'top_k': 0, 'do_sample': True}, use_chat_template=False, system_prompt=none
[2026-10-07 20:18:34,676] Acquiring training resources...
[2026-10-07 20:18:34,676] Initialize torch distributed ... 
[2026-10-07 20:18:34,895] Loading evaluation tasks
[2026-10-07 20:18:34,896] Set random seed to 42 for model initialization
[2026-10-07 20:18:34,905] Created Language Model
[2026-10-07 20:18:34,905] Trainable parameters: 22,688 / 22,688 (100.00%)
[2026-10-07 20:18:34,905] Created Optimizer
[2026-10-07 20:18:34,905] Wrapped optimizer with DistributedOptimizer (bucket_cap=25.0MB)
[2026-10-07 20:18:34,905] Skipping parallelism wrapping (single GPU, no FSDP)
[2026-10-07 20:18:34,905] Resources acquired successfully.
[2026-10-07 20:18:34,906] Training start from scratch
[2026-10-07 20:18:34,906] Creating reference model for GRPO...
[2026-10-07 20:18:34,907] Creating reference model from policy weights...
[2026-10-07 20:18:34,909] Reference model created on GPU (device=cuda:0)
[2026-10-07 20:18:34,910] [VRAM] After ref model creation: allocated=0.00 GB, reserved=0.00 GB
[2026-10-07 20:18:34,910] Initializing reward worker via RewardManager...
[2026-10-07 20:18:34,910] Training start from step: 0
[2026-10-07 20:18:35,132] [VRAM] After rollout: peak=0.03 GB
[2026-10-07 20:18:35,180] [VRAM] After ref log probs: peak=0.03 GB
[2026-10-07 20:18:35,308] [VRAM] After optimizer step: peak=0.07 GB
[2026-10-07 20:18:35,308] step: 1, loss: -0.0542, lr: 0.000232, grad_norm: 3.3432, step_time: 0.398s (avg: 0.398s), tok/s: 321.8 (avg: 321.5), TFLOPS/s/GPU: 0.00 (avg: 0.00)
[2026-10-07 20:18:35,311] [VRAM] After rollout: peak=0.07 GB
[2026-10-07 20:18:35,315] [VRAM] After ref log probs: peak=0.07 GB
[2026-10-07 20:18:35,331] [VRAM] After optimizer step: peak=0.07 GB
[2026-10-07 20:18:35,331] step: 1, grpo_loss: -0.0100, policy_loss: -0.0121, kl_loss: 0.0020, mean_reward: 0.7500, mean_ratio: 1.0056, clip_frac: 0.000
[2026-10-07 20:18:35,331] step: 2, loss: -0.0100, lr: 0.000100, grad_norm: 3.7023, step_time: 0.023s (avg: 0.211s), tok/s: 5606.3 (avg: 607.5), TFLOPS/s/GPU: 0.00 (avg: 0.00)
[2026-10-07 20:18:35,339] Skipping HF config: hf_model_type/hf_architecture not set
[2026-10-07 20:18:35,339] Saving checkpoint to /tmp/ironcore-remediation-distributed-v3/distributed-optimizer/grpo/full_resume/checkpoint/step_2
[2026-10-07 20:18:35,349] Checkpoint saved successfully. Checkpoint saved in 0.008s
[2026-10-07 20:18:35,349] Training stopped by exit interval: 2
[2026-10-07 20:18:35,349] Total training time: 0.00 hours
[2026-10-07 20:18:35,349] Finishing training
[2026-10-07 20:18:35,356] GRPO evaluation at step 4: {'eval/mean_reward': 0.75, 'eval/positive_reward_rate': 1.0}
[2026-10-07 20:18:42,734] GRPOTrainer initialized with group_size=4, beta=0.1, gen_kwargs={'max_new_tokens': 4, 'temperature': 1.0, 'top_p': 1.0, 'top_k': 0, 'do_sample': True}, use_chat_template=False, system_prompt=none
[2026-10-07 20:18:42,734] Acquiring training resources...
[2026-10-07 20:18:42,734] Initialize torch distributed ... 
[2026-10-07 20:18:42,964] Loading evaluation tasks
[2026-10-07 20:18:42,965] Set random seed to 42 for model initialization
[2026-10-07 20:18:42,974] Created Language Model
[2026-10-07 20:18:42,974] Trainable parameters: 22,688 / 22,688 (100.00%)
[2026-10-07 20:18:42,974] Created Optimizer
[2026-10-07 20:18:42,974] Wrapped optimizer with DistributedOptimizer (bucket_cap=25.0MB)
[2026-10-07 20:18:42,974] Skipping parallelism wrapping (single GPU, no FSDP)
[2026-10-07 20:18:42,974] Resources acquired successfully.
[2026-10-07 20:18:42,976] Loading checkpoint from /tmp/ironcore-remediation-distributed-v3/distributed-optimizer/grpo/full_resume/checkpoint/step_2
[2026-10-07 20:18:42,985] Loading optimizer state dict.
[2026-10-07 20:18:42,985] Checkpoint loaded successfully. Resuming training at step 2. Total time: 0.01s
[2026-10-07 20:18:42,985] Successfully loaded checkpoint: /tmp/ironcore-remediation-distributed-v3/distributed-optimizer/grpo/full_resume/checkpoint (resuming from step 2)
[2026-10-07 20:18:42,985] Creating reference model for GRPO...
[2026-10-07 20:18:42,985] Creating reference model from policy weights...
[2026-10-07 20:18:42,988] Reference model created on GPU (device=cuda:0)
[2026-10-07 20:18:42,988] [VRAM] After ref model creation: allocated=0.00 GB, reserved=0.00 GB
[2026-10-07 20:18:42,988] Initializing reward worker via RewardManager...
[2026-10-07 20:18:42,991] Training start from step: 2
[2026-10-07 20:18:43,238] [VRAM] After rollout: peak=0.03 GB
[2026-10-07 20:18:43,287] [VRAM] After ref log probs: peak=0.03 GB
[2026-10-07 20:18:43,417] [VRAM] After optimizer step: peak=0.07 GB
[2026-10-07 20:18:43,417] step: 2, grpo_loss: -0.0019, policy_loss: -0.0052, kl_loss: 0.0033, mean_reward: 0.7500, mean_ratio: 1.0024, clip_frac: 0.000
[2026-10-07 20:18:43,417] step: 3, loss: -0.0019, lr: 0.000100, grad_norm: 3.5535, step_time: 0.425s (avg: 0.426s), tok/s: 301.1 (avg: 300.7), TFLOPS/s/GPU: 0.00 (avg: 0.00)
[2026-10-07 20:18:43,420] [VRAM] After rollout: peak=0.07 GB
[2026-10-07 20:18:43,425] [VRAM] After ref log probs: peak=0.07 GB
[2026-10-07 20:18:43,440] [VRAM] After optimizer step: peak=0.07 GB
[2026-10-07 20:18:43,440] step: 3, grpo_loss: -0.0019, policy_loss: -0.0052, kl_loss: 0.0034, mean_reward: 0.7500, mean_ratio: 1.0025, clip_frac: 0.000
[2026-10-07 20:18:43,440] step: 4, loss: -0.0019, lr: 0.000100, grad_norm: 3.5539, step_time: 0.022s (avg: 0.224s), tok/s: 5702.7 (avg: 570.6), TFLOPS/s/GPU: 0.00 (avg: 0.00)
[2026-10-07 20:18:43,453] Skipping HF config: hf_model_type/hf_architecture not set
[2026-10-07 20:18:43,454] Saving checkpoint to /tmp/ironcore-remediation-distributed-v3/distributed-optimizer/grpo/full_resume/checkpoint/step_4
[2026-10-07 20:18:43,463] Checkpoint saved successfully. Checkpoint saved in 0.007s
[2026-10-07 20:18:43,463] Total training time: 0.00 hours
[2026-10-07 20:18:43,463] Finishing training
[2026-10-07 20:18:43,470] GRPO evaluation at step 4: {'eval/mean_reward': 0.75, 'eval/positive_reward_rate': 1.0}
