[2026-10-07 19:37:27,960] Acquiring training resources...
[2026-10-07 19:37:27,960] Initialize torch distributed ... 
[2026-10-07 19:37:28,192] Loading evaluation tasks
[2026-10-07 19:37:28,193] Set random seed to 42 for model initialization
[2026-10-07 19:37:28,201] Created Language Model
[2026-10-07 19:37:28,201] Trainable parameters: 23,328 / 23,328 (100.00%)
[2026-10-07 19:37:28,201] Created Optimizer
[2026-10-07 19:37:28,202] Skipping parallelism wrapping (single GPU, no FSDP)
[2026-10-07 19:37:28,202] Resources acquired successfully.
[2026-10-07 19:37:28,203] Training start from scratch
[2026-10-07 19:37:28,204] Training start from step: 0
[2026-10-07 19:37:28,597] step: 1, loss: 3.7443, lr: 0.000550, grad_norm: 2.0013, step_time: 0.393s (avg: 0.393s), tok/s: 325.6 (avg: 325.6), TFLOPS/s/GPU: 0.00 (avg: 0.00)
[2026-10-07 19:37:28,605] step: 2, loss: 3.6767, lr: 0.000232, grad_norm: 2.0456, step_time: 0.008s (avg: 0.201s), tok/s: 15821.5 (avg: 637.7), TFLOPS/s/GPU: 0.00 (avg: 0.00)
[2026-10-07 19:37:28,611] Skipping HF config: hf_model_type/hf_architecture not set
[2026-10-07 19:37:28,611] Saving checkpoint to /tmp/ironcore-remediation-ad-bf16/sft/full_resume/checkpoint/step_2
[2026-10-07 19:37:28,626] Checkpoint saved successfully. Checkpoint saved in 0.008s
[2026-10-07 19:37:28,626] Training stopped by exit interval: 2
[2026-10-07 19:37:28,626] Total training time: 0.00 hours
[2026-10-07 19:37:28,626] Finishing training
[2026-10-07 19:37:35,773] Acquiring training resources...
[2026-10-07 19:37:35,773] Initialize torch distributed ... 
[2026-10-07 19:37:35,987] Loading evaluation tasks
[2026-10-07 19:37:35,988] Set random seed to 42 for model initialization
[2026-10-07 19:37:35,996] Created Language Model
[2026-10-07 19:37:35,996] Trainable parameters: 23,328 / 23,328 (100.00%)
[2026-10-07 19:37:35,996] Created Optimizer
[2026-10-07 19:37:35,997] Skipping parallelism wrapping (single GPU, no FSDP)
[2026-10-07 19:37:35,998] Resources acquired successfully.
[2026-10-07 19:37:35,999] Loading checkpoint from /tmp/ironcore-remediation-ad-bf16/sft/full_resume/checkpoint/step_2
[2026-10-07 19:37:36,008] Loading optimizer state dict.
[2026-10-07 19:37:36,008] Checkpoint loaded successfully. Resuming training at step 2. Total time: 0.01s
[2026-10-07 19:37:36,008] Successfully loaded checkpoint: /tmp/ironcore-remediation-ad-bf16/sft/full_resume/checkpoint (resuming from step 2)
[2026-10-07 19:37:36,008] Skipping 2 consumed micro-batches to resume data position (16 samples on this rank).
[2026-10-07 19:37:36,009] Training start from step: 2
[2026-10-07 19:37:36,401] step: 3, loss: 3.6307, lr: 0.000100, grad_norm: 1.9967, step_time: 0.392s (avg: 0.392s), tok/s: 326.8 (avg: 326.8), TFLOPS/s/GPU: 0.00 (avg: 0.00)
[2026-10-07 19:37:36,408] step: 4, loss: 3.6212, lr: 0.000100, grad_norm: 2.0150, step_time: 0.008s (avg: 0.200s), tok/s: 16663.2 (avg: 640.7), TFLOPS/s/GPU: 0.00 (avg: 0.00)
[2026-10-07 19:37:36,414] Skipping HF config: hf_model_type/hf_architecture not set
[2026-10-07 19:37:36,414] Saving checkpoint to /tmp/ironcore-remediation-ad-bf16/sft/full_resume/checkpoint/step_4
[2026-10-07 19:37:36,429] Checkpoint saved successfully. Checkpoint saved in 0.008s
[2026-10-07 19:37:36,429] Total training time: 0.00 hours
[2026-10-07 19:37:36,429] Finishing training
