[2026-10-07 20:20:08,809] Acquiring training resources...
[2026-10-07 20:20:08,809] Initialize torch distributed ... 
[2026-10-07 20:20:09,065] Loading evaluation tasks
[2026-10-07 20:20:09,066] Set random seed to 42 for model initialization
[2026-10-07 20:20:09,077] Created Language Model
[2026-10-07 20:20:09,083] Trainable parameters: 29,088 / 29,088 (100.00%)
[2026-10-07 20:20:09,083] Created Optimizer
[2026-10-07 20:20:09,115] Dense FLOP estimate disabled for MoE; use measured tokens/s.
[2026-10-07 20:20:09,115] Resources acquired successfully.
[2026-10-07 20:20:09,155] Training start from scratch
[2026-10-07 20:20:09,156] Training start from step: 0
[2026-10-07 20:20:09,639] step: 1, loss: 3.4661, lr: 0.000550, grad_norm: 2.0616, step_time: 0.483s (avg: 0.483s), tok/s: 264.8 (avg: 264.8)
[2026-10-07 20:20:09,663] step: 2, loss: 3.3970, lr: 0.000232, grad_norm: 2.0187, step_time: 0.024s (avg: 0.254s), tok/s: 5401.0 (avg: 504.6)
[2026-10-07 20:20:09,691] Training stopped by exit interval: 2
[2026-10-07 20:20:09,691] Total training time: 0.00 hours
[2026-10-07 20:20:09,691] Finishing training
[2026-10-07 20:20:17,804] Acquiring training resources...
[2026-10-07 20:20:17,805] Initialize torch distributed ... 
[2026-10-07 20:20:18,065] Loading evaluation tasks
[2026-10-07 20:20:18,066] Set random seed to 42 for model initialization
[2026-10-07 20:20:18,077] Created Language Model
[2026-10-07 20:20:18,083] Trainable parameters: 29,088 / 29,088 (100.00%)
[2026-10-07 20:20:18,083] Created Optimizer
[2026-10-07 20:20:18,114] Dense FLOP estimate disabled for MoE; use measured tokens/s.
[2026-10-07 20:20:18,114] Resources acquired successfully.
[2026-10-07 20:20:18,163] Successfully loaded checkpoint: /tmp/ironcore-remediation-distributed-v3/moe-ep-all/pretrain/ep2_resume/checkpoint (resuming from step 2)
[2026-10-07 20:20:18,163] Skipping 4 consumed micro-batches to resume data position (8 samples on this rank).
[2026-10-07 20:20:18,165] Training start from step: 2
[2026-10-07 20:20:18,660] step: 3, loss: 3.3456, lr: 0.000100, grad_norm: 1.9645, step_time: 0.494s (avg: 0.494s), tok/s: 259.0 (avg: 259.0)
[2026-10-07 20:20:18,684] step: 4, loss: 3.3337, lr: 0.000100, grad_norm: 1.9576, step_time: 0.024s (avg: 0.259s), tok/s: 5374.6 (avg: 494.0)
[2026-10-07 20:20:18,724] Total training time: 0.00 hours
[2026-10-07 20:20:18,724] Finishing training
