[2026-10-07 20:21:44,340] DPOTrainer initialized with beta=0.5, concat_passes=True, metrics_interval=0
[2026-10-07 20:21:44,340] Acquiring training resources...
[2026-10-07 20:21:44,340] Initialize torch distributed ... 
[2026-10-07 20:21:44,608] Loading evaluation tasks
[2026-10-07 20:21:44,609] Set random seed to 42 for model initialization
[2026-10-07 20:21:44,620] Created Language Model
[2026-10-07 20:21:44,626] Trainable parameters: 29,088 / 29,088 (100.00%)
[2026-10-07 20:21:44,626] Created Optimizer
[2026-10-07 20:21:44,658] Dense FLOP estimate disabled for MoE; use measured tokens/s.
[2026-10-07 20:21:44,658] Resources acquired successfully.
[2026-10-07 20:21:44,698] Training start from scratch
[2026-10-07 20:21:44,698] Creating reference model with beta=0.5
[2026-10-07 20:21:44,698] Creating reference model from policy weights...
[2026-10-07 20:21:44,703] Training start from step: 0
[2026-10-07 20:21:45,201] step: 1, loss: 0.6931, lr: 0.000550, grad_norm: 9.5674, step_time: 0.498s (avg: 0.498s), tok/s: 256.9 (avg: 256.9)
[2026-10-07 20:21:45,234] step: 1, dpo_loss: 0.4599, margin: 0.7038, accuracy: 1.0000
[2026-10-07 20:21:45,234] step: 2, loss: 0.4599, lr: 0.000232, grad_norm: 7.0702, step_time: 0.032s (avg: 0.265s), tok/s: 3989.7 (avg: 482.4)
[2026-10-07 20:21:45,307] step: 2, dpo_loss: 0.3205, margin: 1.7259, accuracy: 1.0000
[2026-10-07 20:21:45,307] step: 3, loss: 0.3205, lr: 0.000100, grad_norm: 5.2068, step_time: 0.032s (avg: 0.201s), tok/s: 4020.2 (avg: 635.4)
[2026-10-07 20:21:45,338] step: 3, dpo_loss: 0.2976, margin: 1.7476, accuracy: 1.0000
[2026-10-07 20:21:45,338] step: 4, loss: 0.2976, lr: 0.000100, grad_norm: 4.9518, step_time: 0.030s (avg: 0.159s), tok/s: 4201.3 (avg: 806.5)
[2026-10-07 20:21:45,372] Total training time: 0.00 hours
[2026-10-07 20:21:45,372] Finishing training
