[2026-10-07 20:57:57,430] GRPOTrainer initialized with group_size=4, beta=0.1, gen_kwargs={'max_new_tokens': 4, 'temperature': 1.0, 'top_p': 1.0, 'top_k': 0, 'do_sample': True}, use_chat_template=False, system_prompt=none
[2026-10-07 20:57:57,430] Acquiring training resources...
[2026-10-07 20:57:57,430] Initialize torch distributed ... 
[2026-10-07 20:57:57,697] Loading evaluation tasks
[2026-10-07 20:57:57,698] Set random seed to 42 for model initialization
[2026-10-07 20:57:57,708] Created Language Model
[2026-10-07 20:57:57,714] Trainable parameters: 29,088 / 29,088 (100.00%)
[2026-10-07 20:57:57,714] Created Optimizer
[2026-10-07 20:57:57,747] Dense FLOP estimate disabled for MoE; use measured tokens/s.
[2026-10-07 20:57:57,747] Resources acquired successfully.
[2026-10-07 20:57:57,789] Training start from scratch
[2026-10-07 20:57:57,789] Creating reference model for GRPO...
[2026-10-07 20:57:57,789] Creating reference model from policy weights...
[2026-10-07 20:57:57,794] Reference model created on GPU (device=cuda:0)
[2026-10-07 20:57:57,794] [VRAM] After ref model creation: allocated=0.00 GB, reserved=0.00 GB
[2026-10-07 20:57:57,794] Initializing reward worker via RewardManager...
[2026-10-07 20:57:57,795] Training start from step: 0
[2026-10-07 20:57:58,268] [VRAM] After rollout: peak=0.03 GB
[2026-10-07 20:57:58,300] [VRAM] After ref log probs: peak=0.03 GB
[2026-10-07 20:57:58,495] [VRAM] After optimizer step: peak=0.07 GB
[2026-10-07 20:57:58,495] step: 1, loss: -0.0065, lr: 0.000232, grad_norm: 0.3725, step_time: 0.700s (avg: 0.701s), tok/s: 182.8 (avg: 182.7)
[2026-10-07 20:57:58,531] [VRAM] After rollout: peak=0.07 GB
[2026-10-07 20:57:58,543] [VRAM] After ref log probs: peak=0.07 GB
[2026-10-07 20:57:58,598] [VRAM] After optimizer step: peak=0.07 GB
[2026-10-07 20:57:58,599] step: 1, grpo_loss: -0.0023, policy_loss: -0.0023, kl_loss: 0.0000, mean_reward: 0.6250, mean_ratio: 1.0001, clip_frac: 0.000
[2026-10-07 20:57:58,599] step: 2, loss: -0.0023, lr: 0.000100, grad_norm: 0.7201, step_time: 0.103s (avg: 0.402s), tok/s: 1243.0 (avg: 318.3)
[2026-10-07 20:57:58,629] Training stopped by exit interval: 2
[2026-10-07 20:57:58,629] Total training time: 0.00 hours
[2026-10-07 20:57:58,629] Finishing training
[2026-10-07 20:57:58,677] GRPO evaluation at step 4: {'eval/mean_reward': 0.65625, 'eval/positive_reward_rate': 1.0}
