[2026-10-07 21:04:04,398] DPOTrainer initialized with beta=0.5, concat_passes=True, metrics_interval=0
[2026-10-07 21:04:04,398] Acquiring training resources...
[2026-10-07 21:04:04,398] Initialize torch distributed ... 
[2026-10-07 21:04:04,623] Loading evaluation tasks
[2026-10-07 21:04:04,624] Set random seed to 42 for model initialization
[2026-10-07 21:04:04,633] Created Language Model
[2026-10-07 21:04:04,633] Trainable parameters: 22,688 / 22,688 (100.00%)
[2026-10-07 21:04:04,634] Created Optimizer
[2026-10-07 21:04:04,634] Skipping parallelism wrapping (single GPU, no FSDP)
[2026-10-07 21:04:04,634] Resources acquired successfully.
[2026-10-07 21:04:04,635] Training start from scratch
[2026-10-07 21:04:04,635] Creating reference model with beta=0.5
[2026-10-07 21:04:04,635] Creating reference model from policy weights...
[2026-10-07 21:04:04,638] Training start from step: 0
[2026-10-07 21:04:05,051] step: 1, loss: 0.6931, lr: 0.000550, grad_norm: 9.5697, step_time: 0.413s (avg: 0.413s), tok/s: 310.2 (avg: 310.2), TFLOPS/s/GPU: 0.00 (avg: 0.00)
[2026-10-07 21:04:05,061] step: 1, dpo_loss: 0.4640, margin: 0.6420, accuracy: 1.0000
[2026-10-07 21:04:05,061] step: 2, loss: 0.4640, lr: 0.000232, grad_norm: 7.1185, step_time: 0.010s (avg: 0.211s), tok/s: 12954.4 (avg: 605.5), TFLOPS/s/GPU: 0.00 (avg: 0.00)
[2026-10-07 21:04:05,069] Skipping HF config: hf_model_type/hf_architecture not set
[2026-10-07 21:04:05,069] Saving checkpoint to /tmp/ironcore-remediation-final-validation-v2/fsdp-bf16/dpo/full_resume/checkpoint/step_2
[2026-10-07 21:04:05,088] Checkpoint saved successfully. Checkpoint saved in 0.016s
[2026-10-07 21:04:05,088] Training stopped by exit interval: 2
[2026-10-07 21:04:05,088] Total training time: 0.00 hours
[2026-10-07 21:04:05,088] Finishing training
[2026-10-07 21:04:12,753] DPOTrainer initialized with beta=0.5, concat_passes=True, metrics_interval=0
[2026-10-07 21:04:12,753] Acquiring training resources...
[2026-10-07 21:04:12,753] Initialize torch distributed ... 
[2026-10-07 21:04:12,975] Loading evaluation tasks
[2026-10-07 21:04:12,976] Set random seed to 42 for model initialization
[2026-10-07 21:04:12,984] Created Language Model
[2026-10-07 21:04:12,984] Trainable parameters: 22,688 / 22,688 (100.00%)
[2026-10-07 21:04:12,984] Created Optimizer
[2026-10-07 21:04:12,984] Skipping parallelism wrapping (single GPU, no FSDP)
[2026-10-07 21:04:12,984] Resources acquired successfully.
[2026-10-07 21:04:12,986] Loading checkpoint from /tmp/ironcore-remediation-final-validation-v2/fsdp-bf16/dpo/full_resume/checkpoint/step_2
[2026-10-07 21:04:12,995] Loading optimizer state dict.
[2026-10-07 21:04:12,995] Checkpoint loaded successfully. Resuming training at step 2. Total time: 0.01s
[2026-10-07 21:04:12,995] Successfully loaded checkpoint: /tmp/ironcore-remediation-final-validation-v2/fsdp-bf16/dpo/full_resume/checkpoint (resuming from step 2)
[2026-10-07 21:04:12,995] Skipping 2 consumed micro-batches to resume data position (16 samples on this rank).
[2026-10-07 21:04:12,996] Creating reference model with beta=0.5
[2026-10-07 21:04:12,996] Creating reference model from policy weights...
[2026-10-07 21:04:13,001] Training start from step: 2
[2026-10-07 21:04:13,423] step: 2, dpo_loss: 0.3254, margin: 1.6590, accuracy: 1.0000
[2026-10-07 21:04:13,423] step: 3, loss: 0.3254, lr: 0.000100, grad_norm: 5.2692, step_time: 0.421s (avg: 0.421s), tok/s: 303.8 (avg: 303.7), TFLOPS/s/GPU: 0.00 (avg: 0.00)
[2026-10-07 21:04:13,432] step: 3, dpo_loss: 0.3021, margin: 1.6736, accuracy: 1.0000
[2026-10-07 21:04:13,432] step: 4, loss: 0.3021, lr: 0.000100, grad_norm: 5.0159, step_time: 0.010s (avg: 0.216s), tok/s: 13379.3 (avg: 593.7), TFLOPS/s/GPU: 0.00 (avg: 0.00)
[2026-10-07 21:04:13,440] Skipping HF config: hf_model_type/hf_architecture not set
[2026-10-07 21:04:13,440] Saving checkpoint to /tmp/ironcore-remediation-final-validation-v2/fsdp-bf16/dpo/full_resume/checkpoint/step_4
[2026-10-07 21:04:13,455] Checkpoint saved successfully. Checkpoint saved in 0.012s
[2026-10-07 21:04:13,455] Total training time: 0.00 hours
[2026-10-07 21:04:13,455] Finishing training
