[2026-10-07 20:27:02,699] Acquiring training resources...
[2026-10-07 20:27:02,699] Initialize torch distributed ... 
[2026-10-07 20:27:02,925] Loading evaluation tasks
[2026-10-07 20:27:02,926] Set random seed to 42 for model initialization
[2026-10-07 20:27:02,938] Created Language Model
[2026-10-07 20:27:02,939] Trainable parameters: 41,376 / 41,376 (100.00%)
[2026-10-07 20:27:02,939] Created Optimizer
[2026-10-07 20:27:02,939] Skipping parallelism wrapping (single GPU, no FSDP)
[2026-10-07 20:27:02,939] Dense FLOP estimate disabled for MoE; use measured tokens/s.
[2026-10-07 20:27:02,939] Resources acquired successfully.
[2026-10-07 20:27:02,942] Training start from scratch
[2026-10-07 20:27:02,942] Training start from step: 0
[2026-10-07 20:27:03,366] step: 1, loss: 3.4661, lr: 0.000550, grad_norm: 2.0616, step_time: 0.424s (avg: 0.424s), tok/s: 302.1 (avg: 302.1)
[2026-10-07 20:27:03,401] step: 2, loss: 3.3970, lr: 0.000232, grad_norm: 2.0187, step_time: 0.035s (avg: 0.230s), tok/s: 3618.1 (avg: 557.4)
[2026-10-07 20:27:03,408] Skipping HF config: hf_model_type/hf_architecture not set
[2026-10-07 20:27:03,408] Saving checkpoint to /tmp/ironcore-remediation-distributed-v3/batched-moe/pretrain/accum/checkpoint/step_2
[2026-10-07 20:27:03,429] Checkpoint saved successfully. Checkpoint saved in 0.012s
[2026-10-07 20:27:03,463] step: 3, loss: 3.3456, lr: 0.000100, grad_norm: 1.9645, step_time: 0.035s (avg: 0.174s), tok/s: 3679.4 (avg: 736.1)
[2026-10-07 20:27:03,499] step: 4, loss: 3.3337, lr: 0.000100, grad_norm: 1.9576, step_time: 0.035s (avg: 0.139s), tok/s: 3667.9 (avg: 919.7)
[2026-10-07 20:27:03,513] Skipping HF config: hf_model_type/hf_architecture not set
[2026-10-07 20:27:03,513] Saving checkpoint to /tmp/ironcore-remediation-distributed-v3/batched-moe/pretrain/accum/checkpoint/step_4
[2026-10-07 20:27:03,534] Checkpoint saved successfully. Checkpoint saved in 0.013s
[2026-10-07 20:27:03,534] Total training time: 0.00 hours
[2026-10-07 20:27:03,534] Finishing training
