[2026-10-07 20:14:14,300] GRPOTrainer initialized with group_size=4, beta=0.1, gen_kwargs={'max_new_tokens': 4, 'temperature': 1.0, 'top_p': 1.0, 'top_k': 0, 'do_sample': True}, use_chat_template=False, system_prompt=none
[2026-10-07 20:14:14,300] Acquiring training resources...
[2026-10-07 20:14:14,300] Initialize torch distributed ... 
[2026-10-07 20:14:14,547] Loading evaluation tasks
[2026-10-07 20:14:14,548] Set random seed to 42 for model initialization
[2026-10-07 20:14:14,556] Created Language Model
[2026-10-07 20:14:14,557] Trainable parameters: 23,328 / 23,328 (100.00%)
[2026-10-07 20:14:14,557] Created Optimizer
[2026-10-07 20:14:14,557] FSDP config: sharding=full, offload=False, use_orig_params=True, forward_prefetch=True
/tmp/ironcore-remediation-distributed-v2-src/ironcore/parallel/parallel.py:243: FutureWarning: FSDP.state_dict_type() and FSDP.set_state_dict_type() are being deprecated. Please use APIs, get_state_dict() and set_state_dict(), which can support different parallelisms, FSDP1, FSDP2, DDP. API doc: https://pytorch.org/docs/stable/distributed.checkpoint.html#torch.distributed.checkpoint.state_dict.get_state_dict .Tutorial: https://pytorch.org/tutorials/recipes/distributed_checkpoint_recipe.html .
  FSDP.set_state_dict_type(
/tmp/ironcore-remediation-distributed-v2-src/ironcore/parallel/parallel.py:243: FutureWarning: FSDP.state_dict_type() and FSDP.set_state_dict_type() are being deprecated. Please use APIs, get_state_dict() and set_state_dict(), which can support different parallelisms, FSDP1, FSDP2, DDP. API doc: https://pytorch.org/docs/stable/distributed.checkpoint.html#torch.distributed.checkpoint.state_dict.get_state_dict .Tutorial: https://pytorch.org/tutorials/recipes/distributed_checkpoint_recipe.html .
  FSDP.set_state_dict_type(
[2026-10-07 20:14:14,565] Resources acquired successfully.
[2026-10-07 20:14:14,628] Training start from scratch
[2026-10-07 20:14:14,628] Creating reference model for GRPO...
[2026-10-07 20:14:14,628] Creating reference model from policy weights...
[2026-10-07 20:14:14,631] FSDP config: sharding=full, offload=False, use_orig_params=True, forward_prefetch=True
/home/hanjack/.pyenv/versions/3.12.8/lib/python3.12/site-packages/torch/distributed/fsdp/fully_sharded_data_parallel.py:821: FutureWarning: FSDP.state_dict_type() and FSDP.set_state_dict_type() are being deprecated. Please use APIs, get_state_dict() and set_state_dict(), which can support different parallelisms, FSDP1, FSDP2, DDP. API doc: https://pytorch.org/docs/stable/distributed.checkpoint.html#torch.distributed.checkpoint.state_dict.get_state_dict .Tutorial: https://pytorch.org/tutorials/recipes/distributed_checkpoint_recipe.html .
  prev_state_dict_settings = FullyShardedDataParallel.set_state_dict_type(
/home/hanjack/.pyenv/versions/3.12.8/lib/python3.12/site-packages/torch/distributed/fsdp/fully_sharded_data_parallel.py:821: FutureWarning: FSDP.state_dict_type() and FSDP.set_state_dict_type() are being deprecated. Please use APIs, get_state_dict() and set_state_dict(), which can support different parallelisms, FSDP1, FSDP2, DDP. API doc: https://pytorch.org/docs/stable/distributed.checkpoint.html#torch.distributed.checkpoint.state_dict.get_state_dict .Tutorial: https://pytorch.org/tutorials/recipes/distributed_checkpoint_recipe.html .
  prev_state_dict_settings = FullyShardedDataParallel.set_state_dict_type(
/home/hanjack/.pyenv/versions/3.12.8/lib/python3.12/site-packages/torch/distributed/fsdp/_state_dict_utils.py:732: FutureWarning: Please use DTensor instead and we are deprecating ShardedTensor.
  local_shape = tensor.shape
/home/hanjack/.pyenv/versions/3.12.8/lib/python3.12/site-packages/torch/distributed/fsdp/_state_dict_utils.py:732: FutureWarning: Please use DTensor instead and we are deprecating ShardedTensor.
  local_shape = tensor.shape
/home/hanjack/.pyenv/versions/3.12.8/lib/python3.12/site-packages/torch/distributed/fsdp/_state_dict_utils.py:749: FutureWarning: Please use DTensor instead and we are deprecating ShardedTensor.
  tensor.shape,
/home/hanjack/.pyenv/versions/3.12.8/lib/python3.12/site-packages/torch/distributed/fsdp/_state_dict_utils.py:749: FutureWarning: Please use DTensor instead and we are deprecating ShardedTensor.
  tensor.shape,
/home/hanjack/.pyenv/versions/3.12.8/lib/python3.12/site-packages/torch/distributed/fsdp/_state_dict_utils.py:751: FutureWarning: Please use DTensor instead and we are deprecating ShardedTensor.
  tensor.dtype,
/home/hanjack/.pyenv/versions/3.12.8/lib/python3.12/site-packages/torch/distributed/fsdp/_state_dict_utils.py:751: FutureWarning: Please use DTensor instead and we are deprecating ShardedTensor.
  tensor.dtype,
/home/hanjack/.pyenv/versions/3.12.8/lib/python3.12/site-packages/torch/distributed/fsdp/fully_sharded_data_parallel.py:828: FutureWarning: FSDP.state_dict_type() and FSDP.set_state_dict_type() are being deprecated. Please use APIs, get_state_dict() and set_state_dict(), which can support different parallelisms, FSDP1, FSDP2, DDP. API doc: https://pytorch.org/docs/stable/distributed.checkpoint.html#torch.distributed.checkpoint.state_dict.get_state_dict .Tutorial: https://pytorch.org/tutorials/recipes/distributed_checkpoint_recipe.html .
  FullyShardedDataParallel.set_state_dict_type(
/home/hanjack/.pyenv/versions/3.12.8/lib/python3.12/site-packages/torch/distributed/fsdp/fully_sharded_data_parallel.py:828: FutureWarning: FSDP.state_dict_type() and FSDP.set_state_dict_type() are being deprecated. Please use APIs, get_state_dict() and set_state_dict(), which can support different parallelisms, FSDP1, FSDP2, DDP. API doc: https://pytorch.org/docs/stable/distributed.checkpoint.html#torch.distributed.checkpoint.state_dict.get_state_dict .Tutorial: https://pytorch.org/tutorials/recipes/distributed_checkpoint_recipe.html .
  FullyShardedDataParallel.set_state_dict_type(
[2026-10-07 20:14:14,644] Reference model created on GPU (FSDP mode, local sharded copy)
[2026-10-07 20:14:14,644] [VRAM] After ref model creation: allocated=0.00 GB, reserved=0.00 GB
[2026-10-07 20:14:14,644] Initializing reward worker via RewardManager...
[2026-10-07 20:14:14,645] Training start from step: 0
[2026-10-07 20:14:14,872] [VRAM] After rollout: peak=0.03 GB
[2026-10-07 20:14:14,921] [VRAM] After ref log probs: peak=0.03 GB
[2026-10-07 20:14:15,083] [VRAM] After optimizer step: peak=0.06 GB
[2026-10-07 20:14:15,083] step: 1, loss: -0.0550, lr: 0.000232, grad_norm: 4.0853, step_time: 0.438s (avg: 0.438s), tok/s: 292.3 (avg: 291.9), TFLOPS/s/GPU: 0.00 (avg: 0.00)
[2026-10-07 20:14:15,089] [VRAM] After rollout: peak=0.06 GB
[2026-10-07 20:14:15,098] [VRAM] After ref log probs: peak=0.06 GB
[2026-10-07 20:14:15,134] [VRAM] After optimizer step: peak=0.06 GB
[2026-10-07 20:14:15,135] step: 1, grpo_loss: -0.0106, policy_loss: -0.0126, kl_loss: 0.0020, mean_reward: 0.7500, mean_ratio: 1.0033, clip_frac: 0.000
[2026-10-07 20:14:15,135] step: 2, loss: -0.0106, lr: 0.000100, grad_norm: 3.8343, step_time: 0.051s (avg: 0.245s), tok/s: 2509.0 (avg: 522.3), TFLOPS/s/GPU: 0.00 (avg: 0.00)
/home/hanjack/.pyenv/versions/3.12.8/lib/python3.12/site-packages/torch/distributed/fsdp/_unshard_param_utils.py:174: UserWarning: offload_to_cpu=True and rank0_only=False may result in theunsharded parameters being redundantly copied to CPU memory for GPUs sharing the same CPU memory, which risks CPU OOM. We recommend using offload_to_cpu=True with rank0_only=True.
  _validate_unshard_params_args(
/home/hanjack/.pyenv/versions/3.12.8/lib/python3.12/site-packages/torch/distributed/fsdp/_unshard_param_utils.py:174: UserWarning: offload_to_cpu=True and rank0_only=False may result in theunsharded parameters being redundantly copied to CPU memory for GPUs sharing the same CPU memory, which risks CPU OOM. We recommend using offload_to_cpu=True with rank0_only=True.
  _validate_unshard_params_args(
[2026-10-07 20:14:15,174] [VRAM] After rollout: peak=0.06 GB
[2026-10-07 20:14:15,183] [VRAM] After ref log probs: peak=0.06 GB
[2026-10-07 20:14:15,220] [VRAM] After optimizer step: peak=0.06 GB
[2026-10-07 20:14:15,220] step: 2, grpo_loss: -0.0023, policy_loss: -0.0057, kl_loss: 0.0034, mean_reward: 0.7500, mean_ratio: 1.0013, clip_frac: 0.000
[2026-10-07 20:14:15,220] step: 3, loss: -0.0023, lr: 0.000100, grad_norm: 3.7470, step_time: 0.052s (avg: 0.192s), tok/s: 2445.8 (avg: 667.6), TFLOPS/s/GPU: 0.00 (avg: 0.00)
[2026-10-07 20:14:15,226] [VRAM] After rollout: peak=0.06 GB
[2026-10-07 20:14:15,234] [VRAM] After ref log probs: peak=0.06 GB
[2026-10-07 20:14:15,269] [VRAM] After optimizer step: peak=0.06 GB
[2026-10-07 20:14:15,269] step: 3, grpo_loss: -0.0023, policy_loss: -0.0057, kl_loss: 0.0034, mean_reward: 0.7500, mean_ratio: 1.0014, clip_frac: 0.000
[2026-10-07 20:14:15,269] step: 4, loss: -0.0023, lr: 0.000100, grad_norm: 3.7585, step_time: 0.049s (avg: 0.156s), tok/s: 2622.3 (avg: 819.8), TFLOPS/s/GPU: 0.00 (avg: 0.00)
[2026-10-07 20:14:15,299] Total training time: 0.00 hours
[2026-10-07 20:14:15,299] Finishing training
[2026-10-07 20:14:15,315] GRPO evaluation at step 4: {'eval/mean_reward': 0.75, 'eval/positive_reward_rate': 1.0}
