[2026-10-07 21:09:36,189] GRPOTrainer initialized with group_size=4, beta=0.1, gen_kwargs={'max_new_tokens': 4, 'temperature': 1.0, 'top_p': 1.0, 'top_k': 0, 'do_sample': True}, use_chat_template=False, system_prompt=none
[2026-10-07 21:09:36,189] Acquiring training resources...
[2026-10-07 21:09:36,189] Initialize torch distributed ... 
[2026-10-07 21:09:36,402] Loading evaluation tasks
[2026-10-07 21:09:36,403] Set random seed to 42 for model initialization
[2026-10-07 21:09:36,418] Created Language Model
[2026-10-07 21:09:36,418] Trainable parameters: 41,376 / 41,376 (100.00%)
[2026-10-07 21:09:36,418] Created Optimizer
[2026-10-07 21:09:36,418] Skipping parallelism wrapping (single GPU, no FSDP)
[2026-10-07 21:09:36,418] Dense FLOP estimate disabled for MoE; use measured tokens/s.
[2026-10-07 21:09:36,419] Resources acquired successfully.
[2026-10-07 21:09:36,421] Training start from scratch
[2026-10-07 21:09:36,421] Creating reference model for GRPO...
[2026-10-07 21:09:36,421] Creating reference model from policy weights...
[2026-10-07 21:09:36,426] Reference model created on GPU (device=cuda:0)
[2026-10-07 21:09:36,427] [VRAM] After ref model creation: allocated=0.00 GB, reserved=0.00 GB
[2026-10-07 21:09:36,427] Initializing reward worker via RewardManager...
[2026-10-07 21:09:36,427] Training start from step: 0
[2026-10-07 21:09:36,781] [VRAM] After rollout: peak=0.03 GB
[2026-10-07 21:09:36,817] [VRAM] After ref log probs: peak=0.03 GB
[2026-10-07 21:09:36,979] [VRAM] After optimizer step: peak=0.07 GB
[2026-10-07 21:09:36,979] step: 1, loss: -0.0523, lr: 0.000232, grad_norm: 2.2976, step_time: 0.552s (avg: 0.552s), tok/s: 231.9 (avg: 231.8)
[2026-10-07 21:09:36,986] [VRAM] After rollout: peak=0.07 GB
[2026-10-07 21:09:36,994] [VRAM] After ref log probs: peak=0.07 GB
[2026-10-07 21:09:37,029] [VRAM] After optimizer step: peak=0.07 GB
[2026-10-07 21:09:37,029] step: 1, grpo_loss: -0.0096, policy_loss: -0.0114, kl_loss: 0.0018, mean_reward: 0.7500, mean_ratio: 1.0041, clip_frac: 0.000
[2026-10-07 21:09:37,029] step: 2, loss: -0.0096, lr: 0.000100, grad_norm: 3.7657, step_time: 0.050s (avg: 0.301s), tok/s: 2578.8 (avg: 425.0)
[2026-10-07 21:09:37,039] Skipping HF config: hf_model_type/hf_architecture not set
[2026-10-07 21:09:37,039] Saving checkpoint to /tmp/ironcore-remediation-final-validation-v2/grpo-token-bf16/grpo/full/checkpoint/step_2
[2026-10-07 21:09:37,060] Checkpoint saved successfully. Checkpoint saved in 0.019s
[2026-10-07 21:09:37,067] [VRAM] After rollout: peak=0.07 GB
[2026-10-07 21:09:37,075] [VRAM] After ref log probs: peak=0.07 GB
[2026-10-07 21:09:37,119] [VRAM] After optimizer step: peak=0.07 GB
[2026-10-07 21:09:37,119] step: 2, grpo_loss: -0.0021, policy_loss: -0.0052, kl_loss: 0.0030, mean_reward: 0.7500, mean_ratio: 1.0022, clip_frac: 0.000
[2026-10-07 21:09:37,119] step: 3, loss: -0.0021, lr: 0.000100, grad_norm: 3.6125, step_time: 0.058s (avg: 0.231s), tok/s: 2201.1 (avg: 554.6)
[2026-10-07 21:09:37,127] [VRAM] After rollout: peak=0.07 GB
[2026-10-07 21:09:37,135] [VRAM] After ref log probs: peak=0.07 GB
[2026-10-07 21:09:37,172] [VRAM] After optimizer step: peak=0.07 GB
[2026-10-07 21:09:37,173] step: 3, grpo_loss: -0.0022, policy_loss: -0.0053, kl_loss: 0.0030, mean_reward: 0.7500, mean_ratio: 1.0025, clip_frac: 0.000
[2026-10-07 21:09:37,173] step: 4, loss: -0.0022, lr: 0.000100, grad_norm: 3.6296, step_time: 0.053s (avg: 0.186s), tok/s: 2420.9 (avg: 686.5)
[2026-10-07 21:09:37,184] Skipping HF config: hf_model_type/hf_architecture not set
[2026-10-07 21:09:37,184] Saving checkpoint to /tmp/ironcore-remediation-final-validation-v2/grpo-token-bf16/grpo/full/checkpoint/step_4
[2026-10-07 21:09:37,201] Checkpoint saved successfully. Checkpoint saved in 0.017s
[2026-10-07 21:09:37,202] Total training time: 0.00 hours
[2026-10-07 21:09:37,202] Finishing training
[2026-10-07 21:09:37,218] GRPO evaluation at step 4: {'eval/mean_reward': 0.75, 'eval/positive_reward_rate': 1.0}
