Failed to load CPU gemm_4bit_forward from kernels-community: No module named 'kernels'. Please make sure you already `pip install kernels` and the kernels >= 0.11.1
[2026-10-07 23:16:30,797] GRPOTrainer initialized with group_size=4, beta=0.1, gen_kwargs={'max_new_tokens': 4, 'temperature': 1.0, 'top_p': 1.0, 'top_k': 0, 'do_sample': True}, use_chat_template=False, system_prompt=none
[2026-10-07 23:16:30,798] Acquiring training resources...
[2026-10-07 23:16:30,798] Initialize torch distributed ... 
[2026-10-07 23:16:30,802] Loading evaluation tasks
[2026-10-07 23:16:30,802] Set random seed to 83 for model initialization
[2026-10-07 23:16:30,805] Created Language Model
[2026-10-07 23:16:30,805] Loading pretrained weights from HuggingFace: /tmp/ironcore-grpo-trl-hf-cpu-v3-initial-model
[2026-10-07 23:16:30,805] Downloaded/loaded from cache: /tmp/ironcore-grpo-trl-hf-cpu-v3-initial-model
[2026-10-07 23:16:30,806] HF weights loaded: 16 keys, 1 missing, 0 unexpected
[2026-10-07 23:16:30,806] Trainable parameters: 76,096 / 76,096 (100.00%)
[2026-10-07 23:16:30,806] Created Optimizer
[2026-10-07 23:16:30,806] Skipping parallelism wrapping (single GPU, no FSDP)
[2026-10-07 23:16:30,807] Resources acquired successfully.
[2026-10-07 23:16:31,041] Skipping parallelism wrapping (single GPU, no FSDP)
[2026-10-07 23:16:31,048] Skipping parallelism wrapping (single GPU, no FSDP)
[2026-10-07 23:16:31,048] Training start from scratch
[2026-10-07 23:16:31,048] Creating reference model for GRPO...
[2026-10-07 23:16:31,048] Creating reference model from policy weights...
[2026-10-07 23:16:31,050] Reference model created on GPU (device=cpu)
[2026-10-07 23:16:31,050] Initializing reward worker via RewardManager...
[2026-10-07 23:16:31,053] Training start from step: 0
[2026-10-07 23:16:31,093] Skip checkpoint saving since no-save flag is set
[2026-10-07 23:16:31,093] Total training time: 0.00 hours
[2026-10-07 23:16:31,093] Finishing training
{'train_runtime': '0.0645', 'train_samples_per_second': '496', 'train_steps_per_second': '124', 'train_loss': '-0.02632', 'num_tokens': '96', 'completions/mean_length': '4', 'completions/min_length': '4', 'completions/max_length': '4', 'completions/clipped_ratio': '0', 'completions/mean_terminated_length': '4', 'completions/min_terminated_length': '4', 'completions/max_terminated_length': '4', 'rewards/rewards/mean': '0.75', 'rewards/rewards/std': '0.2887', 'reward': '0.75', 'reward_std': '0.2887', 'frac_reward_zero_std': '0', 'kl': '0.3237', 'entropy': '3.409', 'clip_ratio/low_mean': '0.125', 'clip_ratio/low_min': '0.125', 'clip_ratio/high_mean': '0.04688', 'clip_ratio/high_max': '0.04688', 'clip_ratio/region_mean': '0.1719', 'step_time': '0.006564', 'epoch': '0.5'}
