[2026-10-07 21:03:39,083] Acquiring training resources...
[2026-10-07 21:03:39,083] Initialize torch distributed ... 
[2026-10-07 21:03:39,319] Loading evaluation tasks
[2026-10-07 21:03:39,320] Set random seed to 42 for model initialization
[2026-10-07 21:03:39,329] Created Language Model
[2026-10-07 21:03:39,329] Trainable parameters: 22,688 / 22,688 (100.00%)
[2026-10-07 21:03:39,329] Created Optimizer
[2026-10-07 21:03:39,329] FSDP config: sharding=full, offload=False, use_orig_params=True, forward_prefetch=True
/tmp/ironcore-remediation-final-v6-src/ironcore/parallel/parallel.py:251: FutureWarning: FSDP.state_dict_type() and FSDP.set_state_dict_type() are being deprecated. Please use APIs, get_state_dict() and set_state_dict(), which can support different parallelisms, FSDP1, FSDP2, DDP. API doc: https://pytorch.org/docs/stable/distributed.checkpoint.html#torch.distributed.checkpoint.state_dict.get_state_dict .Tutorial: https://pytorch.org/tutorials/recipes/distributed_checkpoint_recipe.html .
  FSDP.set_state_dict_type(
/tmp/ironcore-remediation-final-v6-src/ironcore/parallel/parallel.py:251: FutureWarning: FSDP.state_dict_type() and FSDP.set_state_dict_type() are being deprecated. Please use APIs, get_state_dict() and set_state_dict(), which can support different parallelisms, FSDP1, FSDP2, DDP. API doc: https://pytorch.org/docs/stable/distributed.checkpoint.html#torch.distributed.checkpoint.state_dict.get_state_dict .Tutorial: https://pytorch.org/tutorials/recipes/distributed_checkpoint_recipe.html .
  FSDP.set_state_dict_type(
[2026-10-07 21:03:39,338] Resources acquired successfully.
[2026-10-07 21:03:39,400] Training start from scratch
[2026-10-07 21:03:39,401] Training start from step: 0
[2026-10-07 21:03:39,821] step: 1, loss: 3.4574, lr: 0.000550, grad_norm: 2.1002, step_time: 0.420s (avg: 0.420s), tok/s: 304.6 (avg: 304.5), TFLOPS/s/GPU: 0.00 (avg: 0.00)
[2026-10-07 21:03:39,839] step: 2, loss: 3.4067, lr: 0.000232, grad_norm: 2.1329, step_time: 0.018s (avg: 0.219s), tok/s: 7053.0 (avg: 583.5), TFLOPS/s/GPU: 0.00 (avg: 0.00)
/home/hanjack/.pyenv/versions/3.12.8/lib/python3.12/site-packages/torch/distributed/fsdp/fully_sharded_data_parallel.py:821: FutureWarning: FSDP.state_dict_type() and FSDP.set_state_dict_type() are being deprecated. Please use APIs, get_state_dict() and set_state_dict(), which can support different parallelisms, FSDP1, FSDP2, DDP. API doc: https://pytorch.org/docs/stable/distributed.checkpoint.html#torch.distributed.checkpoint.state_dict.get_state_dict .Tutorial: https://pytorch.org/tutorials/recipes/distributed_checkpoint_recipe.html .
  prev_state_dict_settings = FullyShardedDataParallel.set_state_dict_type(
/home/hanjack/.pyenv/versions/3.12.8/lib/python3.12/site-packages/torch/distributed/fsdp/fully_sharded_data_parallel.py:821: FutureWarning: FSDP.state_dict_type() and FSDP.set_state_dict_type() are being deprecated. Please use APIs, get_state_dict() and set_state_dict(), which can support different parallelisms, FSDP1, FSDP2, DDP. API doc: https://pytorch.org/docs/stable/distributed.checkpoint.html#torch.distributed.checkpoint.state_dict.get_state_dict .Tutorial: https://pytorch.org/tutorials/recipes/distributed_checkpoint_recipe.html .
  prev_state_dict_settings = FullyShardedDataParallel.set_state_dict_type(
/home/hanjack/.pyenv/versions/3.12.8/lib/python3.12/site-packages/torch/distributed/fsdp/_unshard_param_utils.py:174: UserWarning: offload_to_cpu=True and rank0_only=False may result in theunsharded parameters being redundantly copied to CPU memory for GPUs sharing the same CPU memory, which risks CPU OOM. We recommend using offload_to_cpu=True with rank0_only=True.
  _validate_unshard_params_args(
/home/hanjack/.pyenv/versions/3.12.8/lib/python3.12/site-packages/torch/distributed/fsdp/_unshard_param_utils.py:174: UserWarning: offload_to_cpu=True and rank0_only=False may result in theunsharded parameters being redundantly copied to CPU memory for GPUs sharing the same CPU memory, which risks CPU OOM. We recommend using offload_to_cpu=True with rank0_only=True.
  _validate_unshard_params_args(
/home/hanjack/.pyenv/versions/3.12.8/lib/python3.12/site-packages/torch/distributed/fsdp/fully_sharded_data_parallel.py:828: FutureWarning: FSDP.state_dict_type() and FSDP.set_state_dict_type() are being deprecated. Please use APIs, get_state_dict() and set_state_dict(), which can support different parallelisms, FSDP1, FSDP2, DDP. API doc: https://pytorch.org/docs/stable/distributed.checkpoint.html#torch.distributed.checkpoint.state_dict.get_state_dict .Tutorial: https://pytorch.org/tutorials/recipes/distributed_checkpoint_recipe.html .
  FullyShardedDataParallel.set_state_dict_type(
/home/hanjack/.pyenv/versions/3.12.8/lib/python3.12/site-packages/torch/distributed/fsdp/fully_sharded_data_parallel.py:828: FutureWarning: FSDP.state_dict_type() and FSDP.set_state_dict_type() are being deprecated. Please use APIs, get_state_dict() and set_state_dict(), which can support different parallelisms, FSDP1, FSDP2, DDP. API doc: https://pytorch.org/docs/stable/distributed.checkpoint.html#torch.distributed.checkpoint.state_dict.get_state_dict .Tutorial: https://pytorch.org/tutorials/recipes/distributed_checkpoint_recipe.html .
  FullyShardedDataParallel.set_state_dict_type(
[2026-10-07 21:03:39,881] Training stopped by exit interval: 2
[2026-10-07 21:03:39,881] Total training time: 0.00 hours
[2026-10-07 21:03:39,881] Finishing training
[2026-10-07 21:03:47,670] Acquiring training resources...
[2026-10-07 21:03:47,670] Initialize torch distributed ... 
[2026-10-07 21:03:47,906] Loading evaluation tasks
[2026-10-07 21:03:47,907] Set random seed to 42 for model initialization
[2026-10-07 21:03:47,916] Created Language Model
[2026-10-07 21:03:47,916] Trainable parameters: 22,688 / 22,688 (100.00%)
[2026-10-07 21:03:47,916] Created Optimizer
[2026-10-07 21:03:47,916] FSDP config: sharding=full, offload=False, use_orig_params=True, forward_prefetch=True
/tmp/ironcore-remediation-final-v6-src/ironcore/parallel/parallel.py:251: FutureWarning: FSDP.state_dict_type() and FSDP.set_state_dict_type() are being deprecated. Please use APIs, get_state_dict() and set_state_dict(), which can support different parallelisms, FSDP1, FSDP2, DDP. API doc: https://pytorch.org/docs/stable/distributed.checkpoint.html#torch.distributed.checkpoint.state_dict.get_state_dict .Tutorial: https://pytorch.org/tutorials/recipes/distributed_checkpoint_recipe.html .
  FSDP.set_state_dict_type(
/tmp/ironcore-remediation-final-v6-src/ironcore/parallel/parallel.py:251: FutureWarning: FSDP.state_dict_type() and FSDP.set_state_dict_type() are being deprecated. Please use APIs, get_state_dict() and set_state_dict(), which can support different parallelisms, FSDP1, FSDP2, DDP. API doc: https://pytorch.org/docs/stable/distributed.checkpoint.html#torch.distributed.checkpoint.state_dict.get_state_dict .Tutorial: https://pytorch.org/tutorials/recipes/distributed_checkpoint_recipe.html .
  FSDP.set_state_dict_type(
[2026-10-07 21:03:47,925] Resources acquired successfully.
/home/hanjack/.pyenv/versions/3.12.8/lib/python3.12/site-packages/torch/distributed/fsdp/fully_sharded_data_parallel.py:821: FutureWarning: FSDP.state_dict_type() and FSDP.set_state_dict_type() are being deprecated. Please use APIs, get_state_dict() and set_state_dict(), which can support different parallelisms, FSDP1, FSDP2, DDP. API doc: https://pytorch.org/docs/stable/distributed.checkpoint.html#torch.distributed.checkpoint.state_dict.get_state_dict .Tutorial: https://pytorch.org/tutorials/recipes/distributed_checkpoint_recipe.html .
  prev_state_dict_settings = FullyShardedDataParallel.set_state_dict_type(
/home/hanjack/.pyenv/versions/3.12.8/lib/python3.12/site-packages/torch/distributed/fsdp/fully_sharded_data_parallel.py:821: FutureWarning: FSDP.state_dict_type() and FSDP.set_state_dict_type() are being deprecated. Please use APIs, get_state_dict() and set_state_dict(), which can support different parallelisms, FSDP1, FSDP2, DDP. API doc: https://pytorch.org/docs/stable/distributed.checkpoint.html#torch.distributed.checkpoint.state_dict.get_state_dict .Tutorial: https://pytorch.org/tutorials/recipes/distributed_checkpoint_recipe.html .
  prev_state_dict_settings = FullyShardedDataParallel.set_state_dict_type(
/home/hanjack/.pyenv/versions/3.12.8/lib/python3.12/site-packages/torch/distributed/fsdp/fully_sharded_data_parallel.py:828: FutureWarning: FSDP.state_dict_type() and FSDP.set_state_dict_type() are being deprecated. Please use APIs, get_state_dict() and set_state_dict(), which can support different parallelisms, FSDP1, FSDP2, DDP. API doc: https://pytorch.org/docs/stable/distributed.checkpoint.html#torch.distributed.checkpoint.state_dict.get_state_dict .Tutorial: https://pytorch.org/tutorials/recipes/distributed_checkpoint_recipe.html .
  FullyShardedDataParallel.set_state_dict_type(
/home/hanjack/.pyenv/versions/3.12.8/lib/python3.12/site-packages/torch/distributed/fsdp/fully_sharded_data_parallel.py:828: FutureWarning: FSDP.state_dict_type() and FSDP.set_state_dict_type() are being deprecated. Please use APIs, get_state_dict() and set_state_dict(), which can support different parallelisms, FSDP1, FSDP2, DDP. API doc: https://pytorch.org/docs/stable/distributed.checkpoint.html#torch.distributed.checkpoint.state_dict.get_state_dict .Tutorial: https://pytorch.org/tutorials/recipes/distributed_checkpoint_recipe.html .
  FullyShardedDataParallel.set_state_dict_type(
[2026-10-07 21:03:47,997] Successfully loaded checkpoint: /tmp/ironcore-remediation-final-validation-v2/fsdp-bf16/sft/dp2_resume/checkpoint (resuming from step 2)
[2026-10-07 21:03:47,997] Skipping 4 consumed micro-batches to resume data position (8 samples on this rank).
[2026-10-07 21:03:47,999] Training start from step: 2
[2026-10-07 21:03:48,418] step: 3, loss: 3.3471, lr: 0.000100, grad_norm: 2.0436, step_time: 0.419s (avg: 0.419s), tok/s: 305.5 (avg: 305.5), TFLOPS/s/GPU: 0.00 (avg: 0.00)
[2026-10-07 21:03:48,436] step: 4, loss: 3.3438, lr: 0.000100, grad_norm: 2.0869, step_time: 0.018s (avg: 0.218s), tok/s: 7233.3 (avg: 585.9), TFLOPS/s/GPU: 0.00 (avg: 0.00)
/home/hanjack/.pyenv/versions/3.12.8/lib/python3.12/site-packages/torch/distributed/fsdp/_unshard_param_utils.py:174: UserWarning: offload_to_cpu=True and rank0_only=False may result in theunsharded parameters being redundantly copied to CPU memory for GPUs sharing the same CPU memory, which risks CPU OOM. We recommend using offload_to_cpu=True with rank0_only=True.
  _validate_unshard_params_args(
/home/hanjack/.pyenv/versions/3.12.8/lib/python3.12/site-packages/torch/distributed/fsdp/_unshard_param_utils.py:174: UserWarning: offload_to_cpu=True and rank0_only=False may result in theunsharded parameters being redundantly copied to CPU memory for GPUs sharing the same CPU memory, which risks CPU OOM. We recommend using offload_to_cpu=True with rank0_only=True.
  _validate_unshard_params_args(
[2026-10-07 21:03:48,464] Total training time: 0.00 hours
[2026-10-07 21:03:48,464] Finishing training
