[2026-10-07 21:08:25,913] GRPOTrainer initialized with group_size=4, beta=0.1, gen_kwargs={'max_new_tokens': 4, 'temperature': 1.0, 'top_p': 1.0, 'top_k': 0, 'do_sample': True}, use_chat_template=False, system_prompt=none
[2026-10-07 21:08:25,913] Acquiring training resources...
[2026-10-07 21:08:25,913] Initialize torch distributed ... 
[2026-10-07 21:08:26,127] Loading evaluation tasks
[2026-10-07 21:08:26,129] Set random seed to 42 for model initialization
[2026-10-07 21:08:26,137] Created Language Model
[2026-10-07 21:08:26,137] Trainable parameters: 22,688 / 22,688 (100.00%)
[2026-10-07 21:08:26,137] Created Optimizer
[2026-10-07 21:08:26,138] Wrapped optimizer with DistributedOptimizer (bucket_cap=25.0MB)
[2026-10-07 21:08:26,138] Skipping parallelism wrapping (single GPU, no FSDP)
[2026-10-07 21:08:26,138] Resources acquired successfully.
[2026-10-07 21:08:26,139] Training start from scratch
[2026-10-07 21:08:26,139] Creating reference model for GRPO...
[2026-10-07 21:08:26,139] Creating reference model from policy weights...
[2026-10-07 21:08:26,142] Reference model created on GPU (device=cuda:0)
[2026-10-07 21:08:26,142] [VRAM] After ref model creation: allocated=0.00 GB, reserved=0.00 GB
[2026-10-07 21:08:26,142] Initializing reward worker via RewardManager...
[2026-10-07 21:08:26,142] Training start from step: 0
[2026-10-07 21:08:26,414] [VRAM] After rollout: peak=0.03 GB
[2026-10-07 21:08:26,469] [VRAM] After ref log probs: peak=0.03 GB
[2026-10-07 21:08:26,599] [VRAM] After optimizer step: peak=0.07 GB
[2026-10-07 21:08:26,599] step: 1, loss: -0.0542, lr: 0.000232, grad_norm: 3.3449, step_time: 0.456s (avg: 0.457s), tok/s: 280.4 (avg: 280.2), TFLOPS/s/GPU: 0.00 (avg: 0.00)
[2026-10-07 21:08:26,602] [VRAM] After rollout: peak=0.07 GB
[2026-10-07 21:08:26,607] [VRAM] After ref log probs: peak=0.07 GB
[2026-10-07 21:08:26,623] [VRAM] After optimizer step: peak=0.07 GB
[2026-10-07 21:08:26,623] step: 1, grpo_loss: -0.0102, policy_loss: -0.0122, kl_loss: 0.0020, mean_reward: 0.7500, mean_ratio: 1.0056, clip_frac: 0.000
[2026-10-07 21:08:26,623] step: 2, loss: -0.0102, lr: 0.000100, grad_norm: 3.7005, step_time: 0.024s (avg: 0.240s), tok/s: 5426.9 (avg: 532.5), TFLOPS/s/GPU: 0.00 (avg: 0.00)
[2026-10-07 21:08:26,635] Skipping HF config: hf_model_type/hf_architecture not set
[2026-10-07 21:08:26,635] Saving checkpoint to /tmp/ironcore-remediation-final-validation-v2/distopt-bf16/grpo/full/checkpoint/step_2
[2026-10-07 21:08:26,662] Checkpoint saved successfully. Checkpoint saved in 0.021s
[2026-10-07 21:08:26,665] [VRAM] After rollout: peak=0.07 GB
[2026-10-07 21:08:26,670] [VRAM] After ref log probs: peak=0.07 GB
[2026-10-07 21:08:26,686] [VRAM] After optimizer step: peak=0.07 GB
[2026-10-07 21:08:26,686] step: 2, grpo_loss: -0.0019, policy_loss: -0.0052, kl_loss: 0.0033, mean_reward: 0.7500, mean_ratio: 1.0022, clip_frac: 0.000
[2026-10-07 21:08:26,686] step: 3, loss: -0.0019, lr: 0.000100, grad_norm: 3.5509, step_time: 0.024s (avg: 0.181s), tok/s: 5375.3 (avg: 705.7), TFLOPS/s/GPU: 0.00 (avg: 0.00)
[2026-10-07 21:08:26,689] [VRAM] After rollout: peak=0.07 GB
[2026-10-07 21:08:26,694] [VRAM] After ref log probs: peak=0.07 GB
[2026-10-07 21:08:26,709] [VRAM] After optimizer step: peak=0.07 GB
[2026-10-07 21:08:26,709] step: 3, grpo_loss: -0.0020, policy_loss: -0.0054, kl_loss: 0.0034, mean_reward: 0.7500, mean_ratio: 1.0028, clip_frac: 0.000
[2026-10-07 21:08:26,709] step: 4, loss: -0.0020, lr: 0.000100, grad_norm: 3.5550, step_time: 0.023s (avg: 0.142s), tok/s: 5645.1 (avg: 902.7), TFLOPS/s/GPU: 0.00 (avg: 0.00)
[2026-10-07 21:08:26,716] Skipping HF config: hf_model_type/hf_architecture not set
[2026-10-07 21:08:26,716] Saving checkpoint to /tmp/ironcore-remediation-final-validation-v2/distopt-bf16/grpo/full/checkpoint/step_4
[2026-10-07 21:08:26,741] Checkpoint saved successfully. Checkpoint saved in 0.022s
[2026-10-07 21:08:26,741] Total training time: 0.00 hours
[2026-10-07 21:08:26,741] Finishing training
[2026-10-07 21:08:26,749] GRPO evaluation at step 4: {'eval/mean_reward': 0.75, 'eval/positive_reward_rate': 1.0}
