[2026-10-07 19:40:23,197] DPOTrainer initialized with beta=0.5, concat_passes=True, metrics_interval=0
[2026-10-07 19:40:23,197] Acquiring training resources...
[2026-10-07 19:40:23,197] Initialize torch distributed ... 
[2026-10-07 19:40:23,412] Loading evaluation tasks
[2026-10-07 19:40:23,413] Set random seed to 42 for model initialization
[2026-10-07 19:40:23,422] Created Language Model
[2026-10-07 19:40:23,422] Trainable parameters: 11,744 / 11,744 (100.00%)
[2026-10-07 19:40:23,422] Created Optimizer
[2026-10-07 19:40:23,428] Resources acquired successfully.
[2026-10-07 19:40:23,521] Training start from scratch
[2026-10-07 19:40:23,521] Creating reference model with beta=0.5
[2026-10-07 19:40:23,521] Creating reference model from policy weights...
[2026-10-07 19:40:23,524] Training start from step: 0
[2026-10-07 19:40:23,973] step: 1, loss: 0.6931, lr: 0.000550, grad_norm: 9.2444, step_time: 0.449s (avg: 0.449s), tok/s: 285.2 (avg: 285.1), TFLOPS/s/GPU: 0.00 (avg: 0.00)
[2026-10-07 19:40:24,008] step: 1, dpo_loss: 0.4646, margin: 1.1732, accuracy: 1.0000
[2026-10-07 19:40:24,008] step: 2, loss: 0.4646, lr: 0.000232, grad_norm: 6.9136, step_time: 0.034s (avg: 0.242s), tok/s: 3727.2 (avg: 529.4), TFLOPS/s/GPU: 0.00 (avg: 0.00)
[2026-10-07 19:40:24,022] Skipping HF config: hf_model_type/hf_architecture not set
[2026-10-07 19:40:24,022] Saving checkpoint to /tmp/ironcore-remediation-ad-bf16/dpo/tp2_resume/checkpoint/step_2
[2026-10-07 19:40:24,043] Checkpoint saved successfully. Checkpoint saved in 0.016s
[2026-10-07 19:40:24,043] Training stopped by exit interval: 2
[2026-10-07 19:40:24,043] Total training time: 0.00 hours
[2026-10-07 19:40:24,043] Finishing training
[2026-10-07 19:40:31,091] DPOTrainer initialized with beta=0.5, concat_passes=True, metrics_interval=0
[2026-10-07 19:40:31,091] Acquiring training resources...
[2026-10-07 19:40:31,091] Initialize torch distributed ... 
[2026-10-07 19:40:31,311] Loading evaluation tasks
[2026-10-07 19:40:31,312] Set random seed to 42 for model initialization
[2026-10-07 19:40:31,320] Created Language Model
[2026-10-07 19:40:31,320] Trainable parameters: 11,744 / 11,744 (100.00%)
[2026-10-07 19:40:31,321] Created Optimizer
[2026-10-07 19:40:31,328] Resources acquired successfully.
[2026-10-07 19:40:31,419] Loading checkpoint from /tmp/ironcore-remediation-ad-bf16/dpo/tp2_resume/checkpoint/step_2
[2026-10-07 19:40:31,427] Loading optimizer state dict.
[2026-10-07 19:40:31,428] Checkpoint loaded successfully. Resuming training at step 2. Total time: 0.01s
[2026-10-07 19:40:31,428] Successfully loaded checkpoint: /tmp/ironcore-remediation-ad-bf16/dpo/tp2_resume/checkpoint (resuming from step 2)
[2026-10-07 19:40:31,428] Skipping 8 consumed micro-batches to resume data position (16 samples on this rank).
[2026-10-07 19:40:31,429] Creating reference model with beta=0.5
[2026-10-07 19:40:31,429] Creating reference model from policy weights...
[2026-10-07 19:40:31,434] Training start from step: 2
[2026-10-07 19:40:31,880] step: 2, dpo_loss: 0.3306, margin: 2.0233, accuracy: 1.0000
[2026-10-07 19:40:31,880] step: 3, loss: 0.3306, lr: 0.000100, grad_norm: 5.1989, step_time: 0.446s (avg: 0.446s), tok/s: 287.2 (avg: 287.0), TFLOPS/s/GPU: 0.00 (avg: 0.00)
[2026-10-07 19:40:31,915] step: 3, dpo_loss: 0.3081, margin: 2.1621, accuracy: 1.0000
[2026-10-07 19:40:31,915] step: 4, loss: 0.3081, lr: 0.000100, grad_norm: 4.9305, step_time: 0.035s (avg: 0.241s), tok/s: 3632.0 (avg: 531.8), TFLOPS/s/GPU: 0.00 (avg: 0.00)
[2026-10-07 19:40:31,929] Skipping HF config: hf_model_type/hf_architecture not set
[2026-10-07 19:40:31,929] Saving checkpoint to /tmp/ironcore-remediation-ad-bf16/dpo/tp2_resume/checkpoint/step_4
[2026-10-07 19:40:31,942] Checkpoint saved successfully. Checkpoint saved in 0.015s
[2026-10-07 19:40:31,942] Total training time: 0.00 hours
[2026-10-07 19:40:31,942] Finishing training
