[2026-10-07 20:28:25,525] Acquiring training resources...
[2026-10-07 20:28:25,525] Initialize torch distributed ... 
[2026-10-07 20:28:25,744] Loading evaluation tasks
[2026-10-07 20:28:25,745] Set random seed to 42 for model initialization
[2026-10-07 20:28:25,757] Created Language Model
[2026-10-07 20:28:25,758] Trainable parameters: 41,376 / 41,376 (100.00%)
[2026-10-07 20:28:25,758] Created Optimizer
[2026-10-07 20:28:25,758] Skipping parallelism wrapping (single GPU, no FSDP)
[2026-10-07 20:28:25,758] Dense FLOP estimate disabled for MoE; use measured tokens/s.
[2026-10-07 20:28:25,758] Resources acquired successfully.
[2026-10-07 20:28:25,761] Training start from scratch
[2026-10-07 20:28:25,761] Training start from step: 0
[2026-10-07 20:28:26,158] step: 1, loss: 3.4556, lr: 0.000550, grad_norm: 2.0960, step_time: 0.398s (avg: 0.398s), tok/s: 322.0 (avg: 321.9)
[2026-10-07 20:28:26,172] step: 2, loss: 3.4053, lr: 0.000232, grad_norm: 2.1302, step_time: 0.014s (avg: 0.206s), tok/s: 9462.8 (avg: 622.4)
[2026-10-07 20:28:26,183] Skipping HF config: hf_model_type/hf_architecture not set
[2026-10-07 20:28:26,183] Saving checkpoint to /tmp/ironcore-remediation-distributed-v3/batched-moe/sft/full_resume/checkpoint/step_2
[2026-10-07 20:28:26,196] Checkpoint saved successfully. Checkpoint saved in 0.011s
[2026-10-07 20:28:26,196] Training stopped by exit interval: 2
[2026-10-07 20:28:26,197] Total training time: 0.00 hours
[2026-10-07 20:28:26,197] Finishing training
[2026-10-07 20:28:33,329] Acquiring training resources...
[2026-10-07 20:28:33,329] Initialize torch distributed ... 
[2026-10-07 20:28:33,552] Loading evaluation tasks
[2026-10-07 20:28:33,554] Set random seed to 42 for model initialization
[2026-10-07 20:28:33,565] Created Language Model
[2026-10-07 20:28:33,566] Trainable parameters: 41,376 / 41,376 (100.00%)
[2026-10-07 20:28:33,566] Created Optimizer
[2026-10-07 20:28:33,566] Skipping parallelism wrapping (single GPU, no FSDP)
[2026-10-07 20:28:33,566] Dense FLOP estimate disabled for MoE; use measured tokens/s.
[2026-10-07 20:28:33,566] Resources acquired successfully.
[2026-10-07 20:28:33,569] Loading checkpoint from /tmp/ironcore-remediation-distributed-v3/batched-moe/sft/full_resume/checkpoint/step_2
[2026-10-07 20:28:33,584] Loading optimizer state dict.
[2026-10-07 20:28:33,585] Checkpoint loaded successfully. Resuming training at step 2. Total time: 0.02s
[2026-10-07 20:28:33,585] Successfully loaded checkpoint: /tmp/ironcore-remediation-distributed-v3/batched-moe/sft/full_resume/checkpoint (resuming from step 2)
[2026-10-07 20:28:33,585] Skipping 2 consumed micro-batches to resume data position (16 samples on this rank).
[2026-10-07 20:28:33,587] Training start from step: 2
[2026-10-07 20:28:33,996] step: 3, loss: 3.3442, lr: 0.000100, grad_norm: 2.0310, step_time: 0.409s (avg: 0.409s), tok/s: 313.0 (avg: 312.9)
[2026-10-07 20:28:34,009] step: 4, loss: 3.3418, lr: 0.000100, grad_norm: 2.0830, step_time: 0.013s (avg: 0.211s), tok/s: 9706.4 (avg: 606.1)
[2026-10-07 20:28:34,016] Skipping HF config: hf_model_type/hf_architecture not set
[2026-10-07 20:28:34,016] Saving checkpoint to /tmp/ironcore-remediation-distributed-v3/batched-moe/sft/full_resume/checkpoint/step_4
[2026-10-07 20:28:34,034] Checkpoint saved successfully. Checkpoint saved in 0.015s
[2026-10-07 20:28:34,034] Total training time: 0.00 hours
[2026-10-07 20:28:34,034] Finishing training
