[2026-10-07 20:57:22,415] GRPOTrainer initialized with group_size=4, beta=0.1, gen_kwargs={'max_new_tokens': 4, 'temperature': 1.0, 'top_p': 1.0, 'top_k': 0, 'do_sample': True}, use_chat_template=False, system_prompt=none
[2026-10-07 20:57:22,415] Acquiring training resources...
[2026-10-07 20:57:22,415] Initialize torch distributed ... 
[2026-10-07 20:57:22,687] Loading evaluation tasks
[2026-10-07 20:57:22,688] Set random seed to 42 for model initialization
[2026-10-07 20:57:22,699] Created Language Model
[2026-10-07 20:57:22,705] Trainable parameters: 29,088 / 29,088 (100.00%)
[2026-10-07 20:57:22,705] Created Optimizer
[2026-10-07 20:57:22,737] Dense FLOP estimate disabled for MoE; use measured tokens/s.
[2026-10-07 20:57:22,737] Resources acquired successfully.
[2026-10-07 20:57:22,779] Training start from scratch
[2026-10-07 20:57:22,780] Creating reference model for GRPO...
[2026-10-07 20:57:22,780] Creating reference model from policy weights...
[2026-10-07 20:57:22,784] Reference model created on GPU (device=cuda:0)
[2026-10-07 20:57:22,784] [VRAM] After ref model creation: allocated=0.00 GB, reserved=0.00 GB
[2026-10-07 20:57:22,784] Initializing reward worker via RewardManager...
[2026-10-07 20:57:22,784] Training start from step: 0
[2026-10-07 20:57:23,192] [VRAM] After rollout: peak=0.03 GB
[2026-10-07 20:57:23,235] [VRAM] After ref log probs: peak=0.03 GB
[2026-10-07 20:57:23,443] [VRAM] After optimizer step: peak=0.06 GB
[2026-10-07 20:57:23,443] step: 1, loss: -0.0523, lr: 0.000232, grad_norm: 2.2973, step_time: 0.658s (avg: 0.659s), tok/s: 194.4 (avg: 194.2)
[2026-10-07 20:57:23,453] [VRAM] After rollout: peak=0.06 GB
[2026-10-07 20:57:23,466] [VRAM] After ref log probs: peak=0.06 GB
[2026-10-07 20:57:23,522] [VRAM] After optimizer step: peak=0.06 GB
[2026-10-07 20:57:23,523] step: 1, grpo_loss: -0.0097, policy_loss: -0.0115, kl_loss: 0.0018, mean_reward: 0.7500, mean_ratio: 1.0040, clip_frac: 0.000
[2026-10-07 20:57:23,523] step: 2, loss: -0.0097, lr: 0.000100, grad_norm: 3.7656, step_time: 0.079s (avg: 0.369s), tok/s: 1626.3 (avg: 346.7)
[2026-10-07 20:57:23,582] [VRAM] After rollout: peak=0.06 GB
[2026-10-07 20:57:23,595] [VRAM] After ref log probs: peak=0.06 GB
[2026-10-07 20:57:23,652] [VRAM] After optimizer step: peak=0.06 GB
[2026-10-07 20:57:23,653] step: 2, grpo_loss: -0.0021, policy_loss: -0.0051, kl_loss: 0.0030, mean_reward: 0.7500, mean_ratio: 1.0022, clip_frac: 0.000
[2026-10-07 20:57:23,653] step: 3, loss: -0.0021, lr: 0.000100, grad_norm: 3.6120, step_time: 0.082s (avg: 0.289s), tok/s: 1564.0 (avg: 442.3)
[2026-10-07 20:57:23,663] [VRAM] After rollout: peak=0.06 GB
[2026-10-07 20:57:23,675] [VRAM] After ref log probs: peak=0.06 GB
[2026-10-07 20:57:23,732] [VRAM] After optimizer step: peak=0.06 GB
[2026-10-07 20:57:23,732] step: 3, grpo_loss: -0.0022, policy_loss: -0.0052, kl_loss: 0.0030, mean_reward: 0.7500, mean_ratio: 1.0025, clip_frac: 0.000
[2026-10-07 20:57:23,732] step: 4, loss: -0.0022, lr: 0.000100, grad_norm: 3.6302, step_time: 0.079s (avg: 0.237s), tok/s: 1628.1 (avg: 540.4)
[2026-10-07 20:57:23,767] Total training time: 0.00 hours
[2026-10-07 20:57:23,767] Finishing training
[2026-10-07 20:57:23,790] GRPO evaluation at step 4: {'eval/mean_reward': 0.75, 'eval/positive_reward_rate': 1.0}
