[2026-10-07 20:00:54,811] Acquiring training resources...
[2026-10-07 20:00:54,812] Initialize torch distributed ... 
[2026-10-07 20:00:55,055] Loading evaluation tasks
[2026-10-07 20:00:55,056] Set random seed to 42 for model initialization
[2026-10-07 20:00:55,065] Created Language Model
[2026-10-07 20:00:55,065] Trainable parameters: 23,328 / 23,328 (100.00%)
[2026-10-07 20:00:55,065] Created Optimizer
[2026-10-07 20:00:55,065] FSDP config: sharding=full, offload=False, use_orig_params=True, forward_prefetch=True
/tmp/ironcore-remediation-distributed-src/ironcore/parallel/parallel.py:243: FutureWarning: FSDP.state_dict_type() and FSDP.set_state_dict_type() are being deprecated. Please use APIs, get_state_dict() and set_state_dict(), which can support different parallelisms, FSDP1, FSDP2, DDP. API doc: https://pytorch.org/docs/stable/distributed.checkpoint.html#torch.distributed.checkpoint.state_dict.get_state_dict .Tutorial: https://pytorch.org/tutorials/recipes/distributed_checkpoint_recipe.html .
  FSDP.set_state_dict_type(
/tmp/ironcore-remediation-distributed-src/ironcore/parallel/parallel.py:243: FutureWarning: FSDP.state_dict_type() and FSDP.set_state_dict_type() are being deprecated. Please use APIs, get_state_dict() and set_state_dict(), which can support different parallelisms, FSDP1, FSDP2, DDP. API doc: https://pytorch.org/docs/stable/distributed.checkpoint.html#torch.distributed.checkpoint.state_dict.get_state_dict .Tutorial: https://pytorch.org/tutorials/recipes/distributed_checkpoint_recipe.html .
  FSDP.set_state_dict_type(
[2026-10-07 20:00:55,074] Resources acquired successfully.
[2026-10-07 20:00:55,137] Training start from scratch
[2026-10-07 20:00:55,137] Training start from step: 0
[2026-10-07 20:00:55,500] step: 1, loss: 3.7443, lr: 0.000550, grad_norm: 2.0019, step_time: 0.363s (avg: 0.363s), tok/s: 353.1 (avg: 353.0), TFLOPS/s/GPU: 0.00 (avg: 0.00)
[2026-10-07 20:00:55,518] step: 2, loss: 3.6767, lr: 0.000232, grad_norm: 2.0459, step_time: 0.018s (avg: 0.190s), tok/s: 7122.9 (avg: 672.3), TFLOPS/s/GPU: 0.00 (avg: 0.00)
/home/hanjack/.pyenv/versions/3.12.8/lib/python3.12/site-packages/torch/distributed/fsdp/fully_sharded_data_parallel.py:821: FutureWarning: FSDP.state_dict_type() and FSDP.set_state_dict_type() are being deprecated. Please use APIs, get_state_dict() and set_state_dict(), which can support different parallelisms, FSDP1, FSDP2, DDP. API doc: https://pytorch.org/docs/stable/distributed.checkpoint.html#torch.distributed.checkpoint.state_dict.get_state_dict .Tutorial: https://pytorch.org/tutorials/recipes/distributed_checkpoint_recipe.html .
  prev_state_dict_settings = FullyShardedDataParallel.set_state_dict_type(
/home/hanjack/.pyenv/versions/3.12.8/lib/python3.12/site-packages/torch/distributed/fsdp/fully_sharded_data_parallel.py:821: FutureWarning: FSDP.state_dict_type() and FSDP.set_state_dict_type() are being deprecated. Please use APIs, get_state_dict() and set_state_dict(), which can support different parallelisms, FSDP1, FSDP2, DDP. API doc: https://pytorch.org/docs/stable/distributed.checkpoint.html#torch.distributed.checkpoint.state_dict.get_state_dict .Tutorial: https://pytorch.org/tutorials/recipes/distributed_checkpoint_recipe.html .
  prev_state_dict_settings = FullyShardedDataParallel.set_state_dict_type(
/home/hanjack/.pyenv/versions/3.12.8/lib/python3.12/site-packages/torch/distributed/fsdp/_unshard_param_utils.py:174: UserWarning: offload_to_cpu=True and rank0_only=False may result in theunsharded parameters being redundantly copied to CPU memory for GPUs sharing the same CPU memory, which risks CPU OOM. We recommend using offload_to_cpu=True with rank0_only=True.
  _validate_unshard_params_args(
/home/hanjack/.pyenv/versions/3.12.8/lib/python3.12/site-packages/torch/distributed/fsdp/_unshard_param_utils.py:174: UserWarning: offload_to_cpu=True and rank0_only=False may result in theunsharded parameters being redundantly copied to CPU memory for GPUs sharing the same CPU memory, which risks CPU OOM. We recommend using offload_to_cpu=True with rank0_only=True.
  _validate_unshard_params_args(
/home/hanjack/.pyenv/versions/3.12.8/lib/python3.12/site-packages/torch/distributed/fsdp/fully_sharded_data_parallel.py:828: FutureWarning: FSDP.state_dict_type() and FSDP.set_state_dict_type() are being deprecated. Please use APIs, get_state_dict() and set_state_dict(), which can support different parallelisms, FSDP1, FSDP2, DDP. API doc: https://pytorch.org/docs/stable/distributed.checkpoint.html#torch.distributed.checkpoint.state_dict.get_state_dict .Tutorial: https://pytorch.org/tutorials/recipes/distributed_checkpoint_recipe.html .
  FullyShardedDataParallel.set_state_dict_type(
/home/hanjack/.pyenv/versions/3.12.8/lib/python3.12/site-packages/torch/distributed/fsdp/fully_sharded_data_parallel.py:828: FutureWarning: FSDP.state_dict_type() and FSDP.set_state_dict_type() are being deprecated. Please use APIs, get_state_dict() and set_state_dict(), which can support different parallelisms, FSDP1, FSDP2, DDP. API doc: https://pytorch.org/docs/stable/distributed.checkpoint.html#torch.distributed.checkpoint.state_dict.get_state_dict .Tutorial: https://pytorch.org/tutorials/recipes/distributed_checkpoint_recipe.html .
  FullyShardedDataParallel.set_state_dict_type(
[2026-10-07 20:00:55,572] step: 3, loss: 3.6307, lr: 0.000100, grad_norm: 1.9968, step_time: 0.016s (avg: 0.145s), tok/s: 7896.0 (avg: 884.2), TFLOPS/s/GPU: 0.00 (avg: 0.00)
[2026-10-07 20:00:55,588] step: 4, loss: 3.6213, lr: 0.000100, grad_norm: 2.0153, step_time: 0.016s (avg: 0.113s), tok/s: 8073.4 (avg: 1137.1), TFLOPS/s/GPU: 0.00 (avg: 0.00)
[2026-10-07 20:00:55,618] Total training time: 0.00 hours
[2026-10-07 20:00:55,618] Finishing training
