[2026-10-07 21:05:20,655] GRPOTrainer initialized with group_size=4, beta=0.1, gen_kwargs={'max_new_tokens': 4, 'temperature': 1.0, 'top_p': 1.0, 'top_k': 0, 'do_sample': True}, use_chat_template=False, system_prompt=none
[2026-10-07 21:05:20,655] Acquiring training resources...
[2026-10-07 21:05:20,655] Initialize torch distributed ... 
[2026-10-07 21:05:20,907] Loading evaluation tasks
[2026-10-07 21:05:20,908] Set random seed to 42 for model initialization
[2026-10-07 21:05:20,917] Created Language Model
[2026-10-07 21:05:20,917] Trainable parameters: 22,688 / 22,688 (100.00%)
[2026-10-07 21:05:20,917] Created Optimizer
[2026-10-07 21:05:20,917] FSDP config: sharding=full, offload=False, use_orig_params=True, forward_prefetch=True
/tmp/ironcore-remediation-final-v6-src/ironcore/parallel/parallel.py:251: FutureWarning: FSDP.state_dict_type() and FSDP.set_state_dict_type() are being deprecated. Please use APIs, get_state_dict() and set_state_dict(), which can support different parallelisms, FSDP1, FSDP2, DDP. API doc: https://pytorch.org/docs/stable/distributed.checkpoint.html#torch.distributed.checkpoint.state_dict.get_state_dict .Tutorial: https://pytorch.org/tutorials/recipes/distributed_checkpoint_recipe.html .
  FSDP.set_state_dict_type(
/tmp/ironcore-remediation-final-v6-src/ironcore/parallel/parallel.py:251: FutureWarning: FSDP.state_dict_type() and FSDP.set_state_dict_type() are being deprecated. Please use APIs, get_state_dict() and set_state_dict(), which can support different parallelisms, FSDP1, FSDP2, DDP. API doc: https://pytorch.org/docs/stable/distributed.checkpoint.html#torch.distributed.checkpoint.state_dict.get_state_dict .Tutorial: https://pytorch.org/tutorials/recipes/distributed_checkpoint_recipe.html .
  FSDP.set_state_dict_type(
[2026-10-07 21:05:20,925] Resources acquired successfully.
[2026-10-07 21:05:20,988] Training start from scratch
[2026-10-07 21:05:20,988] Creating reference model for GRPO...
[2026-10-07 21:05:20,988] Creating reference model from policy weights...
[2026-10-07 21:05:20,991] FSDP config: sharding=full, offload=False, use_orig_params=True, forward_prefetch=True
/home/hanjack/.pyenv/versions/3.12.8/lib/python3.12/site-packages/torch/distributed/fsdp/fully_sharded_data_parallel.py:821: FutureWarning: FSDP.state_dict_type() and FSDP.set_state_dict_type() are being deprecated. Please use APIs, get_state_dict() and set_state_dict(), which can support different parallelisms, FSDP1, FSDP2, DDP. API doc: https://pytorch.org/docs/stable/distributed.checkpoint.html#torch.distributed.checkpoint.state_dict.get_state_dict .Tutorial: https://pytorch.org/tutorials/recipes/distributed_checkpoint_recipe.html .
  prev_state_dict_settings = FullyShardedDataParallel.set_state_dict_type(
/home/hanjack/.pyenv/versions/3.12.8/lib/python3.12/site-packages/torch/distributed/fsdp/fully_sharded_data_parallel.py:821: FutureWarning: FSDP.state_dict_type() and FSDP.set_state_dict_type() are being deprecated. Please use APIs, get_state_dict() and set_state_dict(), which can support different parallelisms, FSDP1, FSDP2, DDP. API doc: https://pytorch.org/docs/stable/distributed.checkpoint.html#torch.distributed.checkpoint.state_dict.get_state_dict .Tutorial: https://pytorch.org/tutorials/recipes/distributed_checkpoint_recipe.html .
  prev_state_dict_settings = FullyShardedDataParallel.set_state_dict_type(
/home/hanjack/.pyenv/versions/3.12.8/lib/python3.12/site-packages/torch/distributed/fsdp/_state_dict_utils.py:732: FutureWarning: Please use DTensor instead and we are deprecating ShardedTensor.
  local_shape = tensor.shape
/home/hanjack/.pyenv/versions/3.12.8/lib/python3.12/site-packages/torch/distributed/fsdp/_state_dict_utils.py:749: FutureWarning: Please use DTensor instead and we are deprecating ShardedTensor.
  tensor.shape,
/home/hanjack/.pyenv/versions/3.12.8/lib/python3.12/site-packages/torch/distributed/fsdp/_state_dict_utils.py:751: FutureWarning: Please use DTensor instead and we are deprecating ShardedTensor.
  tensor.dtype,
/home/hanjack/.pyenv/versions/3.12.8/lib/python3.12/site-packages/torch/distributed/fsdp/_state_dict_utils.py:732: FutureWarning: Please use DTensor instead and we are deprecating ShardedTensor.
  local_shape = tensor.shape
/home/hanjack/.pyenv/versions/3.12.8/lib/python3.12/site-packages/torch/distributed/fsdp/_state_dict_utils.py:749: FutureWarning: Please use DTensor instead and we are deprecating ShardedTensor.
  tensor.shape,
/home/hanjack/.pyenv/versions/3.12.8/lib/python3.12/site-packages/torch/distributed/fsdp/_state_dict_utils.py:751: FutureWarning: Please use DTensor instead and we are deprecating ShardedTensor.
  tensor.dtype,
/home/hanjack/.pyenv/versions/3.12.8/lib/python3.12/site-packages/torch/distributed/fsdp/fully_sharded_data_parallel.py:828: FutureWarning: FSDP.state_dict_type() and FSDP.set_state_dict_type() are being deprecated. Please use APIs, get_state_dict() and set_state_dict(), which can support different parallelisms, FSDP1, FSDP2, DDP. API doc: https://pytorch.org/docs/stable/distributed.checkpoint.html#torch.distributed.checkpoint.state_dict.get_state_dict .Tutorial: https://pytorch.org/tutorials/recipes/distributed_checkpoint_recipe.html .
  FullyShardedDataParallel.set_state_dict_type(
/home/hanjack/.pyenv/versions/3.12.8/lib/python3.12/site-packages/torch/distributed/fsdp/fully_sharded_data_parallel.py:828: FutureWarning: FSDP.state_dict_type() and FSDP.set_state_dict_type() are being deprecated. Please use APIs, get_state_dict() and set_state_dict(), which can support different parallelisms, FSDP1, FSDP2, DDP. API doc: https://pytorch.org/docs/stable/distributed.checkpoint.html#torch.distributed.checkpoint.state_dict.get_state_dict .Tutorial: https://pytorch.org/tutorials/recipes/distributed_checkpoint_recipe.html .
  FullyShardedDataParallel.set_state_dict_type(
[2026-10-07 21:05:21,004] Reference model created on GPU (FSDP mode, local sharded copy)
[2026-10-07 21:05:21,005] [VRAM] After ref model creation: allocated=0.00 GB, reserved=0.00 GB
[2026-10-07 21:05:21,005] Initializing reward worker via RewardManager...
[2026-10-07 21:05:21,005] Training start from step: 0
[2026-10-07 21:05:21,299] [VRAM] After rollout: peak=0.03 GB
[2026-10-07 21:05:21,359] [VRAM] After ref log probs: peak=0.03 GB
[2026-10-07 21:05:21,530] [VRAM] After optimizer step: peak=0.06 GB
[2026-10-07 21:05:21,530] step: 1, loss: -0.0542, lr: 0.000232, grad_norm: 3.3450, step_time: 0.524s (avg: 0.525s), tok/s: 244.1 (avg: 243.8), TFLOPS/s/GPU: 0.00 (avg: 0.00)
[2026-10-07 21:05:21,537] [VRAM] After rollout: peak=0.06 GB
[2026-10-07 21:05:21,546] [VRAM] After ref log probs: peak=0.06 GB
[2026-10-07 21:05:21,585] [VRAM] After optimizer step: peak=0.06 GB
[2026-10-07 21:05:21,586] step: 1, grpo_loss: -0.0101, policy_loss: -0.0121, kl_loss: 0.0020, mean_reward: 0.7500, mean_ratio: 1.0056, clip_frac: 0.000
/home/hanjack/.pyenv/versions/3.12.8/lib/python3.12/site-packages/torch/distributed/fsdp/_unshard_param_utils.py:174: UserWarning: offload_to_cpu=True and rank0_only=False may result in theunsharded parameters being redundantly copied to CPU memory for GPUs sharing the same CPU memory, which risks CPU OOM. We recommend using offload_to_cpu=True with rank0_only=True.
  _validate_unshard_params_args(
[2026-10-07 21:05:21,586] step: 2, loss: -0.0101, lr: 0.000100, grad_norm: 3.7011, step_time: 0.055s (avg: 0.290s), tok/s: 2322.6 (avg: 440.8), TFLOPS/s/GPU: 0.00 (avg: 0.00)
/home/hanjack/.pyenv/versions/3.12.8/lib/python3.12/site-packages/torch/distributed/fsdp/_unshard_param_utils.py:174: UserWarning: offload_to_cpu=True and rank0_only=False may result in theunsharded parameters being redundantly copied to CPU memory for GPUs sharing the same CPU memory, which risks CPU OOM. We recommend using offload_to_cpu=True with rank0_only=True.
  _validate_unshard_params_args(
[2026-10-07 21:05:21,626] Training stopped by exit interval: 2
[2026-10-07 21:05:21,626] Total training time: 0.00 hours
[2026-10-07 21:05:21,626] Finishing training
[2026-10-07 21:05:21,638] GRPO evaluation at step 4: {'eval/mean_reward': 0.75, 'eval/positive_reward_rate': 1.0}
[2026-10-07 21:05:28,989] GRPOTrainer initialized with group_size=4, beta=0.1, gen_kwargs={'max_new_tokens': 4, 'temperature': 1.0, 'top_p': 1.0, 'top_k': 0, 'do_sample': True}, use_chat_template=False, system_prompt=none
[2026-10-07 21:05:28,989] Acquiring training resources...
[2026-10-07 21:05:28,989] Initialize torch distributed ... 
[2026-10-07 21:05:29,274] Loading evaluation tasks
[2026-10-07 21:05:29,276] Set random seed to 42 for model initialization
[2026-10-07 21:05:29,284] Created Language Model
[2026-10-07 21:05:29,285] Trainable parameters: 22,688 / 22,688 (100.00%)
[2026-10-07 21:05:29,285] Created Optimizer
[2026-10-07 21:05:29,285] FSDP config: sharding=full, offload=False, use_orig_params=True, forward_prefetch=True
/tmp/ironcore-remediation-final-v6-src/ironcore/parallel/parallel.py:251: FutureWarning: FSDP.state_dict_type() and FSDP.set_state_dict_type() are being deprecated. Please use APIs, get_state_dict() and set_state_dict(), which can support different parallelisms, FSDP1, FSDP2, DDP. API doc: https://pytorch.org/docs/stable/distributed.checkpoint.html#torch.distributed.checkpoint.state_dict.get_state_dict .Tutorial: https://pytorch.org/tutorials/recipes/distributed_checkpoint_recipe.html .
  FSDP.set_state_dict_type(
/tmp/ironcore-remediation-final-v6-src/ironcore/parallel/parallel.py:251: FutureWarning: FSDP.state_dict_type() and FSDP.set_state_dict_type() are being deprecated. Please use APIs, get_state_dict() and set_state_dict(), which can support different parallelisms, FSDP1, FSDP2, DDP. API doc: https://pytorch.org/docs/stable/distributed.checkpoint.html#torch.distributed.checkpoint.state_dict.get_state_dict .Tutorial: https://pytorch.org/tutorials/recipes/distributed_checkpoint_recipe.html .
  FSDP.set_state_dict_type(
[2026-10-07 21:05:29,293] Resources acquired successfully.
/home/hanjack/.pyenv/versions/3.12.8/lib/python3.12/site-packages/torch/distributed/fsdp/fully_sharded_data_parallel.py:821: FutureWarning: FSDP.state_dict_type() and FSDP.set_state_dict_type() are being deprecated. Please use APIs, get_state_dict() and set_state_dict(), which can support different parallelisms, FSDP1, FSDP2, DDP. API doc: https://pytorch.org/docs/stable/distributed.checkpoint.html#torch.distributed.checkpoint.state_dict.get_state_dict .Tutorial: https://pytorch.org/tutorials/recipes/distributed_checkpoint_recipe.html .
  prev_state_dict_settings = FullyShardedDataParallel.set_state_dict_type(
/home/hanjack/.pyenv/versions/3.12.8/lib/python3.12/site-packages/torch/distributed/fsdp/fully_sharded_data_parallel.py:821: FutureWarning: FSDP.state_dict_type() and FSDP.set_state_dict_type() are being deprecated. Please use APIs, get_state_dict() and set_state_dict(), which can support different parallelisms, FSDP1, FSDP2, DDP. API doc: https://pytorch.org/docs/stable/distributed.checkpoint.html#torch.distributed.checkpoint.state_dict.get_state_dict .Tutorial: https://pytorch.org/tutorials/recipes/distributed_checkpoint_recipe.html .
  prev_state_dict_settings = FullyShardedDataParallel.set_state_dict_type(
/home/hanjack/.pyenv/versions/3.12.8/lib/python3.12/site-packages/torch/distributed/fsdp/fully_sharded_data_parallel.py:828: FutureWarning: FSDP.state_dict_type() and FSDP.set_state_dict_type() are being deprecated. Please use APIs, get_state_dict() and set_state_dict(), which can support different parallelisms, FSDP1, FSDP2, DDP. API doc: https://pytorch.org/docs/stable/distributed.checkpoint.html#torch.distributed.checkpoint.state_dict.get_state_dict .Tutorial: https://pytorch.org/tutorials/recipes/distributed_checkpoint_recipe.html .
  FullyShardedDataParallel.set_state_dict_type(
/home/hanjack/.pyenv/versions/3.12.8/lib/python3.12/site-packages/torch/distributed/fsdp/fully_sharded_data_parallel.py:828: FutureWarning: FSDP.state_dict_type() and FSDP.set_state_dict_type() are being deprecated. Please use APIs, get_state_dict() and set_state_dict(), which can support different parallelisms, FSDP1, FSDP2, DDP. API doc: https://pytorch.org/docs/stable/distributed.checkpoint.html#torch.distributed.checkpoint.state_dict.get_state_dict .Tutorial: https://pytorch.org/tutorials/recipes/distributed_checkpoint_recipe.html .
  FullyShardedDataParallel.set_state_dict_type(
[2026-10-07 21:05:29,365] Successfully loaded checkpoint: /tmp/ironcore-remediation-final-validation-v2/fsdp-bf16/grpo/dp2_resume/checkpoint (resuming from step 2)
[2026-10-07 21:05:29,365] Creating reference model for GRPO...
[2026-10-07 21:05:29,365] Creating reference model from policy weights...
[2026-10-07 21:05:29,367] FSDP config: sharding=full, offload=False, use_orig_params=True, forward_prefetch=True
/home/hanjack/.pyenv/versions/3.12.8/lib/python3.12/site-packages/torch/distributed/fsdp/_state_dict_utils.py:732: FutureWarning: Please use DTensor instead and we are deprecating ShardedTensor.
  local_shape = tensor.shape
/home/hanjack/.pyenv/versions/3.12.8/lib/python3.12/site-packages/torch/distributed/fsdp/_state_dict_utils.py:732: FutureWarning: Please use DTensor instead and we are deprecating ShardedTensor.
  local_shape = tensor.shape
/home/hanjack/.pyenv/versions/3.12.8/lib/python3.12/site-packages/torch/distributed/fsdp/_state_dict_utils.py:749: FutureWarning: Please use DTensor instead and we are deprecating ShardedTensor.
  tensor.shape,
/home/hanjack/.pyenv/versions/3.12.8/lib/python3.12/site-packages/torch/distributed/fsdp/_state_dict_utils.py:749: FutureWarning: Please use DTensor instead and we are deprecating ShardedTensor.
  tensor.shape,
/home/hanjack/.pyenv/versions/3.12.8/lib/python3.12/site-packages/torch/distributed/fsdp/_state_dict_utils.py:751: FutureWarning: Please use DTensor instead and we are deprecating ShardedTensor.
  tensor.dtype,
/home/hanjack/.pyenv/versions/3.12.8/lib/python3.12/site-packages/torch/distributed/fsdp/_state_dict_utils.py:751: FutureWarning: Please use DTensor instead and we are deprecating ShardedTensor.
  tensor.dtype,
[2026-10-07 21:05:29,380] Reference model created on GPU (FSDP mode, local sharded copy)
[2026-10-07 21:05:29,380] [VRAM] After ref model creation: allocated=0.00 GB, reserved=0.00 GB
[2026-10-07 21:05:29,380] Initializing reward worker via RewardManager...
[2026-10-07 21:05:29,385] Training start from step: 2
[2026-10-07 21:05:29,667] [VRAM] After rollout: peak=0.03 GB
[2026-10-07 21:05:29,726] [VRAM] After ref log probs: peak=0.03 GB
[2026-10-07 21:05:29,895] [VRAM] After optimizer step: peak=0.06 GB
[2026-10-07 21:05:29,895] step: 2, grpo_loss: -0.0018, policy_loss: -0.0051, kl_loss: 0.0033, mean_reward: 0.7500, mean_ratio: 1.0022, clip_frac: 0.000
[2026-10-07 21:05:29,895] step: 3, loss: -0.0018, lr: 0.000100, grad_norm: 3.5511, step_time: 0.509s (avg: 0.510s), tok/s: 251.3 (avg: 251.0), TFLOPS/s/GPU: 0.00 (avg: 0.00)
[2026-10-07 21:05:29,902] [VRAM] After rollout: peak=0.06 GB
[2026-10-07 21:05:29,911] [VRAM] After ref log probs: peak=0.06 GB
[2026-10-07 21:05:29,950] [VRAM] After optimizer step: peak=0.06 GB
[2026-10-07 21:05:29,950] step: 3, grpo_loss: -0.0020, policy_loss: -0.0054, kl_loss: 0.0034, mean_reward: 0.7500, mean_ratio: 1.0027, clip_frac: 0.000
/home/hanjack/.pyenv/versions/3.12.8/lib/python3.12/site-packages/torch/distributed/fsdp/_unshard_param_utils.py:174: UserWarning: offload_to_cpu=True and rank0_only=False may result in theunsharded parameters being redundantly copied to CPU memory for GPUs sharing the same CPU memory, which risks CPU OOM. We recommend using offload_to_cpu=True with rank0_only=True.
  _validate_unshard_params_args(
[2026-10-07 21:05:29,950] step: 4, loss: -0.0020, lr: 0.000100, grad_norm: 3.5550, step_time: 0.054s (avg: 0.282s), tok/s: 2350.1 (avg: 453.2), TFLOPS/s/GPU: 0.00 (avg: 0.00)
/home/hanjack/.pyenv/versions/3.12.8/lib/python3.12/site-packages/torch/distributed/fsdp/_unshard_param_utils.py:174: UserWarning: offload_to_cpu=True and rank0_only=False may result in theunsharded parameters being redundantly copied to CPU memory for GPUs sharing the same CPU memory, which risks CPU OOM. We recommend using offload_to_cpu=True with rank0_only=True.
  _validate_unshard_params_args(
[2026-10-07 21:05:29,981] Total training time: 0.00 hours
[2026-10-07 21:05:29,981] Finishing training
[2026-10-07 21:05:29,992] GRPO evaluation at step 4: {'eval/mean_reward': 0.75, 'eval/positive_reward_rate': 1.0}
