[2026-10-07 20:19:24,655] GRPOTrainer initialized with group_size=4, beta=0.1, gen_kwargs={'max_new_tokens': 4, 'temperature': 1.0, 'top_p': 1.0, 'top_k': 0, 'do_sample': True}, use_chat_template=False, system_prompt=none
[2026-10-07 20:19:24,655] Acquiring training resources...
[2026-10-07 20:19:24,655] Initialize torch distributed ... 
[2026-10-07 20:19:24,895] Loading evaluation tasks
[2026-10-07 20:19:24,896] Set random seed to 42 for model initialization
[2026-10-07 20:19:24,905] Created Language Model
[2026-10-07 20:19:24,905] Trainable parameters: 22,688 / 22,688 (100.00%)
[2026-10-07 20:19:24,905] Created Optimizer
[2026-10-07 20:19:24,905] Wrapped optimizer with DistributedOptimizer (bucket_cap=25.0MB)
[2026-10-07 20:19:24,942] Resources acquired successfully.
[2026-10-07 20:19:24,971] Training start from scratch
[2026-10-07 20:19:24,971] Creating reference model for GRPO...
[2026-10-07 20:19:24,971] Creating reference model from policy weights...
[2026-10-07 20:19:24,974] Reference model created on GPU (device=cuda:0)
[2026-10-07 20:19:24,975] [VRAM] After ref model creation: allocated=0.00 GB, reserved=0.00 GB
[2026-10-07 20:19:24,975] Initializing reward worker via RewardManager...
[2026-10-07 20:19:24,975] Training start from step: 0
[2026-10-07 20:19:25,235] [VRAM] After rollout: peak=0.04 GB
[2026-10-07 20:19:25,291] [VRAM] After ref log probs: peak=0.04 GB
[2026-10-07 20:19:25,429] [VRAM] After optimizer step: peak=0.07 GB
[2026-10-07 20:19:25,430] step: 1, loss: -0.0065, lr: 0.000232, grad_norm: 0.3726, step_time: 0.454s (avg: 0.455s), tok/s: 281.8 (avg: 281.4), TFLOPS/s/GPU: 0.00 (avg: 0.00)
[2026-10-07 20:19:25,445] [VRAM] After rollout: peak=0.07 GB
[2026-10-07 20:19:25,451] [VRAM] After ref log probs: peak=0.07 GB
[2026-10-07 20:19:25,478] [VRAM] After optimizer step: peak=0.07 GB
[2026-10-07 20:19:25,478] step: 1, grpo_loss: -0.0022, policy_loss: -0.0023, kl_loss: 0.0000, mean_reward: 0.6250, mean_ratio: 1.0000, clip_frac: 0.000
[2026-10-07 20:19:25,478] step: 2, loss: -0.0022, lr: 0.000100, grad_norm: 0.7198, step_time: 0.048s (avg: 0.251s), tok/s: 2692.2 (avg: 509.0), TFLOPS/s/GPU: 0.00 (avg: 0.00)
[2026-10-07 20:19:25,520] Skipping HF config: hf_model_type/hf_architecture not set
[2026-10-07 20:19:25,520] Saving checkpoint to /tmp/ironcore-remediation-distributed-v3/distributed-optimizer/grpo/dp2_online/checkpoint/step_2
[2026-10-07 20:19:25,530] Checkpoint saved successfully. Checkpoint saved in 0.025s
[2026-10-07 20:19:25,530] Training stopped by exit interval: 2
[2026-10-07 20:19:25,530] Total training time: 0.00 hours
[2026-10-07 20:19:25,530] Finishing training
[2026-10-07 20:19:25,563] GRPO evaluation at step 4: {'eval/mean_reward': 0.65625, 'eval/positive_reward_rate': 1.0}
