[2026-10-07 23:48:02,016] GRPOTrainer initialized with group_size=4, beta=0.1, gen_kwargs={'max_new_tokens': 4, 'temperature': 1.0, 'top_p': 1.0, 'top_k': 0, 'do_sample': True}, use_chat_template=False, system_prompt=none
[2026-10-07 23:48:02,016] Acquiring training resources...
[2026-10-07 23:48:02,016] Initialize torch distributed ... 
[2026-10-07 23:48:02,244] Loading evaluation tasks
[2026-10-07 23:48:02,245] Set random seed to 42 for model initialization
[2026-10-07 23:48:02,261] Created Language Model
[2026-10-07 23:48:02,262] Trainable parameters: 41,376 / 41,376 (100.00%)
[2026-10-07 23:48:02,262] Created Optimizer
[2026-10-07 23:48:02,262] Skipping parallelism wrapping (single GPU, no FSDP)
[2026-10-07 23:48:02,262] Dense FLOP estimate disabled for MoE; use measured tokens/s.
[2026-10-07 23:48:02,262] Resources acquired successfully.
[2026-10-07 23:48:02,265] Training start from scratch
[2026-10-07 23:48:02,265] Creating reference model for GRPO...
[2026-10-07 23:48:02,265] Creating reference model from policy weights...
[2026-10-07 23:48:02,270] Reference model created on GPU (device=cuda:0)
[2026-10-07 23:48:02,270] [VRAM] After ref model creation: allocated=0.00 GB, reserved=0.00 GB
[2026-10-07 23:48:02,270] Initializing reward worker via RewardManager...
[2026-10-07 23:48:02,271] Training start from step: 0
[2026-10-07 23:48:02,623] [VRAM] After rollout: peak=0.03 GB
[2026-10-07 23:48:02,658] [VRAM] After ref log probs: peak=0.03 GB
[2026-10-07 23:48:02,817] [VRAM] After optimizer step: peak=0.07 GB
[2026-10-07 23:48:02,817] step: 1, loss: -0.0523, lr: 0.000232, grad_norm: 2.2962, step_time: 0.546s (avg: 0.547s), tok/s: 234.2 (avg: 234.1)
[2026-10-07 23:48:02,824] [VRAM] After rollout: peak=0.07 GB
[2026-10-07 23:48:02,832] [VRAM] After ref log probs: peak=0.07 GB
[2026-10-07 23:48:02,866] [VRAM] After optimizer step: peak=0.07 GB
[2026-10-07 23:48:02,866] step: 1, grpo_loss: -0.0097, policy_loss: -0.0115, kl_loss: 0.0018, mean_reward: 0.7500, mean_ratio: 1.0041, clip_frac: 0.000
[2026-10-07 23:48:02,866] step: 2, loss: -0.0097, lr: 0.000100, grad_norm: 3.7639, step_time: 0.048s (avg: 0.298s), tok/s: 2662.1 (avg: 430.0)
[2026-10-07 23:48:02,876] Skipping HF config: hf_model_type/hf_architecture not set
[2026-10-07 23:48:02,876] Saving checkpoint to /tmp/ironcore-grpo-reference-postfix/native-moe-bf16-matrix/grpo/full/checkpoint/step_2
[2026-10-07 23:48:02,893] Checkpoint saved successfully. Checkpoint saved in 0.015s
[2026-10-07 23:48:02,899] [VRAM] After rollout: peak=0.07 GB
[2026-10-07 23:48:02,907] [VRAM] After ref log probs: peak=0.07 GB
[2026-10-07 23:48:02,941] [VRAM] After optimizer step: peak=0.07 GB
[2026-10-07 23:48:02,941] step: 2, grpo_loss: -0.0021, policy_loss: -0.0052, kl_loss: 0.0030, mean_reward: 0.7500, mean_ratio: 1.0022, clip_frac: 0.000
[2026-10-07 23:48:02,941] step: 3, loss: -0.0021, lr: 0.000100, grad_norm: 3.6116, step_time: 0.048s (avg: 0.224s), tok/s: 2680.8 (avg: 572.6)
[2026-10-07 23:48:02,947] [VRAM] After rollout: peak=0.07 GB
[2026-10-07 23:48:02,955] [VRAM] After ref log probs: peak=0.07 GB
[2026-10-07 23:48:02,988] [VRAM] After optimizer step: peak=0.07 GB
[2026-10-07 23:48:02,988] step: 3, grpo_loss: -0.0023, policy_loss: -0.0053, kl_loss: 0.0030, mean_reward: 0.7500, mean_ratio: 1.0025, clip_frac: 0.000
[2026-10-07 23:48:02,988] step: 4, loss: -0.0023, lr: 0.000100, grad_norm: 3.6313, step_time: 0.047s (avg: 0.179s), tok/s: 2733.9 (avg: 713.3)
[2026-10-07 23:48:02,995] Skipping HF config: hf_model_type/hf_architecture not set
[2026-10-07 23:48:02,996] Saving checkpoint to /tmp/ironcore-grpo-reference-postfix/native-moe-bf16-matrix/grpo/full/checkpoint/step_4
[2026-10-07 23:48:03,016] Checkpoint saved successfully. Checkpoint saved in 0.015s
[2026-10-07 23:48:03,016] Total training time: 0.00 hours
[2026-10-07 23:48:03,016] Finishing training
[2026-10-07 23:48:03,032] GRPO evaluation at step 4: {'eval/mean_reward': 0.75, 'eval/positive_reward_rate': 1.0}
