[2026-10-07 20:56:38,874] DPOTrainer initialized with beta=0.5, concat_passes=True, metrics_interval=0
[2026-10-07 20:56:38,874] Acquiring training resources...
[2026-10-07 20:56:38,874] Initialize torch distributed ... 
[2026-10-07 20:56:39,129] Loading evaluation tasks
[2026-10-07 20:56:39,130] Set random seed to 42 for model initialization
[2026-10-07 20:56:39,141] Created Language Model
[2026-10-07 20:56:39,148] Trainable parameters: 29,088 / 29,088 (100.00%)
[2026-10-07 20:56:39,148] Created Optimizer
[2026-10-07 20:56:39,179] Dense FLOP estimate disabled for MoE; use measured tokens/s.
[2026-10-07 20:56:39,179] Resources acquired successfully.
[2026-10-07 20:56:39,219] Training start from scratch
[2026-10-07 20:56:39,220] Creating reference model with beta=0.5
[2026-10-07 20:56:39,220] Creating reference model from policy weights...
[2026-10-07 20:56:39,224] Training start from step: 0
[2026-10-07 20:56:39,815] step: 1, loss: 0.6931, lr: 0.000550, grad_norm: 9.5695, step_time: 0.591s (avg: 0.591s), tok/s: 216.7 (avg: 216.7)
[2026-10-07 20:56:39,854] step: 1, dpo_loss: 0.4597, margin: 0.7052, accuracy: 1.0000
[2026-10-07 20:56:39,854] step: 2, loss: 0.4597, lr: 0.000232, grad_norm: 7.0709, step_time: 0.039s (avg: 0.315s), tok/s: 3319.1 (avg: 406.6)
[2026-10-07 20:56:39,885] Training stopped by exit interval: 2
[2026-10-07 20:56:39,885] Total training time: 0.00 hours
[2026-10-07 20:56:39,885] Finishing training
[2026-10-07 20:56:47,911] DPOTrainer initialized with beta=0.5, concat_passes=True, metrics_interval=0
[2026-10-07 20:56:47,911] Acquiring training resources...
[2026-10-07 20:56:47,911] Initialize torch distributed ... 
[2026-10-07 20:56:48,178] Loading evaluation tasks
[2026-10-07 20:56:48,179] Set random seed to 42 for model initialization
[2026-10-07 20:56:48,191] Created Language Model
[2026-10-07 20:56:48,197] Trainable parameters: 29,088 / 29,088 (100.00%)
[2026-10-07 20:56:48,197] Created Optimizer
[2026-10-07 20:56:48,228] Dense FLOP estimate disabled for MoE; use measured tokens/s.
[2026-10-07 20:56:48,228] Resources acquired successfully.
[2026-10-07 20:56:48,278] Successfully loaded checkpoint: /tmp/ironcore-remediation-final-validation/ep-bf16/dpo/ep2_resume/checkpoint (resuming from step 2)
[2026-10-07 20:56:48,278] Skipping 4 consumed micro-batches to resume data position (8 samples on this rank).
[2026-10-07 20:56:48,278] Creating reference model with beta=0.5
[2026-10-07 20:56:48,278] Creating reference model from policy weights...
[2026-10-07 20:56:48,286] Training start from step: 2
[2026-10-07 20:56:48,872] step: 2, dpo_loss: 0.3207, margin: 1.7252, accuracy: 1.0000
[2026-10-07 20:56:48,872] step: 3, loss: 0.3207, lr: 0.000100, grad_norm: 5.2076, step_time: 0.586s (avg: 0.586s), tok/s: 218.6 (avg: 218.5)
[2026-10-07 20:56:48,908] step: 3, dpo_loss: 0.2974, margin: 1.7496, accuracy: 1.0000
[2026-10-07 20:56:48,908] step: 4, loss: 0.2974, lr: 0.000100, grad_norm: 4.9487, step_time: 0.036s (avg: 0.311s), tok/s: 3565.6 (avg: 411.6)
[2026-10-07 20:56:48,950] Total training time: 0.00 hours
[2026-10-07 20:56:48,950] Finishing training
