[2026-10-07 20:25:48,442] Acquiring training resources...
[2026-10-07 20:25:48,442] Initialize torch distributed ... 
[2026-10-07 20:25:48,724] Loading evaluation tasks
[2026-10-07 20:25:48,725] Set random seed to 42 for model initialization
[2026-10-07 20:25:48,733] Created Language Model
[2026-10-07 20:25:48,734] Trainable parameters: 22,688 / 22,688 (100.00%)
[2026-10-07 20:25:48,734] Created Optimizer
[2026-10-07 20:25:48,772] Resources acquired successfully.
[2026-10-07 20:25:48,802] Training start from scratch
[2026-10-07 20:25:48,803] Training start from step: 0
[2026-10-07 20:25:49,165] step: 1, loss: 3.4574, lr: 0.000550, grad_norm: 2.1005, step_time: 0.362s (avg: 0.362s), tok/s: 353.5 (avg: 353.4), TFLOPS/s/GPU: 0.00 (avg: 0.00)
[2026-10-07 20:25:49,184] step: 2, loss: 3.4067, lr: 0.000232, grad_norm: 2.1329, step_time: 0.019s (avg: 0.191s), tok/s: 6765.6 (avg: 671.3), TFLOPS/s/GPU: 0.00 (avg: 0.00)
[2026-10-07 20:25:49,190] Skipping HF config: hf_model_type/hf_architecture not set
[2026-10-07 20:25:49,190] Saving checkpoint to /tmp/ironcore-remediation-distributed-v3/recomputed-ce/sft/dp2/checkpoint/step_2
[2026-10-07 20:25:49,204] Checkpoint saved successfully. Checkpoint saved in 0.007s
[2026-10-07 20:25:49,221] step: 3, loss: 3.3470, lr: 0.000100, grad_norm: 2.0442, step_time: 0.017s (avg: 0.140s), tok/s: 7337.5 (avg: 917.6), TFLOPS/s/GPU: 0.00 (avg: 0.00)
[2026-10-07 20:25:49,239] step: 4, loss: 3.3438, lr: 0.000100, grad_norm: 2.0866, step_time: 0.017s (avg: 0.109s), tok/s: 7337.6 (avg: 1174.3), TFLOPS/s/GPU: 0.00 (avg: 0.00)
[2026-10-07 20:25:49,252] Skipping HF config: hf_model_type/hf_architecture not set
[2026-10-07 20:25:49,252] Saving checkpoint to /tmp/ironcore-remediation-distributed-v3/recomputed-ce/sft/dp2/checkpoint/step_4
[2026-10-07 20:25:49,262] Checkpoint saved successfully. Checkpoint saved in 0.007s
[2026-10-07 20:25:49,262] Total training time: 0.00 hours
[2026-10-07 20:25:49,262] Finishing training
