[2026-10-07 19:42:27,685] GRPOTrainer initialized with group_size=4, beta=0.1, gen_kwargs={'max_new_tokens': 4, 'temperature': 1.0, 'top_p': 1.0, 'top_k': 0, 'do_sample': True}, use_chat_template=False, system_prompt=none
[2026-10-07 19:42:27,685] Acquiring training resources...
[2026-10-07 19:42:27,685] Initialize torch distributed ... 
[2026-10-07 19:42:27,928] Loading evaluation tasks
[2026-10-07 19:42:27,929] Set random seed to 42 for model initialization
[2026-10-07 19:42:27,937] Created Language Model
[2026-10-07 19:42:27,937] Trainable parameters: 23,328 / 23,328 (100.00%)
[2026-10-07 19:42:27,937] Created Optimizer
[2026-10-07 19:42:27,976] Resources acquired successfully.
[2026-10-07 19:42:28,006] Training start from scratch
[2026-10-07 19:42:28,006] Creating reference model for GRPO...
[2026-10-07 19:42:28,006] Creating reference model from policy weights...
[2026-10-07 19:42:28,010] Reference model created on GPU (device=cuda:0)
[2026-10-07 19:42:28,010] [VRAM] After ref model creation: allocated=0.00 GB, reserved=0.00 GB
[2026-10-07 19:42:28,010] Initializing reward worker via RewardManager...
[2026-10-07 19:42:28,011] Training start from step: 0
[2026-10-07 19:42:28,273] [VRAM] After rollout: peak=0.03 GB
[2026-10-07 19:42:28,332] [VRAM] After ref log probs: peak=0.03 GB
[2026-10-07 19:42:28,561] [VRAM] After optimizer step: peak=0.07 GB
[2026-10-07 19:42:28,562] step: 1, loss: -0.0088, lr: 0.000232, grad_norm: 0.4462, step_time: 0.550s (avg: 0.551s), tok/s: 232.6 (avg: 232.4), TFLOPS/s/GPU: 0.00 (avg: 0.00)
[2026-10-07 19:42:28,577] [VRAM] After rollout: peak=0.07 GB
[2026-10-07 19:42:28,582] [VRAM] After ref log probs: peak=0.07 GB
[2026-10-07 19:42:28,606] [VRAM] After optimizer step: peak=0.07 GB
[2026-10-07 19:42:28,607] step: 1, grpo_loss: -0.0019, policy_loss: -0.0019, kl_loss: 0.0000, mean_reward: 0.5625, mean_ratio: 0.9995, clip_frac: 0.000
[2026-10-07 19:42:28,607] step: 2, loss: -0.0019, lr: 0.000100, grad_norm: 0.6262, step_time: 0.045s (avg: 0.298s), tok/s: 2872.3 (avg: 429.5), TFLOPS/s/GPU: 0.00 (avg: 0.00)
[2026-10-07 19:42:28,620] Skipping HF config: hf_model_type/hf_architecture not set
[2026-10-07 19:42:28,620] Saving checkpoint to /tmp/ironcore-remediation-ad-bf16/grpo/dp2_online/checkpoint/step_2
[2026-10-07 19:42:28,634] Checkpoint saved successfully. Checkpoint saved in 0.011s
[2026-10-07 19:42:28,634] Training stopped by exit interval: 2
[2026-10-07 19:42:28,634] Total training time: 0.00 hours
[2026-10-07 19:42:28,634] Finishing training
[2026-10-07 19:42:28,671] GRPO evaluation at step 4: {'eval/mean_reward': 0.5, 'eval/positive_reward_rate': 1.0}
