[2026-10-07 20:22:11,164] GRPOTrainer initialized with group_size=4, beta=0.1, gen_kwargs={'max_new_tokens': 4, 'temperature': 1.0, 'top_p': 1.0, 'top_k': 0, 'do_sample': True}, use_chat_template=False, system_prompt=none
[2026-10-07 20:22:11,164] Acquiring training resources...
[2026-10-07 20:22:11,164] Initialize torch distributed ... 
[2026-10-07 20:22:11,392] Loading evaluation tasks
[2026-10-07 20:22:11,393] Set random seed to 42 for model initialization
[2026-10-07 20:22:11,404] Created Language Model
[2026-10-07 20:22:11,405] Trainable parameters: 41,376 / 41,376 (100.00%)
[2026-10-07 20:22:11,405] Created Optimizer
[2026-10-07 20:22:11,405] Skipping parallelism wrapping (single GPU, no FSDP)
[2026-10-07 20:22:11,405] Dense FLOP estimate disabled for MoE; use measured tokens/s.
[2026-10-07 20:22:11,405] Resources acquired successfully.
[2026-10-07 20:22:11,408] Training start from scratch
[2026-10-07 20:22:11,408] Creating reference model for GRPO...
[2026-10-07 20:22:11,408] Creating reference model from policy weights...
[2026-10-07 20:22:11,414] Reference model created on GPU (device=cuda:0)
[2026-10-07 20:22:11,414] [VRAM] After ref model creation: allocated=0.00 GB, reserved=0.00 GB
[2026-10-07 20:22:11,414] Initializing reward worker via RewardManager...
[2026-10-07 20:22:11,414] Training start from step: 0
[2026-10-07 20:22:11,689] [VRAM] After rollout: peak=0.03 GB
[2026-10-07 20:22:11,717] [VRAM] After ref log probs: peak=0.03 GB
[2026-10-07 20:22:11,881] [VRAM] After optimizer step: peak=0.07 GB
[2026-10-07 20:22:11,881] step: 1, loss: -0.0542, lr: 0.000232, grad_norm: 3.3731, step_time: 0.467s (avg: 0.467s), tok/s: 274.3 (avg: 274.1)
[2026-10-07 20:22:11,887] [VRAM] After rollout: peak=0.07 GB
[2026-10-07 20:22:11,894] [VRAM] After ref log probs: peak=0.07 GB
[2026-10-07 20:22:11,928] [VRAM] After optimizer step: peak=0.07 GB
[2026-10-07 20:22:11,928] step: 1, grpo_loss: -0.0101, policy_loss: -0.0121, kl_loss: 0.0020, mean_reward: 0.7500, mean_ratio: 1.0055, clip_frac: 0.000
[2026-10-07 20:22:11,928] step: 2, loss: -0.0101, lr: 0.000100, grad_norm: 3.7386, step_time: 0.046s (avg: 0.257s), tok/s: 2760.7 (avg: 498.1)
[2026-10-07 20:22:11,937] Skipping HF config: hf_model_type/hf_architecture not set
[2026-10-07 20:22:11,938] Saving checkpoint to /tmp/ironcore-remediation-distributed-v3/moe-ep-all/grpo/full/checkpoint/step_2
[2026-10-07 20:22:11,958] Checkpoint saved successfully. Checkpoint saved in 0.018s
[2026-10-07 20:22:11,964] [VRAM] After rollout: peak=0.07 GB
[2026-10-07 20:22:11,971] [VRAM] After ref log probs: peak=0.07 GB
[2026-10-07 20:22:12,004] [VRAM] After optimizer step: peak=0.07 GB
[2026-10-07 20:22:12,004] step: 2, grpo_loss: -0.0019, policy_loss: -0.0052, kl_loss: 0.0033, mean_reward: 0.7500, mean_ratio: 1.0024, clip_frac: 0.000
[2026-10-07 20:22:12,004] step: 3, loss: -0.0019, lr: 0.000100, grad_norm: 3.5703, step_time: 0.046s (avg: 0.197s), tok/s: 2775.6 (avg: 650.5)
[2026-10-07 20:22:12,010] [VRAM] After rollout: peak=0.07 GB
[2026-10-07 20:22:12,017] [VRAM] After ref log probs: peak=0.07 GB
[2026-10-07 20:22:12,050] [VRAM] After optimizer step: peak=0.07 GB
[2026-10-07 20:22:12,050] step: 3, grpo_loss: -0.0019, policy_loss: -0.0053, kl_loss: 0.0033, mean_reward: 0.7500, mean_ratio: 1.0024, clip_frac: 0.000
[2026-10-07 20:22:12,050] step: 4, loss: -0.0019, lr: 0.000100, grad_norm: 3.5830, step_time: 0.045s (avg: 0.159s), tok/s: 2819.8 (avg: 804.8)
[2026-10-07 20:22:12,058] Skipping HF config: hf_model_type/hf_architecture not set
[2026-10-07 20:22:12,058] Saving checkpoint to /tmp/ironcore-remediation-distributed-v3/moe-ep-all/grpo/full/checkpoint/step_4
[2026-10-07 20:22:12,077] Checkpoint saved successfully. Checkpoint saved in 0.015s
[2026-10-07 20:22:12,077] Total training time: 0.00 hours
[2026-10-07 20:22:12,077] Finishing training
[2026-10-07 20:22:12,096] GRPO evaluation at step 4: {'eval/mean_reward': 0.75, 'eval/positive_reward_rate': 1.0}
