[2026-10-07 20:25:31,892] Acquiring training resources...
[2026-10-07 20:25:31,892] Initialize torch distributed ... 
[2026-10-07 20:25:32,109] Loading evaluation tasks
[2026-10-07 20:25:32,111] Set random seed to 42 for model initialization
[2026-10-07 20:25:32,120] Created Language Model
[2026-10-07 20:25:32,120] Trainable parameters: 22,688 / 22,688 (100.00%)
[2026-10-07 20:25:32,120] Created Optimizer
[2026-10-07 20:25:32,120] Skipping parallelism wrapping (single GPU, no FSDP)
[2026-10-07 20:25:32,120] Resources acquired successfully.
[2026-10-07 20:25:32,121] Training start from scratch
[2026-10-07 20:25:32,122] Training start from step: 0
[2026-10-07 20:25:32,489] step: 1, loss: 3.4574, lr: 0.000550, grad_norm: 2.1005, step_time: 0.367s (avg: 0.368s), tok/s: 348.3 (avg: 348.3), TFLOPS/s/GPU: 0.00 (avg: 0.00)
[2026-10-07 20:25:32,522] step: 2, loss: 3.4067, lr: 0.000232, grad_norm: 2.1329, step_time: 0.032s (avg: 0.200s), tok/s: 3962.9 (avg: 640.0), TFLOPS/s/GPU: 0.00 (avg: 0.00)
[2026-10-07 20:25:32,527] Skipping HF config: hf_model_type/hf_architecture not set
[2026-10-07 20:25:32,527] Saving checkpoint to /tmp/ironcore-remediation-distributed-v3/recomputed-ce/sft/accum_resume/checkpoint/step_2
[2026-10-07 20:25:32,544] Checkpoint saved successfully. Checkpoint saved in 0.008s
[2026-10-07 20:25:32,544] Training stopped by exit interval: 2
[2026-10-07 20:25:32,544] Total training time: 0.00 hours
[2026-10-07 20:25:32,544] Finishing training
[2026-10-07 20:25:39,660] Acquiring training resources...
[2026-10-07 20:25:39,660] Initialize torch distributed ... 
[2026-10-07 20:25:39,875] Loading evaluation tasks
[2026-10-07 20:25:39,876] Set random seed to 42 for model initialization
[2026-10-07 20:25:39,885] Created Language Model
[2026-10-07 20:25:39,885] Trainable parameters: 22,688 / 22,688 (100.00%)
[2026-10-07 20:25:39,885] Created Optimizer
[2026-10-07 20:25:39,885] Skipping parallelism wrapping (single GPU, no FSDP)
[2026-10-07 20:25:39,885] Resources acquired successfully.
[2026-10-07 20:25:39,886] Loading checkpoint from /tmp/ironcore-remediation-distributed-v3/recomputed-ce/sft/accum_resume/checkpoint/step_2
[2026-10-07 20:25:39,895] Loading optimizer state dict.
[2026-10-07 20:25:39,896] Checkpoint loaded successfully. Resuming training at step 2. Total time: 0.01s
[2026-10-07 20:25:39,896] Successfully loaded checkpoint: /tmp/ironcore-remediation-distributed-v3/recomputed-ce/sft/accum_resume/checkpoint (resuming from step 2)
[2026-10-07 20:25:39,896] Skipping 8 consumed micro-batches to resume data position (16 samples on this rank).
[2026-10-07 20:25:39,898] Training start from step: 2
[2026-10-07 20:25:40,290] step: 3, loss: 3.3470, lr: 0.000100, grad_norm: 2.0442, step_time: 0.392s (avg: 0.392s), tok/s: 326.5 (avg: 326.4), TFLOPS/s/GPU: 0.00 (avg: 0.00)
[2026-10-07 20:25:40,322] step: 4, loss: 3.3438, lr: 0.000100, grad_norm: 2.0866, step_time: 0.032s (avg: 0.212s), tok/s: 3993.4 (avg: 603.3), TFLOPS/s/GPU: 0.00 (avg: 0.00)
[2026-10-07 20:25:40,334] Skipping HF config: hf_model_type/hf_architecture not set
[2026-10-07 20:25:40,334] Saving checkpoint to /tmp/ironcore-remediation-distributed-v3/recomputed-ce/sft/accum_resume/checkpoint/step_4
[2026-10-07 20:25:40,348] Checkpoint saved successfully. Checkpoint saved in 0.008s
[2026-10-07 20:25:40,348] Total training time: 0.00 hours
[2026-10-07 20:25:40,348] Finishing training
