[2026-10-07 21:02:40,969] Acquiring training resources...
[2026-10-07 21:02:40,969] Initialize torch distributed ... 
[2026-10-07 21:02:41,221] Loading evaluation tasks
[2026-10-07 21:02:41,222] Set random seed to 42 for model initialization
[2026-10-07 21:02:41,230] Created Language Model
[2026-10-07 21:02:41,230] Trainable parameters: 22,688 / 22,688 (100.00%)
[2026-10-07 21:02:41,230] Created Optimizer
[2026-10-07 21:02:41,230] FSDP config: sharding=full, offload=False, use_orig_params=True, forward_prefetch=True
/tmp/ironcore-remediation-final-v6-src/ironcore/parallel/parallel.py:251: FutureWarning: FSDP.state_dict_type() and FSDP.set_state_dict_type() are being deprecated. Please use APIs, get_state_dict() and set_state_dict(), which can support different parallelisms, FSDP1, FSDP2, DDP. API doc: https://pytorch.org/docs/stable/distributed.checkpoint.html#torch.distributed.checkpoint.state_dict.get_state_dict .Tutorial: https://pytorch.org/tutorials/recipes/distributed_checkpoint_recipe.html .
  FSDP.set_state_dict_type(
[2026-10-07 21:02:41,239] Resources acquired successfully.
/tmp/ironcore-remediation-final-v6-src/ironcore/parallel/parallel.py:251: FutureWarning: FSDP.state_dict_type() and FSDP.set_state_dict_type() are being deprecated. Please use APIs, get_state_dict() and set_state_dict(), which can support different parallelisms, FSDP1, FSDP2, DDP. API doc: https://pytorch.org/docs/stable/distributed.checkpoint.html#torch.distributed.checkpoint.state_dict.get_state_dict .Tutorial: https://pytorch.org/tutorials/recipes/distributed_checkpoint_recipe.html .
  FSDP.set_state_dict_type(
[2026-10-07 21:02:41,302] Training start from scratch
[2026-10-07 21:02:41,302] Training start from step: 0
[2026-10-07 21:02:41,721] step: 1, loss: 3.4673, lr: 0.000550, grad_norm: 2.0653, step_time: 0.419s (avg: 0.419s), tok/s: 305.5 (avg: 305.4), TFLOPS/s/GPU: 0.00 (avg: 0.00)
[2026-10-07 21:02:41,739] step: 2, loss: 3.3992, lr: 0.000232, grad_norm: 2.0249, step_time: 0.018s (avg: 0.219s), tok/s: 7120.1 (avg: 585.5), TFLOPS/s/GPU: 0.00 (avg: 0.00)
/home/hanjack/.pyenv/versions/3.12.8/lib/python3.12/site-packages/torch/distributed/fsdp/fully_sharded_data_parallel.py:821: FutureWarning: FSDP.state_dict_type() and FSDP.set_state_dict_type() are being deprecated. Please use APIs, get_state_dict() and set_state_dict(), which can support different parallelisms, FSDP1, FSDP2, DDP. API doc: https://pytorch.org/docs/stable/distributed.checkpoint.html#torch.distributed.checkpoint.state_dict.get_state_dict .Tutorial: https://pytorch.org/tutorials/recipes/distributed_checkpoint_recipe.html .
  prev_state_dict_settings = FullyShardedDataParallel.set_state_dict_type(
/home/hanjack/.pyenv/versions/3.12.8/lib/python3.12/site-packages/torch/distributed/fsdp/fully_sharded_data_parallel.py:821: FutureWarning: FSDP.state_dict_type() and FSDP.set_state_dict_type() are being deprecated. Please use APIs, get_state_dict() and set_state_dict(), which can support different parallelisms, FSDP1, FSDP2, DDP. API doc: https://pytorch.org/docs/stable/distributed.checkpoint.html#torch.distributed.checkpoint.state_dict.get_state_dict .Tutorial: https://pytorch.org/tutorials/recipes/distributed_checkpoint_recipe.html .
  prev_state_dict_settings = FullyShardedDataParallel.set_state_dict_type(
/home/hanjack/.pyenv/versions/3.12.8/lib/python3.12/site-packages/torch/distributed/fsdp/_unshard_param_utils.py:174: UserWarning: offload_to_cpu=True and rank0_only=False may result in theunsharded parameters being redundantly copied to CPU memory for GPUs sharing the same CPU memory, which risks CPU OOM. We recommend using offload_to_cpu=True with rank0_only=True.
  _validate_unshard_params_args(
/home/hanjack/.pyenv/versions/3.12.8/lib/python3.12/site-packages/torch/distributed/fsdp/_unshard_param_utils.py:174: UserWarning: offload_to_cpu=True and rank0_only=False may result in theunsharded parameters being redundantly copied to CPU memory for GPUs sharing the same CPU memory, which risks CPU OOM. We recommend using offload_to_cpu=True with rank0_only=True.
  _validate_unshard_params_args(
/home/hanjack/.pyenv/versions/3.12.8/lib/python3.12/site-packages/torch/distributed/fsdp/fully_sharded_data_parallel.py:828: FutureWarning: FSDP.state_dict_type() and FSDP.set_state_dict_type() are being deprecated. Please use APIs, get_state_dict() and set_state_dict(), which can support different parallelisms, FSDP1, FSDP2, DDP. API doc: https://pytorch.org/docs/stable/distributed.checkpoint.html#torch.distributed.checkpoint.state_dict.get_state_dict .Tutorial: https://pytorch.org/tutorials/recipes/distributed_checkpoint_recipe.html .
  FullyShardedDataParallel.set_state_dict_type(
/home/hanjack/.pyenv/versions/3.12.8/lib/python3.12/site-packages/torch/distributed/fsdp/fully_sharded_data_parallel.py:828: FutureWarning: FSDP.state_dict_type() and FSDP.set_state_dict_type() are being deprecated. Please use APIs, get_state_dict() and set_state_dict(), which can support different parallelisms, FSDP1, FSDP2, DDP. API doc: https://pytorch.org/docs/stable/distributed.checkpoint.html#torch.distributed.checkpoint.state_dict.get_state_dict .Tutorial: https://pytorch.org/tutorials/recipes/distributed_checkpoint_recipe.html .
  FullyShardedDataParallel.set_state_dict_type(
[2026-10-07 21:02:41,792] step: 3, loss: 3.3476, lr: 0.000100, grad_norm: 1.9697, step_time: 0.017s (avg: 0.163s), tok/s: 7438.3 (avg: 783.8), TFLOPS/s/GPU: 0.00 (avg: 0.00)
[2026-10-07 21:02:41,808] step: 4, loss: 3.3363, lr: 0.000100, grad_norm: 1.9667, step_time: 0.016s (avg: 0.127s), tok/s: 7871.5 (avg: 1011.3), TFLOPS/s/GPU: 0.00 (avg: 0.00)
[2026-10-07 21:02:41,842] Total training time: 0.00 hours
[2026-10-07 21:02:41,842] Finishing training
