
*****************************************
Setting OMP_NUM_THREADS environment variable for each process to be 1 in default, to avoid your system being overloaded, please further tune the variable for optimal performance in your application as needed. 
*****************************************
[2026-10-07 20:48:01,587] Acquiring training resources...
[2026-10-07 20:48:01,587] Initialize torch distributed ... 
[2026-10-07 20:48:01,822] Loading evaluation tasks
[2026-10-07 20:48:01,822] Initialized Torch Profiler (Version: v0)
[2026-10-07 20:48:01,823] Set random seed to 42 for model initialization
[2026-10-07 20:48:02,663] Created Language Model
[2026-10-07 20:48:02,664] Trainable parameters: 130,433,920 / 130,433,920 (100.00%)
[2026-10-07 20:48:02,664] Created Optimizer
[2026-10-07 20:48:02,706] Resources acquired successfully.
[2026-10-07 20:48:02,977] Training start from scratch
[2026-10-07 20:48:02,978] Training start from step: 0
sys:1: UserWarning: Full backward hook is firing when gradients are computed with respect to module outputs since no inputs require gradients. See https://docs.pytorch.org/docs/main/generated/torch.nn.Module.html#torch.nn.Module.register_full_backward_hook for more details.
sys:1: UserWarning: Full backward hook is firing when gradients are computed with respect to module outputs since no inputs require gradients. See https://docs.pytorch.org/docs/main/generated/torch.nn.Module.html#torch.nn.Module.register_full_backward_hook for more details.
[2026-10-07 20:48:06,267] step: 10, loss: 8.3617, lr: 0.000282, grad_norm: 10.8104, step_time: 0.319s (avg: 0.329s), tok/s: 51380.8 (avg: 49807.4), TFLOPS/s/GPU: 20.11 (avg: 19.49)
[2026-10-07 20:48:06,565] Starting hardware capture (ROCTX/NVTX) for profile v0
/home/hanjack/.pyenv/versions/3.12.8/lib/python3.12/site-packages/torch/profiler/profiler.py:272: UserWarning: Warning: Profiler clears events at the end of each cycle.Only events from the current cycle will be reported.To keep events across cycles, set acc_events=True.
  _warn_once(
/home/hanjack/.pyenv/versions/3.12.8/lib/python3.12/site-packages/torch/profiler/profiler.py:272: UserWarning: Warning: Profiler clears events at the end of each cycle.Only events from the current cycle will be reported.To keep events across cycles, set acc_events=True.
  _warn_once(
USDT:2026-10-07 20:48:06 1926173:1926173 ActivityProfilerController.cpp:415] profiler_startUSDT:2026-10-07 20:48:06 1926172:1926172 ActivityProfilerController.cpp:415] profiler_start

[rank0]:[W1007 20:48:06.523644425 CPUAllocator.cpp:245] Memory block of unknown size was allocated before the profiling started, profiler results will not include the deallocation event
[rank1]:[W1007 20:48:06.523654804 CPUAllocator.cpp:245] Memory block of unknown size was allocated before the profiling started, profiler results will not include the deallocation event
USDT:2026-10-07 20:48:07 1926173:1926173 ActivityProfilerController.cpp:455] profiler_stop
USDT:2026-10-07 20:48:07 1926172:1926172 ActivityProfilerController.cpp:455] profiler_stop
[2026-10-07 20:48:08,926] Stopping hardware capture and flushing traces for profile
[2026-10-07 20:48:09,343] Exported Chrome trace to /tmp/ironcore-remediation-followup-v3/dense-recomputed-profile/profile/profile_v0_rank0_chrome.json
[2026-10-07 20:48:45,699] Exported key-averages CSV to /tmp/ironcore-remediation-followup-v3/dense-recomputed-profile/profile/profile_v0_rank0_key_averages.csv
[2026-10-07 20:48:46,045] Skip checkpoint saving since no-save flag is set
[2026-10-07 20:48:46,045] Total training time: 0.01 hours
[2026-10-07 20:48:46,045] Finishing training
{
  "model_size_label": "130m",
  "parameters_local": 130433920,
  "parameters_full": 130433920,
  "active_parameters_per_token_estimate": 130433920,
  "moe": false,
  "moe_config": null,
  "expert_stats": {},
  "world_size": 2,
  "tp": 1,
  "ep": 1,
  "fsdp": false,
  "distributed_optimizer": false,
  "context": 2048,
  "micro_batch": 2,
  "global_batch": 8,
  "precision": "bfloat16",
  "parameter_precision": "float32",
  "attention": "sdpa",
  "compile": false,
  "activation_recompute": false,
  "loss_chunk_size": 256,
  "seed": 42,
  "torch": "2.12.0+cu130",
  "recompute_linear_ce": true,
  "moe_backend": "loop",
  "profile": true,
  "profile_ranks": [
    0,
    1
  ],
  "profiler_schedule": {
    "start": 11,
    "end": 15,
    "wait": 1,
    "warmup": 1,
    "active": 2
  },
  "gpu": "NVIDIA GeForce RTX 3090",
  "steps": 16,
  "warmup_steps_excluded": 10,
  "mean_step_seconds": 0.6363356819880815,
  "median_step_seconds": 0.3145068559679203,
  "p95_step_seconds": 2.2590306849451736,
  "global_tokens_per_second": 25747.41675464754,
  "peak_allocated_bytes": 4999551488,
  "peak_reserved_bytes": 5268045824,
  "initial_heldout_loss": 10.94469165802002,
  "final_heldout_loss": 7.25404167175293
}
