
*****************************************
Setting OMP_NUM_THREADS environment variable for each process to be 1 in default, to avoid your system being overloaded, please further tune the variable for optimal performance in your application as needed. 
*****************************************
[2026-10-07 20:46:17,865] Acquiring training resources...
[2026-10-07 20:46:17,865] Initialize torch distributed ... 
[2026-10-07 20:46:18,094] Loading evaluation tasks
[2026-10-07 20:46:18,095] Set random seed to 42 for model initialization
[2026-10-07 20:46:18,917] Created Language Model
[2026-10-07 20:46:18,918] Trainable parameters: 130,433,920 / 130,433,920 (100.00%)
[2026-10-07 20:46:18,918] Created Optimizer
[2026-10-07 20:46:18,970] Resources acquired successfully.
[2026-10-07 20:46:19,285] Training start from scratch
[2026-10-07 20:46:19,286] Training start from step: 0
[2026-10-07 20:46:22,398] step: 10, loss: 8.3625, lr: 0.000299, grad_norm: 10.8376, step_time: 0.301s (avg: 0.311s), tok/s: 54395.8 (avg: 52641.8), TFLOPS/s/GPU: 21.29 (avg: 20.60)
[2026-10-07 20:46:25,343] step: 20, loss: 6.1684, lr: 0.000190, grad_norm: 1.5429, step_time: 0.284s (avg: 0.303s), tok/s: 57635.9 (avg: 54099.5), TFLOPS/s/GPU: 22.56 (avg: 21.17)
[2026-10-07 20:46:28,304] step: 30, loss: 5.3343, lr: 0.000047, grad_norm: 2.7107, step_time: 0.286s (avg: 0.301s), tok/s: 57293.5 (avg: 54502.2), TFLOPS/s/GPU: 22.42 (avg: 21.33)
[2026-10-07 20:46:29,787] Skip checkpoint saving since no-save flag is set
[2026-10-07 20:46:29,787] Total training time: 0.00 hours
[2026-10-07 20:46:29,787] Finishing training
{
  "model_size_label": "130m",
  "parameters_local": 130433920,
  "parameters_full": 130433920,
  "active_parameters_per_token_estimate": 130433920,
  "moe": false,
  "moe_config": null,
  "expert_stats": {},
  "world_size": 2,
  "tp": 1,
  "ep": 1,
  "fsdp": false,
  "distributed_optimizer": false,
  "context": 2048,
  "micro_batch": 2,
  "global_batch": 8,
  "precision": "bfloat16",
  "parameter_precision": "float32",
  "attention": "sdpa",
  "compile": false,
  "activation_recompute": false,
  "loss_chunk_size": 256,
  "seed": 42,
  "torch": "2.12.0+cu130",
  "recompute_linear_ce": true,
  "moe_backend": "loop",
  "profile": false,
  "profile_ranks": [
    0
  ],
  "profiler_schedule": {
    "start": 11,
    "end": 15,
    "wait": 1,
    "warmup": 1,
    "active": 2
  },
  "gpu": "NVIDIA GeForce RTX 3090",
  "steps": 35,
  "warmup_steps_excluded": 10,
  "mean_step_seconds": 0.2953776609990746,
  "median_step_seconds": 0.29534509405493736,
  "p95_step_seconds": 0.2971238630125299,
  "global_tokens_per_second": 55467.972576475004,
  "peak_allocated_bytes": 4992095744,
  "peak_reserved_bytes": 5228199936,
  "initial_heldout_loss": 10.947057723999023,
  "final_heldout_loss": 5.188919544219971
}
