
*****************************************
Setting OMP_NUM_THREADS environment variable for each process to be 1 in default, to avoid your system being overloaded, please further tune the variable for optimal performance in your application as needed. 
*****************************************
[2026-10-07 20:46:01,099] Acquiring training resources...
[2026-10-07 20:46:01,099] Initialize torch distributed ... 
[2026-10-07 20:46:01,327] Loading evaluation tasks
[2026-10-07 20:46:01,328] Set random seed to 42 for model initialization
[2026-10-07 20:46:02,203] Created Language Model
[2026-10-07 20:46:02,204] Trainable parameters: 130,433,920 / 130,433,920 (100.00%)
[2026-10-07 20:46:02,204] Created Optimizer
[2026-10-07 20:46:02,244] Resources acquired successfully.
[2026-10-07 20:46:02,566] Training start from scratch
[2026-10-07 20:46:02,567] Training start from step: 0
[2026-10-07 20:46:04,959] step: 10, loss: 8.3602, lr: 0.000299, grad_norm: 10.8615, step_time: 0.229s (avg: 0.239s), tok/s: 71507.5 (avg: 68498.6), TFLOPS/s/GPU: 27.98 (avg: 26.81)
[2026-10-07 20:46:07,189] step: 20, loss: 6.1954, lr: 0.000190, grad_norm: 1.8564, step_time: 0.213s (avg: 0.231s), tok/s: 76980.5 (avg: 70885.0), TFLOPS/s/GPU: 30.13 (avg: 27.74)
[2026-10-07 20:46:09,423] step: 30, loss: 5.3670, lr: 0.000047, grad_norm: 1.0770, step_time: 0.213s (avg: 0.229s), tok/s: 76862.0 (avg: 71688.5), TFLOPS/s/GPU: 30.08 (avg: 28.06)
[2026-10-07 20:46:10,541] Skip checkpoint saving since no-save flag is set
[2026-10-07 20:46:10,541] Total training time: 0.00 hours
[2026-10-07 20:46:10,541] Finishing training
{
  "model_size_label": "130m",
  "parameters_local": 130433920,
  "parameters_full": 130433920,
  "active_parameters_per_token_estimate": 130433920,
  "moe": false,
  "moe_config": null,
  "expert_stats": {},
  "world_size": 2,
  "tp": 1,
  "ep": 1,
  "fsdp": false,
  "distributed_optimizer": false,
  "context": 2048,
  "micro_batch": 2,
  "global_batch": 8,
  "precision": "bfloat16",
  "parameter_precision": "float32",
  "attention": "sdpa",
  "compile": false,
  "activation_recompute": false,
  "loss_chunk_size": null,
  "seed": 42,
  "torch": "2.12.0+cu130",
  "recompute_linear_ce": false,
  "moe_backend": "loop",
  "profile": false,
  "profile_ranks": [
    0
  ],
  "profiler_schedule": {
    "start": 11,
    "end": 15,
    "wait": 1,
    "warmup": 1,
    "active": 2
  },
  "gpu": "NVIDIA GeForce RTX 3090",
  "steps": 35,
  "warmup_steps_excluded": 10,
  "mean_step_seconds": 0.22316274892538787,
  "median_step_seconds": 0.2230340950191021,
  "p95_step_seconds": 0.22445003793109208,
  "global_tokens_per_second": 73417.270932963,
  "peak_allocated_bytes": 7402068992,
  "peak_reserved_bytes": 7478444032,
  "initial_heldout_loss": 10.947057723999023,
  "final_heldout_loss": 5.216065406799316
}
