
*****************************************
Setting OMP_NUM_THREADS environment variable for each process to be 1 in default, to avoid your system being overloaded, please further tune the variable for optimal performance in your application as needed. 
*****************************************
[2026-10-07 20:47:18,260] Acquiring training resources...
[2026-10-07 20:47:18,260] Initialize torch distributed ... 
[2026-10-07 20:47:18,489] Loading evaluation tasks
[2026-10-07 20:47:18,490] Set random seed to 42 for model initialization
[2026-10-07 20:47:19,322] Created Language Model
[2026-10-07 20:47:19,323] Trainable parameters: 130,433,920 / 130,433,920 (100.00%)
[2026-10-07 20:47:19,323] Created Optimizer
[2026-10-07 20:47:19,361] Resources acquired successfully.
[2026-10-07 20:47:19,663] Training start from scratch
[2026-10-07 20:47:19,664] Training start from step: 0
[2026-10-07 20:47:22,794] step: 10, loss: 8.3621, lr: 0.000299, grad_norm: 10.8508, step_time: 0.303s (avg: 0.313s), tok/s: 54086.0 (avg: 52350.0), TFLOPS/s/GPU: 21.17 (avg: 20.49)
[2026-10-07 20:47:25,759] step: 20, loss: 6.1800, lr: 0.000190, grad_norm: 1.6094, step_time: 0.286s (avg: 0.305s), tok/s: 57210.6 (avg: 53757.5), TFLOPS/s/GPU: 22.39 (avg: 21.04)
[2026-10-07 20:47:28,718] step: 30, loss: 5.3384, lr: 0.000047, grad_norm: 1.0666, step_time: 0.286s (avg: 0.302s), tok/s: 57367.2 (avg: 54289.2), TFLOPS/s/GPU: 22.45 (avg: 21.25)
[2026-10-07 20:47:30,201] Skip checkpoint saving since no-save flag is set
[2026-10-07 20:47:30,201] Total training time: 0.00 hours
[2026-10-07 20:47:30,201] Finishing training
{
  "model_size_label": "130m",
  "parameters_local": 130433920,
  "parameters_full": 130433920,
  "active_parameters_per_token_estimate": 130433920,
  "moe": false,
  "moe_config": null,
  "expert_stats": {},
  "world_size": 2,
  "tp": 1,
  "ep": 1,
  "fsdp": false,
  "distributed_optimizer": false,
  "context": 2048,
  "micro_batch": 2,
  "global_batch": 8,
  "precision": "bfloat16",
  "parameter_precision": "float32",
  "attention": "sdpa",
  "compile": false,
  "activation_recompute": false,
  "loss_chunk_size": 256,
  "seed": 42,
  "torch": "2.12.0+cu130",
  "recompute_linear_ce": true,
  "moe_backend": "loop",
  "profile": false,
  "profile_ranks": [
    0
  ],
  "profiler_schedule": {
    "start": 11,
    "end": 15,
    "wait": 1,
    "warmup": 1,
    "active": 2
  },
  "gpu": "NVIDIA GeForce RTX 3090",
  "steps": 35,
  "warmup_steps_excluded": 10,
  "mean_step_seconds": 0.2961349999113008,
  "median_step_seconds": 0.29608926398213953,
  "p95_step_seconds": 0.29741144296713173,
  "global_tokens_per_second": 55326.11817214237,
  "peak_allocated_bytes": 4992095744,
  "peak_reserved_bytes": 5228199936,
  "initial_heldout_loss": 10.947057723999023,
  "final_heldout_loss": 5.190080642700195
}
