
*****************************************
Setting OMP_NUM_THREADS environment variable for each process to be 1 in default, to avoid your system being overloaded, please further tune the variable for optimal performance in your application as needed. 
*****************************************
[2026-10-07 20:48:55,369] Acquiring training resources...
[2026-10-07 20:48:55,369] Initialize torch distributed ... 
[2026-10-07 20:48:55,597] Loading evaluation tasks
[2026-10-07 20:48:55,598] Initialized Torch Profiler (Version: v0)
[2026-10-07 20:48:55,598] Set random seed to 42 for model initialization
[2026-10-07 20:48:55,990] Created Language Model
[2026-10-07 20:48:55,992] Trainable parameters: 55,167,360 / 55,167,360 (100.00%)
[2026-10-07 20:48:55,992] Created Optimizer
[2026-10-07 20:48:56,033] Dense FLOP estimate disabled for MoE; use measured tokens/s.
[2026-10-07 20:48:56,033] Resources acquired successfully.
/home/hanjack/.pyenv/versions/3.12.8/lib/python3.12/site-packages/torch/nn/modules/module.py:1884: UserWarning: For backward hooks to be called, module output should be a Tensor or a tuple of Tensors but received <class 'ironcore.layers.moe.router.RouterOutput'>
  return inner()
/home/hanjack/.pyenv/versions/3.12.8/lib/python3.12/site-packages/torch/nn/modules/module.py:1884: UserWarning: For backward hooks to be called, module output should be a Tensor or a tuple of Tensors but received <class 'ironcore.layers.moe.router.RouterOutput'>
  return inner()
[2026-10-07 20:48:56,394] Training start from scratch
[2026-10-07 20:48:56,395] Training start from step: 0
sys:1: UserWarning: Full backward hook is firing when gradients are computed with respect to module outputs since no inputs require gradients. See https://docs.pytorch.org/docs/main/generated/torch.nn.Module.html#torch.nn.Module.register_full_backward_hook for more details.
sys:1: UserWarning: Full backward hook is firing when gradients are computed with respect to module outputs since no inputs require gradients. See https://docs.pytorch.org/docs/main/generated/torch.nn.Module.html#torch.nn.Module.register_full_backward_hook for more details.
[rank0]:[W1007 20:48:56.312504455 reducer.cpp:1528] Warning: find_unused_parameters=True was specified in DDP constructor, but did not find any unused parameters in the forward pass. This flag results in an extra traversal of the autograd graph every iteration,  which can adversely affect performance. If your model indeed never has any unused parameters in the forward pass, consider turning this flag off. Note that this warning may be a false positive if your model has flow control causing later iterations to have unused parameters. (function operator())
[rank1]:[W1007 20:48:56.314081467 reducer.cpp:1528] Warning: find_unused_parameters=True was specified in DDP constructor, but did not find any unused parameters in the forward pass. This flag results in an extra traversal of the autograd graph every iteration,  which can adversely affect performance. If your model indeed never has any unused parameters in the forward pass, consider turning this flag off. Note that this warning may be a false positive if your model has flow control causing later iterations to have unused parameters. (function operator())
[2026-10-07 20:48:58,258] step: 10, loss: 9.4604, lr: 0.000282, grad_norm: 2.5123, step_time: 0.184s (avg: 0.186s), tok/s: 44578.3 (avg: 43963.5)
[2026-10-07 20:48:58,395] Starting hardware capture (ROCTX/NVTX) for profile v0
/home/hanjack/.pyenv/versions/3.12.8/lib/python3.12/site-packages/torch/profiler/profiler.py:272: UserWarning: Warning: Profiler clears events at the end of each cycle.Only events from the current cycle will be reported.To keep events across cycles, set acc_events=True.
  _warn_once(
/home/hanjack/.pyenv/versions/3.12.8/lib/python3.12/site-packages/torch/profiler/profiler.py:272: UserWarning: Warning: Profiler clears events at the end of each cycle.Only events from the current cycle will be reported.To keep events across cycles, set acc_events=True.
  _warn_once(
USDT:2026-10-07 20:48:58 1927356:1927356 ActivityProfilerController.cpp:415] profiler_startUSDT:2026-10-07 20:48:58 1927355:1927355 ActivityProfilerController.cpp:415] profiler_start

[rank0]:[W1007 20:48:58.221453056 CPUAllocator.cpp:245] Memory block of unknown size was allocated before the profiling started, profiler results will not include the deallocation event
[rank1]:[W1007 20:48:58.221460661 CPUAllocator.cpp:245] Memory block of unknown size was allocated before the profiling started, profiler results will not include the deallocation event
USDT:2026-10-07 20:48:59 1927355:1927355 ActivityProfilerController.cpp:455] profiler_stop
USDT:2026-10-07 20:48:59 1927356:1927356 ActivityProfilerController.cpp:455] profiler_stop
[2026-10-07 20:49:00,789] Stopping hardware capture and flushing traces for profile
[2026-10-07 20:49:01,359] Exported Chrome trace to /tmp/ironcore-remediation-followup-v3/moe-loop-profile/profile/profile_v0_rank0_chrome.json
[2026-10-07 20:49:53,877] Exported key-averages CSV to /tmp/ironcore-remediation-followup-v3/moe-loop-profile/profile/profile_v0_rank0_key_averages.csv
[2026-10-07 20:49:54,770] Skip checkpoint saving since no-save flag is set
[2026-10-07 20:49:54,770] Total training time: 0.02 hours
[2026-10-07 20:49:54,770] Finishing training
{
  "model_size_label": "50m",
  "parameters_local": 55167360,
  "parameters_full": 55167360,
  "active_parameters_per_token_estimate": 50448768,
  "moe": true,
  "moe_config": {
    "use_moe": true,
    "expert_backend": "loop",
    "num_shared_experts": 1,
    "num_routed_experts": 4,
    "num_experts_per_token": 2,
    "expert_intermediate_size": 256,
    "aux_loss_alpha": 0.01,
    "router_jitter_noise": 0.0,
    "expert_model_parallel_size": 1,
    "expert_tensor_parallel_size": 1,
    "router_dtype": "float32",
    "router_bias": false,
    "expert_capacity_factor": null,
    "drop_tokens": false
  },
  "expert_stats": {
    "model.layers.0.mlp": {
      "counts": [
        59145,
        69229,
        77280,
        56490
      ],
      "fractions": [
        0.22562026977539062,
        0.2640876770019531,
        0.2947998046875,
        0.21549224853515625
      ],
      "max_over_mean": 1.17919921875
    },
    "model.layers.1.mlp": {
      "counts": [
        67178,
        58113,
        67773,
        69080
      ],
      "fractions": [
        0.25626373291015625,
        0.22168350219726562,
        0.2585334777832031,
        0.263519287109375
      ],
      "max_over_mean": 1.0540771484375
    },
    "model.layers.2.mlp": {
      "counts": [
        59063,
        61243,
        74742,
        67096
      ],
      "fractions": [
        0.22530746459960938,
        0.23362350463867188,
        0.28511810302734375,
        0.255950927734375
      ],
      "max_over_mean": 1.140472412109375
    },
    "model.layers.3.mlp": {
      "counts": [
        77494,
        48353,
        64911,
        71386
      ],
      "fractions": [
        0.29561614990234375,
        0.18445205688476562,
        0.24761581420898438,
        0.27231597900390625
      ],
      "max_over_mean": 1.182464599609375
    },
    "model.layers.4.mlp": {
      "counts": [
        55793,
        78007,
        78298,
        50046
      ],
      "fractions": [
        0.21283340454101562,
        0.2975730895996094,
        0.29868316650390625,
        0.19091033935546875
      ],
      "max_over_mean": 1.194732666015625
    },
    "model.layers.5.mlp": {
      "counts": [
        73056,
        52788,
        69413,
        66887
      ],
      "fractions": [
        0.2786865234375,
        0.2013702392578125,
        0.2647895812988281,
        0.2551536560058594
      ],
      "max_over_mean": 1.11474609375
    },
    "model.layers.6.mlp": {
      "counts": [
        75663,
        69931,
        57045,
        59505
      ],
      "fractions": [
        0.2886314392089844,
        0.2667655944824219,
        0.21760940551757812,
        0.22699356079101562
      ],
      "max_over_mean": 1.1545257568359375
    },
    "model.layers.7.mlp": {
      "counts": [
        67556,
        48634,
        70829,
        75125
      ],
      "fractions": [
        0.2577056884765625,
        0.18552398681640625,
        0.2701911926269531,
        0.2865791320800781
      ],
      "max_over_mean": 1.1463165283203125
    }
  },
  "world_size": 2,
  "tp": 1,
  "ep": 1,
  "fsdp": false,
  "distributed_optimizer": false,
  "context": 1024,
  "micro_batch": 2,
  "global_batch": 8,
  "precision": "bfloat16",
  "parameter_precision": "float32",
  "attention": "sdpa",
  "compile": false,
  "activation_recompute": false,
  "loss_chunk_size": null,
  "seed": 42,
  "torch": "2.12.0+cu130",
  "recompute_linear_ce": false,
  "moe_backend": "loop",
  "profile": true,
  "profile_ranks": [
    0,
    1
  ],
  "profiler_schedule": {
    "start": 11,
    "end": 15,
    "wait": 1,
    "warmup": 1,
    "active": 2
  },
  "gpu": "NVIDIA GeForce RTX 3090",
  "steps": 16,
  "warmup_steps_excluded": 10,
  "mean_step_seconds": 0.3202390785057408,
  "median_step_seconds": 0.2209818015107885,
  "p95_step_seconds": 0.8911424489924684,
  "global_tokens_per_second": 25580.88799850561,
  "peak_allocated_bytes": 2994693120,
  "peak_reserved_bytes": 3120562176,
  "initial_heldout_loss": 10.903752326965332,
  "final_heldout_loss": 8.692631721496582
}
