
*****************************************
Setting OMP_NUM_THREADS environment variable for each process to be 1 in default, to avoid your system being overloaded, please further tune the variable for optimal performance in your application as needed. 
*****************************************
[2026-10-07 20:50:54,532] Acquiring training resources...
[2026-10-07 20:50:54,532] Initialize torch distributed ... 
[2026-10-07 20:50:54,777] Loading evaluation tasks
[2026-10-07 20:50:54,778] Set random seed to 42 for model initialization
[2026-10-07 20:50:55,140] Created Language Model
[2026-10-07 20:50:55,510] Trainable parameters: 50,448,768 / 50,448,768 (100.00%)
[2026-10-07 20:50:55,510] Created Optimizer
[2026-10-07 20:50:55,568] Dense FLOP estimate disabled for MoE; use measured tokens/s.
[2026-10-07 20:50:55,568] Resources acquired successfully.
[rank1]: Traceback (most recent call last):
[rank1]:   File "/tmp/ironcore-remediation-final-v3-src/scripts/benchmark_training.py", line 457, in <module>
[rank1]:     main()
[rank1]:   File "/tmp/ironcore-remediation-final-v3-src/scripts/benchmark_training.py", line 453, in main
[rank1]:     (prepare if args.prepare else benchmark)(args)
[rank1]:   File "/tmp/ironcore-remediation-final-v3-src/scripts/benchmark_training.py", line 342, in benchmark
[rank1]:     initial_eval = heldout_loss()
[rank1]:                    ^^^^^^^^^^^^^^
[rank1]:   File "/tmp/ironcore-remediation-final-v3-src/scripts/benchmark_training.py", line 330, in heldout_loss
[rank1]:     losses = [trainer._eval_step(next(batches))[0] for _ in range(args.eval_batches)]
[rank1]:               ^^^^^^^^^^^^^^^^^^^^^^^^^^^^^^^^^
[rank1]:   File "/tmp/ironcore-remediation-final-v3-src/ironcore/trainers/language_model_trainer.py", line 113, in _eval_step
[rank1]:     logits, _ = self.model(input_ids, labels=None, **model_kwargs)
[rank1]:                 ^^^^^^^^^^^^^^^^^^^^^^^^^^^^^^^^^^^^^^^^^^^^^^^^^^
[rank1]:   File "/home/hanjack/.pyenv/versions/3.12.8/lib/python3.12/site-packages/torch/nn/modules/module.py", line 1778, in _wrapped_call_impl
[rank1]:     return self._call_impl(*args, **kwargs)
[rank1]:            ^^^^^^^^^^^^^^^^^^^^^^^^^^^^^^^^
[rank1]:   File "/home/hanjack/.pyenv/versions/3.12.8/lib/python3.12/site-packages/torch/nn/modules/module.py", line 1789, in _call_impl
[rank1]:     return forward_call(*args, **kwargs)
[rank1]:            ^^^^^^^^^^^^^^^^^^^^^^^^^^^^^
[rank1]:   File "/tmp/ironcore-remediation-final-v3-src/ironcore/parallel/expert_parallel/training.py", line 74, in forward
[rank1]:     return self.module(*args, **kwargs)
[rank1]:            ^^^^^^^^^^^^^^^^^^^^^^^^^^^^
[rank1]:   File "/home/hanjack/.pyenv/versions/3.12.8/lib/python3.12/site-packages/torch/nn/modules/module.py", line 1778, in _wrapped_call_impl
[rank1]:     return self._call_impl(*args, **kwargs)
[rank1]:            ^^^^^^^^^^^^^^^^^^^^^^^^^^^^^^^^
[rank1]:   File "/home/hanjack/.pyenv/versions/3.12.8/lib/python3.12/site-packages/torch/nn/modules/module.py", line 1789, in _call_impl
[rank1]:     return forward_call(*args, **kwargs)
[rank1]:            ^^^^^^^^^^^^^^^^^^^^^^^^^^^^^
[rank1]:   File "/tmp/ironcore-remediation-final-v3-src/ironcore/language_model.py", line 151, in forward
[rank1]:     model_out = self.model(
[rank1]:                 ^^^^^^^^^^^
[rank1]:   File "/home/hanjack/.pyenv/versions/3.12.8/lib/python3.12/site-packages/torch/nn/modules/module.py", line 1778, in _wrapped_call_impl
[rank1]:     return self._call_impl(*args, **kwargs)
[rank1]:            ^^^^^^^^^^^^^^^^^^^^^^^^^^^^^^^^
[rank1]:   File "/home/hanjack/.pyenv/versions/3.12.8/lib/python3.12/site-packages/torch/nn/modules/module.py", line 1789, in _call_impl
[rank1]:     return forward_call(*args, **kwargs)
[rank1]:            ^^^^^^^^^^^^^^^^^^^^^^^^^^^^^
[rank1]:   File "/tmp/ironcore-remediation-final-v3-src/ironcore/models/transformer.py", line 447, in forward
[rank1]:     layer_out = layer(
[rank1]:                 ^^^^^^
[rank1]:   File "/home/hanjack/.pyenv/versions/3.12.8/lib/python3.12/site-packages/torch/nn/modules/module.py", line 1778, in _wrapped_call_impl
[rank1]:     return self._call_impl(*args, **kwargs)
[rank1]:            ^^^^^^^^^^^^^^^^^^^^^^^^^^^^^^^^
[rank1]:   File "/home/hanjack/.pyenv/versions/3.12.8/lib/python3.12/site-packages/torch/nn/modules/module.py", line 1789, in _call_impl
[rank1]:     return forward_call(*args, **kwargs)
[rank1]:            ^^^^^^^^^^^^^^^^^^^^^^^^^^^^^
[rank1]:   File "/tmp/ironcore-remediation-final-v3-src/ironcore/models/transformer.py", line 335, in forward
[rank1]:     return self.custom_forward(
[rank1]:            ^^^^^^^^^^^^^^^^^^^^
[rank1]:   File "/tmp/ironcore-remediation-final-v3-src/ironcore/models/transformer.py", line 315, in custom_forward
[rank1]:     mlp_output = self.mlp(norm_output)
[rank1]:                  ^^^^^^^^^^^^^^^^^^^^^
[rank1]:   File "/home/hanjack/.pyenv/versions/3.12.8/lib/python3.12/site-packages/torch/nn/modules/module.py", line 1778, in _wrapped_call_impl
[rank1]:     return self._call_impl(*args, **kwargs)
[rank1]:            ^^^^^^^^^^^^^^^^^^^^^^^^^^^^^^^^
[rank1]:   File "/home/hanjack/.pyenv/versions/3.12.8/lib/python3.12/site-packages/torch/nn/modules/module.py", line 1789, in _call_impl
[rank1]:     return forward_call(*args, **kwargs)
[rank1]:            ^^^^^^^^^^^^^^^^^^^^^^^^^^^^^
[rank1]:   File "/tmp/ironcore-remediation-final-v3-src/ironcore/layers/moe/moe_layer.py", line 217, in forward
[rank1]:     return self._forward_allreduce(x, async_communication)
[rank1]:            ^^^^^^^^^^^^^^^^^^^^^^^^^^^^^^^^^^^^^^^^^^^^^^^
[rank1]:   File "/tmp/ironcore-remediation-final-v3-src/ironcore/layers/moe/moe_layer.py", line 280, in _forward_allreduce
[rank1]:     routed_output = self._route_and_combine_allreduce(
[rank1]:                     ^^^^^^^^^^^^^^^^^^^^^^^^^^^^^^^^^^
[rank1]:   File "/tmp/ironcore-remediation-final-v3-src/ironcore/layers/moe/moe_layer.py", line 397, in _route_and_combine_allreduce
[rank1]:     return route_expert_tokens(
[rank1]:            ^^^^^^^^^^^^^^^^^^^^
[rank1]:   File "/tmp/ironcore-remediation-final-v3-src/ironcore/parallel/expert_parallel/training.py", line 52, in route_expert_tokens
[rank1]:     output = output.index_copy(0, positions, expert(recv_tokens[positions]))
[rank1]:              ^^^^^^^^^^^^^^^^^^^^^^^^^^^^^^^^^^^^^^^^^^^^^^^^^^^^^^^^^^^^^^^
[rank1]: RuntimeError: index_copy_(): self and source expected to have the same dtype, but got (self) Float and (source) BFloat16
[rank0]: Traceback (most recent call last):
[rank0]:   File "/tmp/ironcore-remediation-final-v3-src/scripts/benchmark_training.py", line 457, in <module>
[rank0]:     main()
[rank0]:   File "/tmp/ironcore-remediation-final-v3-src/scripts/benchmark_training.py", line 453, in main
[rank0]:     (prepare if args.prepare else benchmark)(args)
[rank0]:   File "/tmp/ironcore-remediation-final-v3-src/scripts/benchmark_training.py", line 342, in benchmark
[rank0]:     initial_eval = heldout_loss()
[rank0]:                    ^^^^^^^^^^^^^^
[rank0]:   File "/tmp/ironcore-remediation-final-v3-src/scripts/benchmark_training.py", line 330, in heldout_loss
[rank0]:     losses = [trainer._eval_step(next(batches))[0] for _ in range(args.eval_batches)]
[rank0]:               ^^^^^^^^^^^^^^^^^^^^^^^^^^^^^^^^^
[rank0]:   File "/tmp/ironcore-remediation-final-v3-src/ironcore/trainers/language_model_trainer.py", line 113, in _eval_step
[rank0]:     logits, _ = self.model(input_ids, labels=None, **model_kwargs)
[rank0]:                 ^^^^^^^^^^^^^^^^^^^^^^^^^^^^^^^^^^^^^^^^^^^^^^^^^^
[rank0]:   File "/home/hanjack/.pyenv/versions/3.12.8/lib/python3.12/site-packages/torch/nn/modules/module.py", line 1778, in _wrapped_call_impl
[rank0]:     return self._call_impl(*args, **kwargs)
[rank0]:            ^^^^^^^^^^^^^^^^^^^^^^^^^^^^^^^^
[rank0]:   File "/home/hanjack/.pyenv/versions/3.12.8/lib/python3.12/site-packages/torch/nn/modules/module.py", line 1789, in _call_impl
[rank0]:     return forward_call(*args, **kwargs)
[rank0]:            ^^^^^^^^^^^^^^^^^^^^^^^^^^^^^
[rank0]:   File "/tmp/ironcore-remediation-final-v3-src/ironcore/parallel/expert_parallel/training.py", line 74, in forward
[rank0]:     return self.module(*args, **kwargs)
[rank0]:            ^^^^^^^^^^^^^^^^^^^^^^^^^^^^
[rank0]:   File "/home/hanjack/.pyenv/versions/3.12.8/lib/python3.12/site-packages/torch/nn/modules/module.py", line 1778, in _wrapped_call_impl
[rank0]:     return self._call_impl(*args, **kwargs)
[rank0]:            ^^^^^^^^^^^^^^^^^^^^^^^^^^^^^^^^
[rank0]:   File "/home/hanjack/.pyenv/versions/3.12.8/lib/python3.12/site-packages/torch/nn/modules/module.py", line 1789, in _call_impl
[rank0]:     return forward_call(*args, **kwargs)
[rank0]:            ^^^^^^^^^^^^^^^^^^^^^^^^^^^^^
[rank0]:   File "/tmp/ironcore-remediation-final-v3-src/ironcore/language_model.py", line 151, in forward
[rank0]:     model_out = self.model(
[rank0]:                 ^^^^^^^^^^^
[rank0]:   File "/home/hanjack/.pyenv/versions/3.12.8/lib/python3.12/site-packages/torch/nn/modules/module.py", line 1778, in _wrapped_call_impl
[rank0]:     return self._call_impl(*args, **kwargs)
[rank0]:            ^^^^^^^^^^^^^^^^^^^^^^^^^^^^^^^^
[rank0]:   File "/home/hanjack/.pyenv/versions/3.12.8/lib/python3.12/site-packages/torch/nn/modules/module.py", line 1789, in _call_impl
[rank0]:     return forward_call(*args, **kwargs)
[rank0]:            ^^^^^^^^^^^^^^^^^^^^^^^^^^^^^
[rank0]:   File "/tmp/ironcore-remediation-final-v3-src/ironcore/models/transformer.py", line 447, in forward
[rank0]:     layer_out = layer(
[rank0]:                 ^^^^^^
[rank0]:   File "/home/hanjack/.pyenv/versions/3.12.8/lib/python3.12/site-packages/torch/nn/modules/module.py", line 1778, in _wrapped_call_impl
[rank0]:     return self._call_impl(*args, **kwargs)
[rank0]:            ^^^^^^^^^^^^^^^^^^^^^^^^^^^^^^^^
[rank0]:   File "/home/hanjack/.pyenv/versions/3.12.8/lib/python3.12/site-packages/torch/nn/modules/module.py", line 1789, in _call_impl
[rank0]:     return forward_call(*args, **kwargs)
[rank0]:            ^^^^^^^^^^^^^^^^^^^^^^^^^^^^^
[rank0]:   File "/tmp/ironcore-remediation-final-v3-src/ironcore/models/transformer.py", line 335, in forward
[rank0]:     return self.custom_forward(
[rank0]:            ^^^^^^^^^^^^^^^^^^^^
[rank0]:   File "/tmp/ironcore-remediation-final-v3-src/ironcore/models/transformer.py", line 315, in custom_forward
[rank0]:     mlp_output = self.mlp(norm_output)
[rank0]:                  ^^^^^^^^^^^^^^^^^^^^^
[rank0]:   File "/home/hanjack/.pyenv/versions/3.12.8/lib/python3.12/site-packages/torch/nn/modules/module.py", line 1778, in _wrapped_call_impl
[rank0]:     return self._call_impl(*args, **kwargs)
[rank0]:            ^^^^^^^^^^^^^^^^^^^^^^^^^^^^^^^^
[rank0]:   File "/home/hanjack/.pyenv/versions/3.12.8/lib/python3.12/site-packages/torch/nn/modules/module.py", line 1789, in _call_impl
[rank0]:     return forward_call(*args, **kwargs)
[rank0]:            ^^^^^^^^^^^^^^^^^^^^^^^^^^^^^
[rank0]:   File "/tmp/ironcore-remediation-final-v3-src/ironcore/layers/moe/moe_layer.py", line 217, in forward
[rank0]:     return self._forward_allreduce(x, async_communication)
[rank0]:            ^^^^^^^^^^^^^^^^^^^^^^^^^^^^^^^^^^^^^^^^^^^^^^^
[rank0]:   File "/tmp/ironcore-remediation-final-v3-src/ironcore/layers/moe/moe_layer.py", line 280, in _forward_allreduce
[rank0]:     routed_output = self._route_and_combine_allreduce(
[rank0]:                     ^^^^^^^^^^^^^^^^^^^^^^^^^^^^^^^^^^
[rank0]:   File "/tmp/ironcore-remediation-final-v3-src/ironcore/layers/moe/moe_layer.py", line 397, in _route_and_combine_allreduce
[rank0]:     return route_expert_tokens(
[rank0]:            ^^^^^^^^^^^^^^^^^^^^
[rank0]:   File "/tmp/ironcore-remediation-final-v3-src/ironcore/parallel/expert_parallel/training.py", line 52, in route_expert_tokens
[rank0]:     output = output.index_copy(0, positions, expert(recv_tokens[positions]))
[rank0]:              ^^^^^^^^^^^^^^^^^^^^^^^^^^^^^^^^^^^^^^^^^^^^^^^^^^^^^^^^^^^^^^^
[rank0]: RuntimeError: index_copy_(): self and source expected to have the same dtype, but got (self) Float and (source) BFloat16
W1007 20:50:57.970000 1929852 site-packages/torch/distributed/elastic/multiprocessing/api.py:1014] Sending process 1929907 closing signal SIGTERM
E1007 20:50:58.034000 1929852 site-packages/torch/distributed/elastic/multiprocessing/api.py:988] failed (exitcode: 1) local_rank: 1 (pid: 1929908) of binary: /tmp/ironcore-validation-env/bin/python
Traceback (most recent call last):
  File "<frozen runpy>", line 198, in _run_module_as_main
  File "<frozen runpy>", line 88, in _run_code
  File "/home/hanjack/.pyenv/versions/3.12.8/lib/python3.12/site-packages/torch/distributed/run.py", line 1020, in <module>
    main()
  File "/home/hanjack/.pyenv/versions/3.12.8/lib/python3.12/site-packages/torch/distributed/elastic/multiprocessing/errors/__init__.py", line 367, in wrapper
    return f(*args, **kwargs)
           ^^^^^^^^^^^^^^^^^^
  File "/home/hanjack/.pyenv/versions/3.12.8/lib/python3.12/site-packages/torch/distributed/run.py", line 1016, in main
    run(args)
  File "/home/hanjack/.pyenv/versions/3.12.8/lib/python3.12/site-packages/torch/distributed/run.py", line 1007, in run
    elastic_launch(
  File "/home/hanjack/.pyenv/versions/3.12.8/lib/python3.12/site-packages/torch/distributed/launcher/api.py", line 191, in __call__
    return launch_agent(self._config, self._entrypoint, list(args))
           ^^^^^^^^^^^^^^^^^^^^^^^^^^^^^^^^^^^^^^^^^^^^^^^^^^^^^^^^
  File "/home/hanjack/.pyenv/versions/3.12.8/lib/python3.12/site-packages/torch/distributed/launcher/api.py", line 371, in launch_agent
    raise ChildFailedError(
torch.distributed.elastic.multiprocessing.errors.ChildFailedError: 
============================================================
/tmp/ironcore-remediation-final-v3-src/scripts/benchmark_training.py FAILED
------------------------------------------------------------
Failures:
[1]:
  time      : 2026-10-07_20:50:58
  host      : node1
  rank      : 0 (local_rank: 0)
  exitcode  : 1 (pid: 1929907) 
  error_file: <N/A>
  traceback : To enable traceback see: https://pytorch.org/docs/stable/elastic/errors.html
------------------------------------------------------------
Root Cause (first observed failure):
[0]:
  time      : 2026-10-07_20:50:57
  host      : node1
  rank      : 1 (local_rank: 1)
  exitcode  : 1 (pid: 1929908) 
  error_file: <N/A>
  traceback : To enable traceback see: https://pytorch.org/docs/stable/elastic/errors.html
============================================================
