
*****************************************
Setting OMP_NUM_THREADS environment variable for each process to be 1 in default, to avoid your system being overloaded, please further tune the variable for optimal performance in your application as needed. 
*****************************************
[2026-10-07 20:46:37,371] Acquiring training resources...
[2026-10-07 20:46:37,371] Initialize torch distributed ... 
[2026-10-07 20:46:37,599] Loading evaluation tasks
[2026-10-07 20:46:37,600] Set random seed to 42 for model initialization
[2026-10-07 20:46:37,977] Created Language Model
[2026-10-07 20:46:37,979] Trainable parameters: 55,167,360 / 55,167,360 (100.00%)
[2026-10-07 20:46:37,979] Created Optimizer
[2026-10-07 20:46:38,029] Dense FLOP estimate disabled for MoE; use measured tokens/s.
[2026-10-07 20:46:38,029] Resources acquired successfully.
[2026-10-07 20:46:38,407] Training start from scratch
[2026-10-07 20:46:38,408] Training start from step: 0
[rank0]:[W1007 20:46:38.238429366 reducer.cpp:1528] Warning: find_unused_parameters=True was specified in DDP constructor, but did not find any unused parameters in the forward pass. This flag results in an extra traversal of the autograd graph every iteration,  which can adversely affect performance. If your model indeed never has any unused parameters in the forward pass, consider turning this flag off. Note that this warning may be a false positive if your model has flow control causing later iterations to have unused parameters. (function operator())
[rank1]:[W1007 20:46:38.246767930 reducer.cpp:1528] Warning: find_unused_parameters=True was specified in DDP constructor, but did not find any unused parameters in the forward pass. This flag results in an extra traversal of the autograd graph every iteration,  which can adversely affect performance. If your model indeed never has any unused parameters in the forward pass, consider turning this flag off. Note that this warning may be a false positive if your model has flow control causing later iterations to have unused parameters. (function operator())
[2026-10-07 20:46:39,666] step: 10, loss: 9.4604, lr: 0.000299, grad_norm: 2.5124, step_time: 0.123s (avg: 0.126s), tok/s: 66484.2 (avg: 65079.0)
[2026-10-07 20:46:40,865] step: 20, loss: 7.8551, lr: 0.000190, grad_norm: 2.1980, step_time: 0.117s (avg: 0.123s), tok/s: 69965.0 (avg: 66678.3)
[2026-10-07 20:46:41,874] step: 30, loss: 7.1682, lr: 0.000047, grad_norm: 3.7586, step_time: 0.098s (avg: 0.116s), tok/s: 83368.6 (avg: 70894.8)
[2026-10-07 20:46:42,378] Skip checkpoint saving since no-save flag is set
[2026-10-07 20:46:42,378] Total training time: 0.00 hours
[2026-10-07 20:46:42,378] Finishing training
{
  "model_size_label": "50m",
  "parameters_local": 55167360,
  "parameters_full": 55167360,
  "active_parameters_per_token_estimate": 50448768,
  "moe": true,
  "moe_config": {
    "use_moe": true,
    "expert_backend": "loop",
    "num_shared_experts": 1,
    "num_routed_experts": 4,
    "num_experts_per_token": 2,
    "expert_intermediate_size": 256,
    "aux_loss_alpha": 0.01,
    "router_jitter_noise": 0.0,
    "expert_model_parallel_size": 1,
    "expert_tensor_parallel_size": 1,
    "router_dtype": "float32",
    "router_bias": false,
    "expert_capacity_factor": null,
    "drop_tokens": false
  },
  "expert_stats": {
    "model.layers.0.mlp": {
      "counts": [
        132916,
        174768,
        119765,
        145991
      ],
      "fractions": [
        0.231787109375,
        0.30477120535714286,
        0.20885358537946427,
        0.25458809988839287
      ],
      "max_over_mean": 1.2190848214285714
    },
    "model.layers.1.mlp": {
      "counts": [
        148937,
        140544,
        140953,
        143006
      ],
      "fractions": [
        0.2597255161830357,
        0.2450892857142857,
        0.24580252511160713,
        0.24938267299107142
      ],
      "max_over_mean": 1.0389020647321427
    },
    "model.layers.2.mlp": {
      "counts": [
        129008,
        166663,
        136355,
        141414
      ],
      "fractions": [
        0.2249720982142857,
        0.29063720703125,
        0.23778424944196427,
        0.2466064453125
      ],
      "max_over_mean": 1.162548828125
    },
    "model.layers.3.mlp": {
      "counts": [
        133925,
        101575,
        164583,
        173357
      ],
      "fractions": [
        0.23354666573660715,
        0.17713274274553573,
        0.28700997488839286,
        0.3023106166294643
      ],
      "max_over_mean": 1.2092424665178572
    },
    "model.layers.4.mlp": {
      "counts": [
        108178,
        175705,
        148651,
        140906
      ],
      "fractions": [
        0.1886474609375,
        0.3064052036830357,
        0.25922677176339287,
        0.24572056361607142
      ],
      "max_over_mean": 1.2256208147321428
    },
    "model.layers.5.mlp": {
      "counts": [
        124712,
        166586,
        144092,
        138050
      ],
      "fractions": [
        0.21748046875,
        0.2905029296875,
        0.2512765066964286,
        0.24074009486607142
      ],
      "max_over_mean": 1.16201171875
    },
    "model.layers.6.mlp": {
      "counts": [
        160023,
        136129,
        127667,
        149621
      ],
      "fractions": [
        0.2790579659598214,
        0.23739013671875,
        0.22263357979910714,
        0.2609183175223214
      ],
      "max_over_mean": 1.1162318638392856
    },
    "model.layers.7.mlp": {
      "counts": [
        152333,
        113330,
        139813,
        167964
      ],
      "fractions": [
        0.26564767020089286,
        0.1976318359375,
        0.24381452287946428,
        0.2929059709821429
      ],
      "max_over_mean": 1.1716238839285715
    }
  },
  "world_size": 2,
  "tp": 1,
  "ep": 1,
  "fsdp": false,
  "distributed_optimizer": false,
  "context": 1024,
  "micro_batch": 2,
  "global_batch": 8,
  "precision": "bfloat16",
  "parameter_precision": "float32",
  "attention": "sdpa",
  "compile": false,
  "activation_recompute": false,
  "loss_chunk_size": null,
  "seed": 42,
  "torch": "2.12.0+cu130",
  "recompute_linear_ce": false,
  "moe_backend": "loop",
  "profile": false,
  "profile_ranks": [
    0
  ],
  "profiler_schedule": {
    "start": 11,
    "end": 15,
    "wait": 1,
    "warmup": 1,
    "active": 2
  },
  "gpu": "NVIDIA GeForce RTX 3090",
  "steps": 35,
  "warmup_steps_excluded": 10,
  "mean_step_seconds": 0.1083265651203692,
  "median_step_seconds": 0.10046075296122581,
  "p95_step_seconds": 0.10522208095062524,
  "global_tokens_per_second": 75623.18615842104,
  "peak_allocated_bytes": 2996914688,
  "peak_reserved_bytes": 3122659328,
  "initial_heldout_loss": 10.877554893493652,
  "final_heldout_loss": 6.968186855316162
}
