[2026-10-07 19:37:03,679] Acquiring training resources...
[2026-10-07 19:37:03,679] Initialize torch distributed ... 
[2026-10-07 19:37:03,892] Loading evaluation tasks
[2026-10-07 19:37:03,893] Set random seed to 42 for model initialization
[2026-10-07 19:37:03,901] Created Language Model
[2026-10-07 19:37:03,901] Trainable parameters: 11,744 / 11,744 (100.00%)
[2026-10-07 19:37:03,901] Created Optimizer
[2026-10-07 19:37:03,908] Resources acquired successfully.
[2026-10-07 19:37:04,001] Training start from scratch
[2026-10-07 19:37:04,001] Training start from step: 0
[2026-10-07 19:37:04,413] step: 1, loss: 3.7391, lr: 0.000550, grad_norm: 1.9691, step_time: 0.412s (avg: 0.412s), tok/s: 310.6 (avg: 310.6), TFLOPS/s/GPU: 0.00 (avg: 0.00)
[2026-10-07 19:37:04,438] step: 2, loss: 3.6756, lr: 0.000232, grad_norm: 1.9493, step_time: 0.024s (avg: 0.218s), tok/s: 5236.8 (avg: 586.1), TFLOPS/s/GPU: 0.00 (avg: 0.00)
[2026-10-07 19:37:04,452] Skipping HF config: hf_model_type/hf_architecture not set
[2026-10-07 19:37:04,452] Saving checkpoint to /tmp/ironcore-remediation-ad-bf16/pretrain/tp2_resume/checkpoint/step_2
[2026-10-07 19:37:04,473] Checkpoint saved successfully. Checkpoint saved in 0.016s
[2026-10-07 19:37:04,473] Training stopped by exit interval: 2
[2026-10-07 19:37:04,473] Total training time: 0.00 hours
[2026-10-07 19:37:04,473] Finishing training
[2026-10-07 19:37:11,787] Acquiring training resources...
[2026-10-07 19:37:11,787] Initialize torch distributed ... 
[2026-10-07 19:37:12,011] Loading evaluation tasks
[2026-10-07 19:37:12,013] Set random seed to 42 for model initialization
[2026-10-07 19:37:12,021] Created Language Model
[2026-10-07 19:37:12,021] Trainable parameters: 11,744 / 11,744 (100.00%)
[2026-10-07 19:37:12,021] Created Optimizer
[2026-10-07 19:37:12,028] Resources acquired successfully.
[2026-10-07 19:37:12,126] Loading checkpoint from /tmp/ironcore-remediation-ad-bf16/pretrain/tp2_resume/checkpoint/step_2
[2026-10-07 19:37:12,135] Loading optimizer state dict.
[2026-10-07 19:37:12,136] Checkpoint loaded successfully. Resuming training at step 2. Total time: 0.01s
[2026-10-07 19:37:12,136] Successfully loaded checkpoint: /tmp/ironcore-remediation-ad-bf16/pretrain/tp2_resume/checkpoint (resuming from step 2)
[2026-10-07 19:37:12,136] Skipping 8 consumed micro-batches to resume data position (16 samples on this rank).
[2026-10-07 19:37:12,137] Training start from step: 2
[2026-10-07 19:37:12,549] step: 3, loss: 3.6272, lr: 0.000100, grad_norm: 1.8980, step_time: 0.411s (avg: 0.412s), tok/s: 311.1 (avg: 311.0), TFLOPS/s/GPU: 0.00 (avg: 0.00)
[2026-10-07 19:37:12,576] step: 4, loss: 3.6159, lr: 0.000100, grad_norm: 1.9123, step_time: 0.027s (avg: 0.219s), tok/s: 4815.9 (avg: 584.0), TFLOPS/s/GPU: 0.00 (avg: 0.00)
[2026-10-07 19:37:12,585] Skipping HF config: hf_model_type/hf_architecture not set
[2026-10-07 19:37:12,585] Saving checkpoint to /tmp/ironcore-remediation-ad-bf16/pretrain/tp2_resume/checkpoint/step_4
[2026-10-07 19:37:12,595] Checkpoint saved successfully. Checkpoint saved in 0.011s
[2026-10-07 19:37:12,595] Total training time: 0.00 hours
[2026-10-07 19:37:12,595] Finishing training
