[2026-10-07 20:57:48,793] GRPOTrainer initialized with group_size=4, beta=0.1, gen_kwargs={'max_new_tokens': 4, 'temperature': 1.0, 'top_p': 1.0, 'top_k': 0, 'do_sample': True}, use_chat_template=False, system_prompt=none
[2026-10-07 20:57:48,793] Acquiring training resources...
[2026-10-07 20:57:48,793] Initialize torch distributed ... 
[2026-10-07 20:57:49,009] Loading evaluation tasks
[2026-10-07 20:57:49,010] Set random seed to 42 for model initialization
[2026-10-07 20:57:49,022] Created Language Model
[2026-10-07 20:57:49,022] Trainable parameters: 41,376 / 41,376 (100.00%)
[2026-10-07 20:57:49,022] Created Optimizer
[2026-10-07 20:57:49,022] Skipping parallelism wrapping (single GPU, no FSDP)
[2026-10-07 20:57:49,023] Dense FLOP estimate disabled for MoE; use measured tokens/s.
[2026-10-07 20:57:49,023] Resources acquired successfully.
[2026-10-07 20:57:49,025] Training start from scratch
[2026-10-07 20:57:49,025] Creating reference model for GRPO...
[2026-10-07 20:57:49,025] Creating reference model from policy weights...
[2026-10-07 20:57:49,031] Reference model created on GPU (device=cuda:0)
[2026-10-07 20:57:49,031] [VRAM] After ref model creation: allocated=0.00 GB, reserved=0.00 GB
[2026-10-07 20:57:49,031] Initializing reward worker via RewardManager...
[2026-10-07 20:57:49,031] Training start from step: 0
[2026-10-07 20:57:49,445] [VRAM] After rollout: peak=0.04 GB
[2026-10-07 20:57:49,468] [VRAM] After ref log probs: peak=0.04 GB
[2026-10-07 20:57:49,618] [VRAM] After optimizer step: peak=0.07 GB
[2026-10-07 20:57:49,618] step: 1, loss: -0.0062, lr: 0.000232, grad_norm: 0.3275, step_time: 0.587s (avg: 0.587s), tok/s: 218.1 (avg: 218.0)
[2026-10-07 20:57:49,638] [VRAM] After rollout: peak=0.07 GB
[2026-10-07 20:57:49,646] [VRAM] After ref log probs: peak=0.07 GB
[2026-10-07 20:57:49,681] [VRAM] After optimizer step: peak=0.07 GB
[2026-10-07 20:57:49,681] step: 1, grpo_loss: -0.0008, policy_loss: -0.0008, kl_loss: 0.0000, mean_reward: 0.5312, mean_ratio: 0.9997, clip_frac: 0.000
[2026-10-07 20:57:49,681] step: 2, loss: -0.0008, lr: 0.000100, grad_norm: 0.3298, step_time: 0.063s (avg: 0.325s), tok/s: 2044.9 (avg: 393.7)
[2026-10-07 20:57:49,690] Skipping HF config: hf_model_type/hf_architecture not set
[2026-10-07 20:57:49,690] Saving checkpoint to /tmp/ironcore-remediation-final-validation/ep-bf16/grpo/full_online/checkpoint/step_2
[2026-10-07 20:57:49,717] Checkpoint saved successfully. Checkpoint saved in 0.024s
[2026-10-07 20:57:49,717] Training stopped by exit interval: 2
[2026-10-07 20:57:49,717] Total training time: 0.00 hours
[2026-10-07 20:57:49,717] Finishing training
[2026-10-07 20:57:49,772] GRPO evaluation at step 4: {'eval/mean_reward': 0.5625, 'eval/positive_reward_rate': 1.0}
