[2026-10-07 21:04:29,909] DPOTrainer initialized with beta=0.5, concat_passes=True, metrics_interval=0
[2026-10-07 21:04:29,909] Acquiring training resources...
[2026-10-07 21:04:29,909] Initialize torch distributed ... 
[2026-10-07 21:04:30,150] Loading evaluation tasks
[2026-10-07 21:04:30,151] Set random seed to 42 for model initialization
[2026-10-07 21:04:30,160] Created Language Model
[2026-10-07 21:04:30,160] Trainable parameters: 22,688 / 22,688 (100.00%)
[2026-10-07 21:04:30,160] Created Optimizer
[2026-10-07 21:04:30,160] FSDP config: sharding=full, offload=False, use_orig_params=True, forward_prefetch=True
/tmp/ironcore-remediation-final-v6-src/ironcore/parallel/parallel.py:251: FutureWarning: FSDP.state_dict_type() and FSDP.set_state_dict_type() are being deprecated. Please use APIs, get_state_dict() and set_state_dict(), which can support different parallelisms, FSDP1, FSDP2, DDP. API doc: https://pytorch.org/docs/stable/distributed.checkpoint.html#torch.distributed.checkpoint.state_dict.get_state_dict .Tutorial: https://pytorch.org/tutorials/recipes/distributed_checkpoint_recipe.html .
  FSDP.set_state_dict_type(
/tmp/ironcore-remediation-final-v6-src/ironcore/parallel/parallel.py:251: FutureWarning: FSDP.state_dict_type() and FSDP.set_state_dict_type() are being deprecated. Please use APIs, get_state_dict() and set_state_dict(), which can support different parallelisms, FSDP1, FSDP2, DDP. API doc: https://pytorch.org/docs/stable/distributed.checkpoint.html#torch.distributed.checkpoint.state_dict.get_state_dict .Tutorial: https://pytorch.org/tutorials/recipes/distributed_checkpoint_recipe.html .
  FSDP.set_state_dict_type(
[2026-10-07 21:04:30,169] Resources acquired successfully.
[2026-10-07 21:04:30,233] Training start from scratch
[2026-10-07 21:04:30,233] Creating reference model with beta=0.5
[2026-10-07 21:04:30,233] Creating reference model from policy weights...
[2026-10-07 21:04:30,236] FSDP config: sharding=full, offload=False, use_orig_params=True, forward_prefetch=True
/home/hanjack/.pyenv/versions/3.12.8/lib/python3.12/site-packages/torch/distributed/fsdp/fully_sharded_data_parallel.py:821: FutureWarning: FSDP.state_dict_type() and FSDP.set_state_dict_type() are being deprecated. Please use APIs, get_state_dict() and set_state_dict(), which can support different parallelisms, FSDP1, FSDP2, DDP. API doc: https://pytorch.org/docs/stable/distributed.checkpoint.html#torch.distributed.checkpoint.state_dict.get_state_dict .Tutorial: https://pytorch.org/tutorials/recipes/distributed_checkpoint_recipe.html .
  prev_state_dict_settings = FullyShardedDataParallel.set_state_dict_type(
/home/hanjack/.pyenv/versions/3.12.8/lib/python3.12/site-packages/torch/distributed/fsdp/fully_sharded_data_parallel.py:821: FutureWarning: FSDP.state_dict_type() and FSDP.set_state_dict_type() are being deprecated. Please use APIs, get_state_dict() and set_state_dict(), which can support different parallelisms, FSDP1, FSDP2, DDP. API doc: https://pytorch.org/docs/stable/distributed.checkpoint.html#torch.distributed.checkpoint.state_dict.get_state_dict .Tutorial: https://pytorch.org/tutorials/recipes/distributed_checkpoint_recipe.html .
  prev_state_dict_settings = FullyShardedDataParallel.set_state_dict_type(
/home/hanjack/.pyenv/versions/3.12.8/lib/python3.12/site-packages/torch/distributed/fsdp/_state_dict_utils.py:732: FutureWarning: Please use DTensor instead and we are deprecating ShardedTensor.
  local_shape = tensor.shape
/home/hanjack/.pyenv/versions/3.12.8/lib/python3.12/site-packages/torch/distributed/fsdp/_state_dict_utils.py:732: FutureWarning: Please use DTensor instead and we are deprecating ShardedTensor.
  local_shape = tensor.shape
/home/hanjack/.pyenv/versions/3.12.8/lib/python3.12/site-packages/torch/distributed/fsdp/_state_dict_utils.py:749: FutureWarning: Please use DTensor instead and we are deprecating ShardedTensor.
  tensor.shape,
/home/hanjack/.pyenv/versions/3.12.8/lib/python3.12/site-packages/torch/distributed/fsdp/_state_dict_utils.py:749: FutureWarning: Please use DTensor instead and we are deprecating ShardedTensor.
  tensor.shape,
/home/hanjack/.pyenv/versions/3.12.8/lib/python3.12/site-packages/torch/distributed/fsdp/_state_dict_utils.py:751: FutureWarning: Please use DTensor instead and we are deprecating ShardedTensor.
  tensor.dtype,
/home/hanjack/.pyenv/versions/3.12.8/lib/python3.12/site-packages/torch/distributed/fsdp/_state_dict_utils.py:751: FutureWarning: Please use DTensor instead and we are deprecating ShardedTensor.
  tensor.dtype,
/home/hanjack/.pyenv/versions/3.12.8/lib/python3.12/site-packages/torch/distributed/fsdp/fully_sharded_data_parallel.py:828: FutureWarning: FSDP.state_dict_type() and FSDP.set_state_dict_type() are being deprecated. Please use APIs, get_state_dict() and set_state_dict(), which can support different parallelisms, FSDP1, FSDP2, DDP. API doc: https://pytorch.org/docs/stable/distributed.checkpoint.html#torch.distributed.checkpoint.state_dict.get_state_dict .Tutorial: https://pytorch.org/tutorials/recipes/distributed_checkpoint_recipe.html .
  FullyShardedDataParallel.set_state_dict_type(
/home/hanjack/.pyenv/versions/3.12.8/lib/python3.12/site-packages/torch/distributed/fsdp/fully_sharded_data_parallel.py:828: FutureWarning: FSDP.state_dict_type() and FSDP.set_state_dict_type() are being deprecated. Please use APIs, get_state_dict() and set_state_dict(), which can support different parallelisms, FSDP1, FSDP2, DDP. API doc: https://pytorch.org/docs/stable/distributed.checkpoint.html#torch.distributed.checkpoint.state_dict.get_state_dict .Tutorial: https://pytorch.org/tutorials/recipes/distributed_checkpoint_recipe.html .
  FullyShardedDataParallel.set_state_dict_type(
[2026-10-07 21:04:30,249] Training start from step: 0
[2026-10-07 21:04:30,699] step: 1, loss: 0.6931, lr: 0.000550, grad_norm: 9.5694, step_time: 0.449s (avg: 0.449s), tok/s: 285.1 (avg: 285.1), TFLOPS/s/GPU: 0.00 (avg: 0.00)
[2026-10-07 21:04:30,722] step: 1, dpo_loss: 0.4640, margin: 0.6422, accuracy: 1.0000
/home/hanjack/.pyenv/versions/3.12.8/lib/python3.12/site-packages/torch/distributed/fsdp/_unshard_param_utils.py:174: UserWarning: offload_to_cpu=True and rank0_only=False may result in theunsharded parameters being redundantly copied to CPU memory for GPUs sharing the same CPU memory, which risks CPU OOM. We recommend using offload_to_cpu=True with rank0_only=True.
  _validate_unshard_params_args(
[2026-10-07 21:04:30,723] step: 2, loss: 0.4640, lr: 0.000232, grad_norm: 7.1194, step_time: 0.024s (avg: 0.237s), tok/s: 5383.5 (avg: 541.2), TFLOPS/s/GPU: 0.00 (avg: 0.00)
/home/hanjack/.pyenv/versions/3.12.8/lib/python3.12/site-packages/torch/distributed/fsdp/_unshard_param_utils.py:174: UserWarning: offload_to_cpu=True and rank0_only=False may result in theunsharded parameters being redundantly copied to CPU memory for GPUs sharing the same CPU memory, which risks CPU OOM. We recommend using offload_to_cpu=True with rank0_only=True.
  _validate_unshard_params_args(
[2026-10-07 21:04:30,757] Training stopped by exit interval: 2
[2026-10-07 21:04:30,757] Total training time: 0.00 hours
[2026-10-07 21:04:30,757] Finishing training
[2026-10-07 21:04:38,370] DPOTrainer initialized with beta=0.5, concat_passes=True, metrics_interval=0
[2026-10-07 21:04:38,370] Acquiring training resources...
[2026-10-07 21:04:38,370] Initialize torch distributed ... 
[2026-10-07 21:04:38,612] Loading evaluation tasks
[2026-10-07 21:04:38,613] Set random seed to 42 for model initialization
[2026-10-07 21:04:38,622] Created Language Model
[2026-10-07 21:04:38,622] Trainable parameters: 22,688 / 22,688 (100.00%)
[2026-10-07 21:04:38,622] Created Optimizer
[2026-10-07 21:04:38,622] FSDP config: sharding=full, offload=False, use_orig_params=True, forward_prefetch=True
/tmp/ironcore-remediation-final-v6-src/ironcore/parallel/parallel.py:251: FutureWarning: FSDP.state_dict_type() and FSDP.set_state_dict_type() are being deprecated. Please use APIs, get_state_dict() and set_state_dict(), which can support different parallelisms, FSDP1, FSDP2, DDP. API doc: https://pytorch.org/docs/stable/distributed.checkpoint.html#torch.distributed.checkpoint.state_dict.get_state_dict .Tutorial: https://pytorch.org/tutorials/recipes/distributed_checkpoint_recipe.html .
  FSDP.set_state_dict_type(
/tmp/ironcore-remediation-final-v6-src/ironcore/parallel/parallel.py:251: FutureWarning: FSDP.state_dict_type() and FSDP.set_state_dict_type() are being deprecated. Please use APIs, get_state_dict() and set_state_dict(), which can support different parallelisms, FSDP1, FSDP2, DDP. API doc: https://pytorch.org/docs/stable/distributed.checkpoint.html#torch.distributed.checkpoint.state_dict.get_state_dict .Tutorial: https://pytorch.org/tutorials/recipes/distributed_checkpoint_recipe.html .
  FSDP.set_state_dict_type(
[2026-10-07 21:04:38,631] Resources acquired successfully.
/home/hanjack/.pyenv/versions/3.12.8/lib/python3.12/site-packages/torch/distributed/fsdp/fully_sharded_data_parallel.py:821: FutureWarning: FSDP.state_dict_type() and FSDP.set_state_dict_type() are being deprecated. Please use APIs, get_state_dict() and set_state_dict(), which can support different parallelisms, FSDP1, FSDP2, DDP. API doc: https://pytorch.org/docs/stable/distributed.checkpoint.html#torch.distributed.checkpoint.state_dict.get_state_dict .Tutorial: https://pytorch.org/tutorials/recipes/distributed_checkpoint_recipe.html .
  prev_state_dict_settings = FullyShardedDataParallel.set_state_dict_type(
/home/hanjack/.pyenv/versions/3.12.8/lib/python3.12/site-packages/torch/distributed/fsdp/fully_sharded_data_parallel.py:821: FutureWarning: FSDP.state_dict_type() and FSDP.set_state_dict_type() are being deprecated. Please use APIs, get_state_dict() and set_state_dict(), which can support different parallelisms, FSDP1, FSDP2, DDP. API doc: https://pytorch.org/docs/stable/distributed.checkpoint.html#torch.distributed.checkpoint.state_dict.get_state_dict .Tutorial: https://pytorch.org/tutorials/recipes/distributed_checkpoint_recipe.html .
  prev_state_dict_settings = FullyShardedDataParallel.set_state_dict_type(
/home/hanjack/.pyenv/versions/3.12.8/lib/python3.12/site-packages/torch/distributed/fsdp/fully_sharded_data_parallel.py:828: FutureWarning: FSDP.state_dict_type() and FSDP.set_state_dict_type() are being deprecated. Please use APIs, get_state_dict() and set_state_dict(), which can support different parallelisms, FSDP1, FSDP2, DDP. API doc: https://pytorch.org/docs/stable/distributed.checkpoint.html#torch.distributed.checkpoint.state_dict.get_state_dict .Tutorial: https://pytorch.org/tutorials/recipes/distributed_checkpoint_recipe.html .
  FullyShardedDataParallel.set_state_dict_type(
/home/hanjack/.pyenv/versions/3.12.8/lib/python3.12/site-packages/torch/distributed/fsdp/fully_sharded_data_parallel.py:828: FutureWarning: FSDP.state_dict_type() and FSDP.set_state_dict_type() are being deprecated. Please use APIs, get_state_dict() and set_state_dict(), which can support different parallelisms, FSDP1, FSDP2, DDP. API doc: https://pytorch.org/docs/stable/distributed.checkpoint.html#torch.distributed.checkpoint.state_dict.get_state_dict .Tutorial: https://pytorch.org/tutorials/recipes/distributed_checkpoint_recipe.html .
  FullyShardedDataParallel.set_state_dict_type(
[2026-10-07 21:04:38,705] Successfully loaded checkpoint: /tmp/ironcore-remediation-final-validation-v2/fsdp-bf16/dpo/dp2_resume/checkpoint (resuming from step 2)
[2026-10-07 21:04:38,705] Skipping 4 consumed micro-batches to resume data position (8 samples on this rank).
[2026-10-07 21:04:38,705] Creating reference model with beta=0.5
[2026-10-07 21:04:38,705] Creating reference model from policy weights...
[2026-10-07 21:04:38,708] FSDP config: sharding=full, offload=False, use_orig_params=True, forward_prefetch=True
/home/hanjack/.pyenv/versions/3.12.8/lib/python3.12/site-packages/torch/distributed/fsdp/_state_dict_utils.py:732: FutureWarning: Please use DTensor instead and we are deprecating ShardedTensor.
  local_shape = tensor.shape
/home/hanjack/.pyenv/versions/3.12.8/lib/python3.12/site-packages/torch/distributed/fsdp/_state_dict_utils.py:732: FutureWarning: Please use DTensor instead and we are deprecating ShardedTensor.
  local_shape = tensor.shape
/home/hanjack/.pyenv/versions/3.12.8/lib/python3.12/site-packages/torch/distributed/fsdp/_state_dict_utils.py:749: FutureWarning: Please use DTensor instead and we are deprecating ShardedTensor.
  tensor.shape,
/home/hanjack/.pyenv/versions/3.12.8/lib/python3.12/site-packages/torch/distributed/fsdp/_state_dict_utils.py:749: FutureWarning: Please use DTensor instead and we are deprecating ShardedTensor.
  tensor.shape,
/home/hanjack/.pyenv/versions/3.12.8/lib/python3.12/site-packages/torch/distributed/fsdp/_state_dict_utils.py:751: FutureWarning: Please use DTensor instead and we are deprecating ShardedTensor.
  tensor.dtype,
/home/hanjack/.pyenv/versions/3.12.8/lib/python3.12/site-packages/torch/distributed/fsdp/_state_dict_utils.py:751: FutureWarning: Please use DTensor instead and we are deprecating ShardedTensor.
  tensor.dtype,
[2026-10-07 21:04:38,725] Training start from step: 2
[2026-10-07 21:04:39,169] step: 2, dpo_loss: 0.3254, margin: 1.6594, accuracy: 1.0000
[2026-10-07 21:04:39,169] step: 3, loss: 0.3254, lr: 0.000100, grad_norm: 5.2697, step_time: 0.444s (avg: 0.444s), tok/s: 288.2 (avg: 288.0), TFLOPS/s/GPU: 0.00 (avg: 0.00)
[2026-10-07 21:04:39,193] step: 3, dpo_loss: 0.3020, margin: 1.6741, accuracy: 1.0000
/home/hanjack/.pyenv/versions/3.12.8/lib/python3.12/site-packages/torch/distributed/fsdp/_unshard_param_utils.py:174: UserWarning: offload_to_cpu=True and rank0_only=False may result in theunsharded parameters being redundantly copied to CPU memory for GPUs sharing the same CPU memory, which risks CPU OOM. We recommend using offload_to_cpu=True with rank0_only=True.
  _validate_unshard_params_args(
[2026-10-07 21:04:39,193] step: 4, loss: 0.3020, lr: 0.000100, grad_norm: 5.0138, step_time: 0.024s (avg: 0.234s), tok/s: 5397.5 (avg: 546.6), TFLOPS/s/GPU: 0.00 (avg: 0.00)
/home/hanjack/.pyenv/versions/3.12.8/lib/python3.12/site-packages/torch/distributed/fsdp/_unshard_param_utils.py:174: UserWarning: offload_to_cpu=True and rank0_only=False may result in theunsharded parameters being redundantly copied to CPU memory for GPUs sharing the same CPU memory, which risks CPU OOM. We recommend using offload_to_cpu=True with rank0_only=True.
  _validate_unshard_params_args(
[2026-10-07 21:04:39,232] Total training time: 0.00 hours
[2026-10-07 21:04:39,232] Finishing training
