[2026-10-07 19:42:18,950] GRPOTrainer initialized with group_size=4, beta=0.1, gen_kwargs={'max_new_tokens': 4, 'temperature': 1.0, 'top_p': 1.0, 'top_k': 0, 'do_sample': True}, use_chat_template=False, system_prompt=none
[2026-10-07 19:42:18,950] Acquiring training resources...
[2026-10-07 19:42:18,950] Initialize torch distributed ... 
[2026-10-07 19:42:19,166] Loading evaluation tasks
[2026-10-07 19:42:19,167] Set random seed to 42 for model initialization
[2026-10-07 19:42:19,175] Created Language Model
[2026-10-07 19:42:19,175] Trainable parameters: 23,328 / 23,328 (100.00%)
[2026-10-07 19:42:19,175] Created Optimizer
[2026-10-07 19:42:19,176] Skipping parallelism wrapping (single GPU, no FSDP)
[2026-10-07 19:42:19,176] Resources acquired successfully.
[2026-10-07 19:42:19,178] Training start from scratch
[2026-10-07 19:42:19,178] Creating reference model for GRPO...
[2026-10-07 19:42:19,178] Creating reference model from policy weights...
[2026-10-07 19:42:19,180] Reference model created on GPU (device=cuda:0)
[2026-10-07 19:42:19,181] [VRAM] After ref model creation: allocated=0.00 GB, reserved=0.00 GB
[2026-10-07 19:42:19,181] Initializing reward worker via RewardManager...
[2026-10-07 19:42:19,181] Training start from step: 0
[2026-10-07 19:42:19,428] [VRAM] After rollout: peak=0.04 GB
[2026-10-07 19:42:19,481] [VRAM] After ref log probs: peak=0.04 GB
[2026-10-07 19:42:19,692] [VRAM] After optimizer step: peak=0.07 GB
[2026-10-07 19:42:19,692] step: 1, loss: -0.0087, lr: 0.000232, grad_norm: 0.3807, step_time: 0.511s (avg: 0.511s), tok/s: 250.6 (avg: 250.5), TFLOPS/s/GPU: 0.00 (avg: 0.00)
[2026-10-07 19:42:19,700] [VRAM] After rollout: peak=0.07 GB
[2026-10-07 19:42:19,704] [VRAM] After ref log probs: peak=0.07 GB
[2026-10-07 19:42:19,717] [VRAM] After optimizer step: peak=0.07 GB
[2026-10-07 19:42:19,717] step: 1, grpo_loss: -0.0020, policy_loss: -0.0020, kl_loss: 0.0000, mean_reward: 0.5625, mean_ratio: 0.9998, clip_frac: 0.000
[2026-10-07 19:42:19,717] step: 2, loss: -0.0020, lr: 0.000100, grad_norm: 0.5786, step_time: 0.025s (avg: 0.268s), tok/s: 5162.6 (avg: 477.4), TFLOPS/s/GPU: 0.00 (avg: 0.00)
[2026-10-07 19:42:19,724] Skipping HF config: hf_model_type/hf_architecture not set
[2026-10-07 19:42:19,724] Saving checkpoint to /tmp/ironcore-remediation-ad-bf16/grpo/full_online/checkpoint/step_2
[2026-10-07 19:42:19,738] Checkpoint saved successfully. Checkpoint saved in 0.008s
[2026-10-07 19:42:19,738] Training stopped by exit interval: 2
[2026-10-07 19:42:19,738] Total training time: 0.00 hours
[2026-10-07 19:42:19,738] Finishing training
[2026-10-07 19:42:19,758] GRPO evaluation at step 4: {'eval/mean_reward': 0.53125, 'eval/positive_reward_rate': 1.0}
