[2026-10-07 19:37:43,697] Acquiring training resources...
[2026-10-07 19:37:43,697] Initialize torch distributed ... 
[2026-10-07 19:37:43,911] Loading evaluation tasks
[2026-10-07 19:37:43,912] Set random seed to 42 for model initialization
[2026-10-07 19:37:43,920] Created Language Model
[2026-10-07 19:37:43,920] Trainable parameters: 23,328 / 23,328 (100.00%)
[2026-10-07 19:37:43,920] Created Optimizer
[2026-10-07 19:37:43,921] Skipping parallelism wrapping (single GPU, no FSDP)
[2026-10-07 19:37:43,922] Resources acquired successfully.
[2026-10-07 19:37:43,923] Training start from scratch
[2026-10-07 19:37:43,923] Training start from step: 0
[2026-10-07 19:37:44,338] step: 1, loss: 3.7443, lr: 0.000550, grad_norm: 2.0014, step_time: 0.415s (avg: 0.415s), tok/s: 308.7 (avg: 308.6), TFLOPS/s/GPU: 0.00 (avg: 0.00)
[2026-10-07 19:37:44,360] step: 2, loss: 3.6767, lr: 0.000232, grad_norm: 2.0458, step_time: 0.022s (avg: 0.218s), tok/s: 5853.6 (avg: 586.1), TFLOPS/s/GPU: 0.00 (avg: 0.00)
[2026-10-07 19:37:44,366] Skipping HF config: hf_model_type/hf_architecture not set
[2026-10-07 19:37:44,366] Saving checkpoint to /tmp/ironcore-remediation-ad-bf16/sft/accum/checkpoint/step_2
[2026-10-07 19:37:44,376] Checkpoint saved successfully. Checkpoint saved in 0.008s
[2026-10-07 19:37:44,396] step: 3, loss: 3.6307, lr: 0.000100, grad_norm: 1.9966, step_time: 0.019s (avg: 0.158s), tok/s: 6572.4 (avg: 812.2), TFLOPS/s/GPU: 0.00 (avg: 0.00)
[2026-10-07 19:37:44,415] step: 4, loss: 3.6212, lr: 0.000100, grad_norm: 2.0151, step_time: 0.019s (avg: 0.123s), tok/s: 6595.1 (avg: 1040.1), TFLOPS/s/GPU: 0.00 (avg: 0.00)
[2026-10-07 19:37:44,419] Skipping HF config: hf_model_type/hf_architecture not set
[2026-10-07 19:37:44,420] Saving checkpoint to /tmp/ironcore-remediation-ad-bf16/sft/accum/checkpoint/step_4
[2026-10-07 19:37:44,430] Checkpoint saved successfully. Checkpoint saved in 0.008s
[2026-10-07 19:37:44,430] Total training time: 0.00 hours
[2026-10-07 19:37:44,430] Finishing training
