[2026-10-07 20:18:59,611] GRPOTrainer initialized with group_size=4, beta=0.1, gen_kwargs={'max_new_tokens': 4, 'temperature': 1.0, 'top_p': 1.0, 'top_k': 0, 'do_sample': True}, use_chat_template=False, system_prompt=none
[2026-10-07 20:18:59,611] Acquiring training resources...
[2026-10-07 20:18:59,611] Initialize torch distributed ... 
[2026-10-07 20:18:59,862] Loading evaluation tasks
[2026-10-07 20:18:59,863] Set random seed to 42 for model initialization
[2026-10-07 20:18:59,872] Created Language Model
[2026-10-07 20:18:59,872] Trainable parameters: 22,688 / 22,688 (100.00%)
[2026-10-07 20:18:59,872] Created Optimizer
[2026-10-07 20:18:59,872] Wrapped optimizer with DistributedOptimizer (bucket_cap=25.0MB)
[2026-10-07 20:18:59,908] Resources acquired successfully.
[2026-10-07 20:18:59,938] Training start from scratch
[2026-10-07 20:18:59,938] Creating reference model for GRPO...
[2026-10-07 20:18:59,938] Creating reference model from policy weights...
[2026-10-07 20:18:59,941] Reference model created on GPU (device=cuda:0)
[2026-10-07 20:18:59,941] [VRAM] After ref model creation: allocated=0.00 GB, reserved=0.00 GB
[2026-10-07 20:18:59,941] Initializing reward worker via RewardManager...
[2026-10-07 20:18:59,941] Training start from step: 0
[2026-10-07 20:19:00,168] [VRAM] After rollout: peak=0.03 GB
[2026-10-07 20:19:00,219] [VRAM] After ref log probs: peak=0.03 GB
[2026-10-07 20:19:00,365] [VRAM] After optimizer step: peak=0.06 GB
[2026-10-07 20:19:00,365] step: 1, loss: -0.0542, lr: 0.000232, grad_norm: 3.3432, step_time: 0.423s (avg: 0.424s), tok/s: 302.4 (avg: 302.0), TFLOPS/s/GPU: 0.00 (avg: 0.00)
[2026-10-07 20:19:00,369] [VRAM] After rollout: peak=0.06 GB
[2026-10-07 20:19:00,376] [VRAM] After ref log probs: peak=0.06 GB
[2026-10-07 20:19:00,401] [VRAM] After optimizer step: peak=0.06 GB
[2026-10-07 20:19:00,402] step: 1, grpo_loss: -0.0100, policy_loss: -0.0121, kl_loss: 0.0020, mean_reward: 0.7500, mean_ratio: 1.0056, clip_frac: 0.000
[2026-10-07 20:19:00,402] step: 2, loss: -0.0100, lr: 0.000100, grad_norm: 3.7023, step_time: 0.036s (avg: 0.230s), tok/s: 3548.9 (avg: 555.9), TFLOPS/s/GPU: 0.00 (avg: 0.00)
[2026-10-07 20:19:00,434] Skipping HF config: hf_model_type/hf_architecture not set
[2026-10-07 20:19:00,434] Saving checkpoint to /tmp/ironcore-remediation-distributed-v3/distributed-optimizer/grpo/dp2_resume/checkpoint/step_2
[2026-10-07 20:19:00,454] Checkpoint saved successfully. Checkpoint saved in 0.036s
[2026-10-07 20:19:00,455] Training stopped by exit interval: 2
[2026-10-07 20:19:00,455] Total training time: 0.00 hours
[2026-10-07 20:19:00,455] Finishing training
[2026-10-07 20:19:00,465] GRPO evaluation at step 4: {'eval/mean_reward': 0.75, 'eval/positive_reward_rate': 1.0}
[2026-10-07 20:19:07,862] GRPOTrainer initialized with group_size=4, beta=0.1, gen_kwargs={'max_new_tokens': 4, 'temperature': 1.0, 'top_p': 1.0, 'top_k': 0, 'do_sample': True}, use_chat_template=False, system_prompt=none
[2026-10-07 20:19:07,862] Acquiring training resources...
[2026-10-07 20:19:07,862] Initialize torch distributed ... 
[2026-10-07 20:19:08,104] Loading evaluation tasks
[2026-10-07 20:19:08,105] Set random seed to 42 for model initialization
[2026-10-07 20:19:08,113] Created Language Model
[2026-10-07 20:19:08,114] Trainable parameters: 22,688 / 22,688 (100.00%)
[2026-10-07 20:19:08,114] Created Optimizer
[2026-10-07 20:19:08,114] Wrapped optimizer with DistributedOptimizer (bucket_cap=25.0MB)
[2026-10-07 20:19:08,151] Resources acquired successfully.
[2026-10-07 20:19:08,188] Loading checkpoint from /tmp/ironcore-remediation-distributed-v3/distributed-optimizer/grpo/dp2_resume/checkpoint/step_2
[2026-10-07 20:19:08,196] Loading optimizer state dict.
[2026-10-07 20:19:08,196] Checkpoint loaded successfully. Resuming training at step 2. Total time: 0.01s
[2026-10-07 20:19:08,196] Successfully loaded checkpoint: /tmp/ironcore-remediation-distributed-v3/distributed-optimizer/grpo/dp2_resume/checkpoint (resuming from step 2)
[2026-10-07 20:19:08,197] Creating reference model for GRPO...
[2026-10-07 20:19:08,197] Creating reference model from policy weights...
[2026-10-07 20:19:08,199] Reference model created on GPU (device=cuda:0)
[2026-10-07 20:19:08,200] [VRAM] After ref model creation: allocated=0.00 GB, reserved=0.00 GB
[2026-10-07 20:19:08,200] Initializing reward worker via RewardManager...
[2026-10-07 20:19:08,203] Training start from step: 2
[2026-10-07 20:19:08,431] [VRAM] After rollout: peak=0.03 GB
[2026-10-07 20:19:08,483] [VRAM] After ref log probs: peak=0.03 GB
[2026-10-07 20:19:08,632] [VRAM] After optimizer step: peak=0.06 GB
[2026-10-07 20:19:08,632] step: 2, grpo_loss: -0.0019, policy_loss: -0.0052, kl_loss: 0.0033, mean_reward: 0.7500, mean_ratio: 1.0024, clip_frac: 0.000
[2026-10-07 20:19:08,632] step: 3, loss: -0.0019, lr: 0.000100, grad_norm: 3.5535, step_time: 0.429s (avg: 0.429s), tok/s: 298.7 (avg: 298.2), TFLOPS/s/GPU: 0.00 (avg: 0.00)
[2026-10-07 20:19:08,636] [VRAM] After rollout: peak=0.06 GB
[2026-10-07 20:19:08,643] [VRAM] After ref log probs: peak=0.06 GB
[2026-10-07 20:19:08,671] [VRAM] After optimizer step: peak=0.06 GB
[2026-10-07 20:19:08,671] step: 3, grpo_loss: -0.0019, policy_loss: -0.0052, kl_loss: 0.0034, mean_reward: 0.7500, mean_ratio: 1.0025, clip_frac: 0.000
[2026-10-07 20:19:08,671] step: 4, loss: -0.0019, lr: 0.000100, grad_norm: 3.5539, step_time: 0.038s (avg: 0.234s), tok/s: 3325.6 (avg: 546.7), TFLOPS/s/GPU: 0.00 (avg: 0.00)
[2026-10-07 20:19:08,699] Skipping HF config: hf_model_type/hf_architecture not set
[2026-10-07 20:19:08,699] Saving checkpoint to /tmp/ironcore-remediation-distributed-v3/distributed-optimizer/grpo/dp2_resume/checkpoint/step_4
[2026-10-07 20:19:08,708] Checkpoint saved successfully. Checkpoint saved in 0.025s
[2026-10-07 20:19:08,709] Total training time: 0.00 hours
[2026-10-07 20:19:08,709] Finishing training
[2026-10-07 20:19:08,719] GRPO evaluation at step 4: {'eval/mean_reward': 0.75, 'eval/positive_reward_rate': 1.0}
