[2026-10-07 19:35:49,612] Acquiring training resources...
[2026-10-07 19:35:49,612] Initialize torch distributed ... 
[2026-10-07 19:35:49,835] Loading evaluation tasks
[2026-10-07 19:35:49,836] Set random seed to 42 for model initialization
[2026-10-07 19:35:49,844] Created Language Model
[2026-10-07 19:35:49,844] Trainable parameters: 23,328 / 23,328 (100.00%)
[2026-10-07 19:35:49,844] Created Optimizer
[2026-10-07 19:35:49,845] Skipping parallelism wrapping (single GPU, no FSDP)
[2026-10-07 19:35:49,845] Resources acquired successfully.
[2026-10-07 19:35:49,847] Training start from scratch
[2026-10-07 19:35:49,847] Training start from step: 0
[2026-10-07 19:35:50,239] step: 1, loss: 3.7391, lr: 0.000550, grad_norm: 1.9689, step_time: 0.392s (avg: 0.392s), tok/s: 326.5 (avg: 326.4), TFLOPS/s/GPU: 0.00 (avg: 0.00)
[2026-10-07 19:35:50,247] step: 2, loss: 3.6757, lr: 0.000232, grad_norm: 1.9492, step_time: 0.008s (avg: 0.200s), tok/s: 15814.0 (avg: 639.4), TFLOPS/s/GPU: 0.00 (avg: 0.00)
[2026-10-07 19:35:50,253] Skipping HF config: hf_model_type/hf_architecture not set
[2026-10-07 19:35:50,254] Saving checkpoint to /tmp/ironcore-remediation-ad-bf16/pretrain/full_resume/checkpoint/step_2
[2026-10-07 19:35:50,264] Checkpoint saved successfully. Checkpoint saved in 0.008s
[2026-10-07 19:35:50,264] Training stopped by exit interval: 2
[2026-10-07 19:35:50,264] Total training time: 0.00 hours
[2026-10-07 19:35:50,264] Finishing training
[2026-10-07 19:35:57,386] Acquiring training resources...
[2026-10-07 19:35:57,386] Initialize torch distributed ... 
[2026-10-07 19:35:57,611] Loading evaluation tasks
[2026-10-07 19:35:57,612] Set random seed to 42 for model initialization
[2026-10-07 19:35:57,620] Created Language Model
[2026-10-07 19:35:57,620] Trainable parameters: 23,328 / 23,328 (100.00%)
[2026-10-07 19:35:57,620] Created Optimizer
[2026-10-07 19:35:57,621] Skipping parallelism wrapping (single GPU, no FSDP)
[2026-10-07 19:35:57,621] Resources acquired successfully.
[2026-10-07 19:35:57,623] Loading checkpoint from /tmp/ironcore-remediation-ad-bf16/pretrain/full_resume/checkpoint/step_2
[2026-10-07 19:35:57,631] Loading optimizer state dict.
[2026-10-07 19:35:57,632] Checkpoint loaded successfully. Resuming training at step 2. Total time: 0.01s
[2026-10-07 19:35:57,632] Successfully loaded checkpoint: /tmp/ironcore-remediation-ad-bf16/pretrain/full_resume/checkpoint (resuming from step 2)
[2026-10-07 19:35:57,632] Skipping 2 consumed micro-batches to resume data position (16 samples on this rank).
[2026-10-07 19:35:57,632] Training start from step: 2
[2026-10-07 19:35:58,024] step: 3, loss: 3.6272, lr: 0.000100, grad_norm: 1.8977, step_time: 0.392s (avg: 0.392s), tok/s: 326.8 (avg: 326.7), TFLOPS/s/GPU: 0.00 (avg: 0.00)
[2026-10-07 19:35:58,032] step: 4, loss: 3.6159, lr: 0.000100, grad_norm: 1.9126, step_time: 0.008s (avg: 0.200s), tok/s: 16229.5 (avg: 640.3), TFLOPS/s/GPU: 0.00 (avg: 0.00)
[2026-10-07 19:35:58,037] Skipping HF config: hf_model_type/hf_architecture not set
[2026-10-07 19:35:58,038] Saving checkpoint to /tmp/ironcore-remediation-ad-bf16/pretrain/full_resume/checkpoint/step_4
[2026-10-07 19:35:58,052] Checkpoint saved successfully. Checkpoint saved in 0.007s
[2026-10-07 19:35:58,052] Total training time: 0.00 hours
[2026-10-07 19:35:58,052] Finishing training
