[2026-10-07 21:09:44,635] GRPOTrainer initialized with group_size=4, beta=0.1, gen_kwargs={'max_new_tokens': 4, 'temperature': 1.0, 'top_p': 1.0, 'top_k': 0, 'do_sample': True}, use_chat_template=False, system_prompt=none
[2026-10-07 21:09:44,636] Acquiring training resources...
[2026-10-07 21:09:44,636] Initialize torch distributed ... 
[2026-10-07 21:09:44,859] Loading evaluation tasks
[2026-10-07 21:09:44,860] Set random seed to 42 for model initialization
[2026-10-07 21:09:44,872] Created Language Model
[2026-10-07 21:09:44,872] Trainable parameters: 41,376 / 41,376 (100.00%)
[2026-10-07 21:09:44,872] Created Optimizer
[2026-10-07 21:09:44,872] Skipping parallelism wrapping (single GPU, no FSDP)
[2026-10-07 21:09:44,872] Dense FLOP estimate disabled for MoE; use measured tokens/s.
[2026-10-07 21:09:44,873] Resources acquired successfully.
[2026-10-07 21:09:44,875] Training start from scratch
[2026-10-07 21:09:44,875] Creating reference model for GRPO...
[2026-10-07 21:09:44,875] Creating reference model from policy weights...
[2026-10-07 21:09:44,881] Reference model created on GPU (device=cuda:0)
[2026-10-07 21:09:44,881] [VRAM] After ref model creation: allocated=0.00 GB, reserved=0.00 GB
[2026-10-07 21:09:44,881] Initializing reward worker via RewardManager...
[2026-10-07 21:09:44,881] Training start from step: 0
[2026-10-07 21:09:45,239] [VRAM] After rollout: peak=0.03 GB
[2026-10-07 21:09:45,275] [VRAM] After ref log probs: peak=0.03 GB
[2026-10-07 21:09:45,437] [VRAM] After optimizer step: peak=0.07 GB
[2026-10-07 21:09:45,438] step: 1, loss: -0.0523, lr: 0.000232, grad_norm: 2.2976, step_time: 0.556s (avg: 0.556s), tok/s: 230.3 (avg: 230.1)
[2026-10-07 21:09:45,444] [VRAM] After rollout: peak=0.07 GB
[2026-10-07 21:09:45,452] [VRAM] After ref log probs: peak=0.07 GB
[2026-10-07 21:09:45,486] [VRAM] After optimizer step: peak=0.07 GB
[2026-10-07 21:09:45,487] step: 1, grpo_loss: -0.0096, policy_loss: -0.0114, kl_loss: 0.0018, mean_reward: 0.7500, mean_ratio: 1.0041, clip_frac: 0.000
[2026-10-07 21:09:45,487] step: 2, loss: -0.0096, lr: 0.000100, grad_norm: 3.7657, step_time: 0.049s (avg: 0.303s), tok/s: 2632.5 (avg: 422.9)
[2026-10-07 21:09:45,500] Skipping HF config: hf_model_type/hf_architecture not set
[2026-10-07 21:09:45,500] Saving checkpoint to /tmp/ironcore-remediation-final-validation-v2/grpo-token-bf16/grpo/full_resume/checkpoint/step_2
[2026-10-07 21:09:45,524] Checkpoint saved successfully. Checkpoint saved in 0.022s
[2026-10-07 21:09:45,524] Training stopped by exit interval: 2
[2026-10-07 21:09:45,524] Total training time: 0.00 hours
[2026-10-07 21:09:45,524] Finishing training
[2026-10-07 21:09:45,540] GRPO evaluation at step 4: {'eval/mean_reward': 0.75, 'eval/positive_reward_rate': 1.0}
[2026-10-07 21:09:53,167] GRPOTrainer initialized with group_size=4, beta=0.1, gen_kwargs={'max_new_tokens': 4, 'temperature': 1.0, 'top_p': 1.0, 'top_k': 0, 'do_sample': True}, use_chat_template=False, system_prompt=none
[2026-10-07 21:09:53,167] Acquiring training resources...
[2026-10-07 21:09:53,167] Initialize torch distributed ... 
[2026-10-07 21:09:53,389] Loading evaluation tasks
[2026-10-07 21:09:53,390] Set random seed to 42 for model initialization
[2026-10-07 21:09:53,401] Created Language Model
[2026-10-07 21:09:53,402] Trainable parameters: 41,376 / 41,376 (100.00%)
[2026-10-07 21:09:53,402] Created Optimizer
[2026-10-07 21:09:53,402] Skipping parallelism wrapping (single GPU, no FSDP)
[2026-10-07 21:09:53,402] Dense FLOP estimate disabled for MoE; use measured tokens/s.
[2026-10-07 21:09:53,402] Resources acquired successfully.
[2026-10-07 21:09:53,406] Loading checkpoint from /tmp/ironcore-remediation-final-validation-v2/grpo-token-bf16/grpo/full_resume/checkpoint/step_2
[2026-10-07 21:09:53,421] Loading optimizer state dict.
[2026-10-07 21:09:53,422] Checkpoint loaded successfully. Resuming training at step 2. Total time: 0.02s
[2026-10-07 21:09:53,422] Successfully loaded checkpoint: /tmp/ironcore-remediation-final-validation-v2/grpo-token-bf16/grpo/full_resume/checkpoint (resuming from step 2)
[2026-10-07 21:09:53,422] Creating reference model for GRPO...
[2026-10-07 21:09:53,422] Creating reference model from policy weights...
[2026-10-07 21:09:53,427] Reference model created on GPU (device=cuda:0)
[2026-10-07 21:09:53,427] [VRAM] After ref model creation: allocated=0.00 GB, reserved=0.00 GB
[2026-10-07 21:09:53,427] Initializing reward worker via RewardManager...
[2026-10-07 21:09:53,432] Training start from step: 2
[2026-10-07 21:09:53,787] [VRAM] After rollout: peak=0.03 GB
[2026-10-07 21:09:53,822] [VRAM] After ref log probs: peak=0.03 GB
[2026-10-07 21:09:53,984] [VRAM] After optimizer step: peak=0.07 GB
[2026-10-07 21:09:53,984] step: 2, grpo_loss: -0.0021, policy_loss: -0.0052, kl_loss: 0.0030, mean_reward: 0.7500, mean_ratio: 1.0022, clip_frac: 0.000
[2026-10-07 21:09:53,984] step: 3, loss: -0.0021, lr: 0.000100, grad_norm: 3.6125, step_time: 0.552s (avg: 0.553s), tok/s: 231.9 (avg: 231.6)
[2026-10-07 21:09:53,991] [VRAM] After rollout: peak=0.07 GB
[2026-10-07 21:09:53,999] [VRAM] After ref log probs: peak=0.07 GB
[2026-10-07 21:09:54,035] [VRAM] After optimizer step: peak=0.07 GB
[2026-10-07 21:09:54,035] step: 3, grpo_loss: -0.0022, policy_loss: -0.0053, kl_loss: 0.0030, mean_reward: 0.7500, mean_ratio: 1.0025, clip_frac: 0.000
[2026-10-07 21:09:54,035] step: 4, loss: -0.0022, lr: 0.000100, grad_norm: 3.6296, step_time: 0.050s (avg: 0.302s), tok/s: 2540.7 (avg: 424.2)
[2026-10-07 21:09:54,044] Skipping HF config: hf_model_type/hf_architecture not set
[2026-10-07 21:09:54,044] Saving checkpoint to /tmp/ironcore-remediation-final-validation-v2/grpo-token-bf16/grpo/full_resume/checkpoint/step_4
[2026-10-07 21:09:54,075] Checkpoint saved successfully. Checkpoint saved in 0.029s
[2026-10-07 21:09:54,075] Total training time: 0.00 hours
[2026-10-07 21:09:54,075] Finishing training
[2026-10-07 21:09:54,092] GRPO evaluation at step 4: {'eval/mean_reward': 0.75, 'eval/positive_reward_rate': 1.0}
