[2026-10-07 21:06:04,894] Acquiring training resources...
[2026-10-07 21:06:04,894] Initialize torch distributed ... 
[2026-10-07 21:06:05,127] Loading evaluation tasks
[2026-10-07 21:06:05,128] Set random seed to 42 for model initialization
[2026-10-07 21:06:05,137] Created Language Model
[2026-10-07 21:06:05,138] Trainable parameters: 22,688 / 22,688 (100.00%)
[2026-10-07 21:06:05,138] Created Optimizer
[2026-10-07 21:06:05,138] Wrapped optimizer with DistributedOptimizer (bucket_cap=25.0MB)
[2026-10-07 21:06:05,138] Skipping parallelism wrapping (single GPU, no FSDP)
[2026-10-07 21:06:05,138] Resources acquired successfully.
[2026-10-07 21:06:05,139] Training start from scratch
[2026-10-07 21:06:05,139] Training start from step: 0
[2026-10-07 21:06:05,538] step: 1, loss: 3.4673, lr: 0.000550, grad_norm: 2.0656, step_time: 0.399s (avg: 0.399s), tok/s: 321.2 (avg: 321.1), TFLOPS/s/GPU: 0.00 (avg: 0.00)
[2026-10-07 21:06:05,546] step: 2, loss: 3.3992, lr: 0.000232, grad_norm: 2.0246, step_time: 0.008s (avg: 0.203s), tok/s: 17038.1 (avg: 630.0), TFLOPS/s/GPU: 0.00 (avg: 0.00)
[2026-10-07 21:06:05,552] Skipping HF config: hf_model_type/hf_architecture not set
[2026-10-07 21:06:05,553] Saving checkpoint to /tmp/ironcore-remediation-final-validation-v2/distopt-bf16/pretrain/full_resume/checkpoint/step_2
[2026-10-07 21:06:05,566] Checkpoint saved successfully. Checkpoint saved in 0.011s
[2026-10-07 21:06:05,566] Training stopped by exit interval: 2
[2026-10-07 21:06:05,566] Total training time: 0.00 hours
[2026-10-07 21:06:05,566] Finishing training
[2026-10-07 21:06:12,678] Acquiring training resources...
[2026-10-07 21:06:12,678] Initialize torch distributed ... 
[2026-10-07 21:06:12,892] Loading evaluation tasks
[2026-10-07 21:06:12,893] Set random seed to 42 for model initialization
[2026-10-07 21:06:12,902] Created Language Model
[2026-10-07 21:06:12,902] Trainable parameters: 22,688 / 22,688 (100.00%)
[2026-10-07 21:06:12,902] Created Optimizer
[2026-10-07 21:06:12,902] Wrapped optimizer with DistributedOptimizer (bucket_cap=25.0MB)
[2026-10-07 21:06:12,902] Skipping parallelism wrapping (single GPU, no FSDP)
[2026-10-07 21:06:12,903] Resources acquired successfully.
[2026-10-07 21:06:12,905] Loading checkpoint from /tmp/ironcore-remediation-final-validation-v2/distopt-bf16/pretrain/full_resume/checkpoint/step_2
[2026-10-07 21:06:12,913] Loading optimizer state dict.
[2026-10-07 21:06:12,914] Checkpoint loaded successfully. Resuming training at step 2. Total time: 0.01s
[2026-10-07 21:06:12,914] Successfully loaded checkpoint: /tmp/ironcore-remediation-final-validation-v2/distopt-bf16/pretrain/full_resume/checkpoint (resuming from step 2)
[2026-10-07 21:06:12,914] Skipping 2 consumed micro-batches to resume data position (16 samples on this rank).
[2026-10-07 21:06:12,916] Training start from step: 2
[2026-10-07 21:06:13,305] step: 3, loss: 3.3476, lr: 0.000100, grad_norm: 1.9698, step_time: 0.389s (avg: 0.390s), tok/s: 328.7 (avg: 328.6), TFLOPS/s/GPU: 0.00 (avg: 0.00)
[2026-10-07 21:06:13,313] step: 4, loss: 3.3363, lr: 0.000100, grad_norm: 1.9666, step_time: 0.007s (avg: 0.199s), tok/s: 17070.1 (avg: 644.5), TFLOPS/s/GPU: 0.00 (avg: 0.00)
[2026-10-07 21:06:13,319] Skipping HF config: hf_model_type/hf_architecture not set
[2026-10-07 21:06:13,319] Saving checkpoint to /tmp/ironcore-remediation-final-validation-v2/distopt-bf16/pretrain/full_resume/checkpoint/step_4
[2026-10-07 21:06:13,334] Checkpoint saved successfully. Checkpoint saved in 0.013s
[2026-10-07 21:06:13,334] Total training time: 0.00 hours
[2026-10-07 21:06:13,334] Finishing training
