[2026-10-07 20:22:36,738] GRPOTrainer initialized with group_size=4, beta=0.1, gen_kwargs={'max_new_tokens': 4, 'temperature': 1.0, 'top_p': 1.0, 'top_k': 0, 'do_sample': True}, use_chat_template=False, system_prompt=none
[2026-10-07 20:22:36,738] Acquiring training resources...
[2026-10-07 20:22:36,738] Initialize torch distributed ... 
[2026-10-07 20:22:36,992] Loading evaluation tasks
[2026-10-07 20:22:36,993] Set random seed to 42 for model initialization
[2026-10-07 20:22:37,003] Created Language Model
[2026-10-07 20:22:37,010] Trainable parameters: 29,088 / 29,088 (100.00%)
[2026-10-07 20:22:37,010] Created Optimizer
[2026-10-07 20:22:37,042] Dense FLOP estimate disabled for MoE; use measured tokens/s.
[2026-10-07 20:22:37,042] Resources acquired successfully.
[2026-10-07 20:22:37,081] Training start from scratch
[2026-10-07 20:22:37,082] Creating reference model for GRPO...
[2026-10-07 20:22:37,082] Creating reference model from policy weights...
[2026-10-07 20:22:37,086] Reference model created on GPU (device=cuda:0)
[2026-10-07 20:22:37,086] [VRAM] After ref model creation: allocated=0.00 GB, reserved=0.00 GB
[2026-10-07 20:22:37,086] Initializing reward worker via RewardManager...
[2026-10-07 20:22:37,086] Training start from step: 0
[2026-10-07 20:22:37,407] [VRAM] After rollout: peak=0.03 GB
[2026-10-07 20:22:37,439] [VRAM] After ref log probs: peak=0.03 GB
[2026-10-07 20:22:37,651] [VRAM] After optimizer step: peak=0.06 GB
[2026-10-07 20:22:37,651] step: 1, loss: -0.0542, lr: 0.000232, grad_norm: 3.3731, step_time: 0.564s (avg: 0.565s), tok/s: 226.9 (avg: 226.7)
[2026-10-07 20:22:37,660] [VRAM] After rollout: peak=0.06 GB
[2026-10-07 20:22:37,671] [VRAM] After ref log probs: peak=0.06 GB
[2026-10-07 20:22:37,721] [VRAM] After optimizer step: peak=0.06 GB
[2026-10-07 20:22:37,721] step: 1, grpo_loss: -0.0101, policy_loss: -0.0121, kl_loss: 0.0020, mean_reward: 0.7500, mean_ratio: 1.0055, clip_frac: 0.000
[2026-10-07 20:22:37,721] step: 2, loss: -0.0101, lr: 0.000100, grad_norm: 3.7386, step_time: 0.069s (avg: 0.317s), tok/s: 1852.6 (avg: 403.5)
[2026-10-07 20:22:37,770] [VRAM] After rollout: peak=0.06 GB
[2026-10-07 20:22:37,781] [VRAM] After ref log probs: peak=0.06 GB
[2026-10-07 20:22:37,831] [VRAM] After optimizer step: peak=0.06 GB
[2026-10-07 20:22:37,831] step: 2, grpo_loss: -0.0019, policy_loss: -0.0052, kl_loss: 0.0033, mean_reward: 0.7500, mean_ratio: 1.0024, clip_frac: 0.000
[2026-10-07 20:22:37,832] step: 3, loss: -0.0019, lr: 0.000100, grad_norm: 3.5703, step_time: 0.070s (avg: 0.248s), tok/s: 1822.1 (avg: 515.4)
[2026-10-07 20:22:37,840] [VRAM] After rollout: peak=0.06 GB
[2026-10-07 20:22:37,851] [VRAM] After ref log probs: peak=0.06 GB
[2026-10-07 20:22:37,902] [VRAM] After optimizer step: peak=0.06 GB
[2026-10-07 20:22:37,903] step: 3, grpo_loss: -0.0019, policy_loss: -0.0053, kl_loss: 0.0033, mean_reward: 0.7500, mean_ratio: 1.0024, clip_frac: 0.000
[2026-10-07 20:22:37,903] step: 4, loss: -0.0019, lr: 0.000100, grad_norm: 3.5830, step_time: 0.070s (avg: 0.204s), tok/s: 1817.8 (avg: 627.3)
[2026-10-07 20:22:37,945] Total training time: 0.00 hours
[2026-10-07 20:22:37,945] Finishing training
[2026-10-07 20:22:37,978] GRPO evaluation at step 4: {'eval/mean_reward': 0.75, 'eval/positive_reward_rate': 1.0}
