[2026-10-07 20:31:44,936] GRPOTrainer initialized with group_size=4, beta=0.1, gen_kwargs={'max_new_tokens': 4, 'temperature': 1.0, 'top_p': 1.0, 'top_k': 0, 'do_sample': True}, use_chat_template=False, system_prompt=none
[2026-10-07 20:31:44,936] Acquiring training resources...
[2026-10-07 20:31:44,936] Initialize torch distributed ... 
[2026-10-07 20:31:45,169] Loading evaluation tasks
[2026-10-07 20:31:45,171] Set random seed to 42 for model initialization
[2026-10-07 20:31:45,181] Created Language Model
[2026-10-07 20:31:45,182] Trainable parameters: 41,376 / 41,376 (100.00%)
[2026-10-07 20:31:45,182] Created Optimizer
[2026-10-07 20:31:45,182] Skipping parallelism wrapping (single GPU, no FSDP)
[2026-10-07 20:31:45,182] Dense FLOP estimate disabled for MoE; use measured tokens/s.
[2026-10-07 20:31:45,182] Resources acquired successfully.
[2026-10-07 20:31:45,185] Training start from scratch
[2026-10-07 20:31:45,185] Creating reference model for GRPO...
[2026-10-07 20:31:45,185] Creating reference model from policy weights...
[2026-10-07 20:31:45,190] Reference model created on GPU (device=cuda:0)
[2026-10-07 20:31:45,190] [VRAM] After ref model creation: allocated=0.00 GB, reserved=0.00 GB
[2026-10-07 20:31:45,190] Initializing reward worker via RewardManager...
[2026-10-07 20:31:45,191] Training start from step: 0
[2026-10-07 20:31:45,457] [VRAM] After rollout: peak=0.03 GB
[2026-10-07 20:31:45,484] [VRAM] After ref log probs: peak=0.03 GB
[2026-10-07 20:31:45,636] [VRAM] After optimizer step: peak=0.07 GB
[2026-10-07 20:31:45,636] step: 1, loss: -0.0542, lr: 0.000232, grad_norm: 3.3731, step_time: 0.445s (avg: 0.445s), tok/s: 287.7 (avg: 287.5)
[2026-10-07 20:31:45,640] [VRAM] After rollout: peak=0.07 GB
[2026-10-07 20:31:45,646] [VRAM] After ref log probs: peak=0.07 GB
[2026-10-07 20:31:45,672] [VRAM] After optimizer step: peak=0.07 GB
[2026-10-07 20:31:45,672] step: 1, grpo_loss: -0.0101, policy_loss: -0.0121, kl_loss: 0.0020, mean_reward: 0.7500, mean_ratio: 1.0055, clip_frac: 0.000
[2026-10-07 20:31:45,672] step: 2, loss: -0.0101, lr: 0.000100, grad_norm: 3.7386, step_time: 0.035s (avg: 0.241s), tok/s: 3609.2 (avg: 532.1)
[2026-10-07 20:31:45,686] Skipping HF config: hf_model_type/hf_architecture not set
[2026-10-07 20:31:45,686] Saving checkpoint to /tmp/ironcore-remediation-distributed-v3/batched-moe/grpo/full_resume/checkpoint/step_2
[2026-10-07 20:31:45,699] Checkpoint saved successfully. Checkpoint saved in 0.011s
[2026-10-07 20:31:45,699] Training stopped by exit interval: 2
[2026-10-07 20:31:45,699] Total training time: 0.00 hours
[2026-10-07 20:31:45,699] Finishing training
[2026-10-07 20:31:45,712] GRPO evaluation at step 4: {'eval/mean_reward': 0.75, 'eval/positive_reward_rate': 1.0}
[2026-10-07 20:31:53,335] GRPOTrainer initialized with group_size=4, beta=0.1, gen_kwargs={'max_new_tokens': 4, 'temperature': 1.0, 'top_p': 1.0, 'top_k': 0, 'do_sample': True}, use_chat_template=False, system_prompt=none
[2026-10-07 20:31:53,335] Acquiring training resources...
[2026-10-07 20:31:53,335] Initialize torch distributed ... 
[2026-10-07 20:31:53,557] Loading evaluation tasks
[2026-10-07 20:31:53,558] Set random seed to 42 for model initialization
[2026-10-07 20:31:53,571] Created Language Model
[2026-10-07 20:31:53,571] Trainable parameters: 41,376 / 41,376 (100.00%)
[2026-10-07 20:31:53,571] Created Optimizer
[2026-10-07 20:31:53,572] Skipping parallelism wrapping (single GPU, no FSDP)
[2026-10-07 20:31:53,572] Dense FLOP estimate disabled for MoE; use measured tokens/s.
[2026-10-07 20:31:53,572] Resources acquired successfully.
[2026-10-07 20:31:53,574] Loading checkpoint from /tmp/ironcore-remediation-distributed-v3/batched-moe/grpo/full_resume/checkpoint/step_2
[2026-10-07 20:31:53,590] Loading optimizer state dict.
[2026-10-07 20:31:53,591] Checkpoint loaded successfully. Resuming training at step 2. Total time: 0.02s
[2026-10-07 20:31:53,591] Successfully loaded checkpoint: /tmp/ironcore-remediation-distributed-v3/batched-moe/grpo/full_resume/checkpoint (resuming from step 2)
[2026-10-07 20:31:53,591] Creating reference model for GRPO...
[2026-10-07 20:31:53,591] Creating reference model from policy weights...
[2026-10-07 20:31:53,597] Reference model created on GPU (device=cuda:0)
[2026-10-07 20:31:53,597] [VRAM] After ref model creation: allocated=0.00 GB, reserved=0.00 GB
[2026-10-07 20:31:53,597] Initializing reward worker via RewardManager...
[2026-10-07 20:31:53,602] Training start from step: 2
[2026-10-07 20:31:53,876] [VRAM] After rollout: peak=0.03 GB
[2026-10-07 20:31:53,903] [VRAM] After ref log probs: peak=0.03 GB
[2026-10-07 20:31:54,048] [VRAM] After optimizer step: peak=0.07 GB
[2026-10-07 20:31:54,049] step: 2, grpo_loss: -0.0019, policy_loss: -0.0052, kl_loss: 0.0033, mean_reward: 0.7500, mean_ratio: 1.0024, clip_frac: 0.000
[2026-10-07 20:31:54,049] step: 3, loss: -0.0019, lr: 0.000100, grad_norm: 3.5703, step_time: 0.446s (avg: 0.447s), tok/s: 286.9 (avg: 286.5)
[2026-10-07 20:31:54,053] [VRAM] After rollout: peak=0.07 GB
[2026-10-07 20:31:54,059] [VRAM] After ref log probs: peak=0.07 GB
[2026-10-07 20:31:54,085] [VRAM] After optimizer step: peak=0.07 GB
[2026-10-07 20:31:54,086] step: 3, grpo_loss: -0.0019, policy_loss: -0.0053, kl_loss: 0.0033, mean_reward: 0.7500, mean_ratio: 1.0024, clip_frac: 0.000
[2026-10-07 20:31:54,086] step: 4, loss: -0.0019, lr: 0.000100, grad_norm: 3.5830, step_time: 0.037s (avg: 0.242s), tok/s: 3499.4 (avg: 529.3)
[2026-10-07 20:31:54,099] Skipping HF config: hf_model_type/hf_architecture not set
[2026-10-07 20:31:54,099] Saving checkpoint to /tmp/ironcore-remediation-distributed-v3/batched-moe/grpo/full_resume/checkpoint/step_4
[2026-10-07 20:31:54,116] Checkpoint saved successfully. Checkpoint saved in 0.011s
[2026-10-07 20:31:54,116] Total training time: 0.00 hours
[2026-10-07 20:31:54,116] Finishing training
[2026-10-07 20:31:54,128] GRPO evaluation at step 4: {'eval/mean_reward': 0.75, 'eval/positive_reward_rate': 1.0}
